11-24 10:39:13.085: I/SendBroadcastPermission(2079): action:com.android.keyguard.intent.action.ACTION_LYRICS, mPermissionType:0
11-24 10:39:13.085: D/PhoneStatusBar/NavigationBarView(2057): setDisabledFlags home button, disableHome:false,disableSearch:false
11-24 10:39:13.085: I/HwMtmBroadcastResourceManager(1180): removeReceiver mtm Broadcast
11-24 10:39:13.085: W/ActivityManager(1180): getRunningAppProcesses: caller 10264 does not hold REAL_GET_TASKS; limiting output
11-24 10:39:13.085: I/HwMtmBroadcastResourceManager(1180): removeReceiver mtm Broadcast
11-24 10:39:13.095: I/CameraLayout(2079): onDetachedFromWindow
11-24 10:39:13.095: D/KeyguardMultiUserSelectorView(2079): KeyguardMultiUserSelectorView onDetachedFromWindow
11-24 10:39:13.095: D/HwNotification(2079): HwNotificationView onDetachedFromWindow
11-24 10:39:13.095: W/HwNotification(2079): setDisplayView linearlayout is nulll
11-24 10:39:13.095: W/View(2057): requestLayout() improperly called by com.android.systemui.statusbar.phone.IconMerger{921f7bd V.E...... ......ID 0,0-54,72 #7f1000c3 app:id/notificationIcons} during layout: running second layout pass
11-24 10:39:13.095: E/HwSystemManager(2101): TrafficNotifyAfterLocked:screen notification will not notify
11-24 10:39:13.095: D/fpc_fingerprint_hal(458): workerFunction enable Navigation and set InNAV to true when other worker is idle
11-24 10:39:13.095: D/fpc_fingerprint_hal(458): worker idle
11-24 10:39:13.095: I/HwMtmBroadcastResourceManager(1180): removeReceiver mtm Broadcast
11-24 10:39:13.095: W/ActivityManager(1180): getRunningAppProcesses: caller 10264 does not hold REAL_GET_TASKS; limiting output
11-24 10:39:13.105: I/KeyguardUpdateMonitor(2079): KGSvcCall Finger onAuthenticationError MsgId = 5
11-24 10:39:13.105: I/KeyguardUpdateMonitor(2079):  handleFingerprintError() msgId=5
11-24 10:39:13.105: D/KeyguardViewMediator(2079): handleFingerTurnOnScreen
11-24 10:39:13.105: I/KeyguardFingerprint.Validation(2079): turn on screen:false
11-24 10:39:13.105: I/KeyguardFingerprint.Validation(2079): FpUtils.getNeedScreenOn():true
11-24 10:39:13.105: W/View(2057): requestLayout() improperly called by com.android.systemui.statusbar.phone.IconMerger{921f7bd V.E...... ........ 0,0-54,72 #7f1000c3 app:id/notificationIcons} during second layout pass: posting in next frame
11-24 10:39:13.105: D/LogUpload Service(29915): lstUploadInfo.size()0
11-24 10:39:13.105: E/Utils(29915): release: release wake and wifi lock!
11-24 10:39:13.105: D/Utils(29915): 
11-24 10:39:13.105: D/Utils(29915):  :myPid: 29915
11-24 10:39:13.105: D/LogUpload Service(29915): onDestroy()
11-24 10:39:13.105: W/ContextImpl(29915): Calling a method in the system process without a qualified user: android.app.ContextImpl.stopService:1384 android.content.ContextWrapper.stopService:586 com.huawei.logupload.util.Utils$MyHandler.handleMessage:832 android.os.Handler.dispatchMessage:102 android.os.Looper.loop:150 
11-24 10:39:13.105: W/ContextImpl(29915): Calling a method in the system process without a qualified user: android.app.ContextImpl.stopService:1384 android.content.ContextWrapper.stopService:586 com.huawei.logupload.util.Utils$MyHandler.handleMessage:833 android.os.Handler.dispatchMessage:102 android.os.Looper.loop:150 
11-24 10:39:13.115: D/HwCust(1180): Create obj success use class android.content.res.HwCustHwResourcesImpl
11-24 10:39:13.115: E/HwSystemManager(2101): SimCardMethod:/getSimCardInfo: imsi is null
11-24 10:39:13.115: W/System(30205): ClassLoader referenced unknown path: /system/framework/tcmclient.jar
11-24 10:39:13.125: I/System(30205): core_booster, getBoosterConfig = false
11-24 10:39:13.135: I/HwSystemManager(2101): NormalTrafficAnalysis:alert byte = 0 last alert byte = 0
11-24 10:39:13.135: E/HwSystemManager(2101): NormalTrafficAnalysis:alert byte = 0, so return
11-24 10:39:13.145: I/HwSystemManager(2101): TafficState:default sub id = 0slotIndex = 0 subscriptionId = 0
11-24 10:39:13.145: I/MobclickAgent(30205): status code : 200
11-24 10:39:13.145: I/MobclickAgent(30205): Sent message to http://alog.umeng.com/app_logs
11-24 10:39:13.145: I/MobclickAgent(30205): send log:succeed
11-24 10:39:13.155: E/HwSystemManager(2101): LeisureTrafficSetting:result is empty
11-24 10:39:13.165: I/HwSystemManager(2101): NatTrafficNotifyService:delta byte = 0 no traffic delta = 0Traffic state is 301
11-24 10:39:13.185: I/HwSystemManager(2101): ExtraTrafficSetting:result is empty
11-24 10:39:13.185: D/HwCust(1180): Create obj success use class android.content.res.HwCustHwResourcesImpl
11-24 10:39:13.185: D/PhoneStatusBar(2057): setSystemUiVisibility vis=0 mask=ffffffff oldVal=40e0070a newVal=0 diff=40e0070a
11-24 10:39:13.185: D/PhoneStatusBar(2057): sbMode=0, nbMode=-1mStatusBarMode=2, mNavigationBarMode=0
11-24 10:39:13.185: D/BarTransitions.PhoneStatusBarView(2057): MODE_TRANSLUCENT -> MODE_OPAQUE animate=false
11-24 10:39:13.185: D/BarTransitions.PhoneStatusBarView(2057): applyModeBackground MODE_OPAQUE animate=false,mGradientBackground=true
11-24 10:39:13.185: D/BarTransitions.PhoneStatusBarView(2057): Show color layer
11-24 10:39:13.185: D/BarTransitions.NavigationBarView(2057): MODE_OPAQUE -> MODE_OPAQUE animate=false
11-24 10:39:13.185: D/TintManager(2057): updateBarTint
11-24 10:39:13.185: D/HwGpsPowerTracker(1180): ACTION_BATTERY_CHANGED pluggedType: 2
11-24 10:39:13.185: I/KeyguardUpdateMonitor(2079): KGSvcCall TrustManager ManagedChanged 0 managed
11-24 10:39:13.185: I/KeyguardUpdateMonitor(2079): KGSvcCall TrustManager TrustChanged 0 enabled
11-24 10:39:13.185: D/WifiService(1180): onReceive, action:android.intent.action.USER_PRESENT
11-24 10:39:13.185: D/WifiService(1180): onReceive, action:android.intent.action.BATTERY_CHANGED
11-24 10:39:13.185: D/WifiService(1180): ACTION_BATTERY_CHANGED pluggedType: 2
11-24 10:39:13.195: I/Bluetooth(3518): HeadsetStateMachine:Disconnected process message: 10, size: 0
11-24 10:39:13.195: D/HwPowerMonitor.Utils(3126): ScrOff setChargingState mIsCharging = true
11-24 10:39:13.195: I/HwPowerMonitor.PowerExceptionObservable(3126): unhandled onEvent actionID: 3002
11-24 10:39:13.195: W/HwPowerMonitor.DayActObserver(3126): mModemLogStatsTimes = 0, ModemLogState = 0
11-24 10:39:13.195: W/HwPowerMonitor.DayActObserver(3126): BAT_CHANGED, mIsScrnOffBatStatsEnabled = true, mIsCharging = true, mIsScrnOfBatDropMonitorStart = false
11-24 10:39:13.205: I/HwSystemManager(2101): NormalTraffic:updateBytes total limit = 1174426292 warn = 939541033 used = 176714572
11-24 10:39:13.205: D/PowerUI(2057): level:69-->69 status:2-->2 plugType:2-->2 invalidCharger:0-->0 bucket:1-->1 plugged:true-->true
11-24 10:39:13.205: I/HwSystemManager(2101): ITrafficInfo:ITrafficInfo create 301updateBytes = 176714572
11-24 10:39:13.775: I/LightSensor(1180): read Events lux:  5.0
11-24 10:39:15.095: I/NetworkSpeedManagerEx(2057): mIsStop = false
11-24 10:39:15.095: D/NetworkSpeedManagerEx(2057): doInBackground
11-24 10:39:15.095: D/NetworkSpeedManagerEx(2057): onPostExecute
11-24 10:39:15.095: I/NetworkSpeedManagerEx(2057):  value = 1655.6666
11-24 10:39:15.095: I/NetworkSpeedManagerEx(2057): speed = 1.6K/s
11-24 10:39:15.095: I/NetworkSpeedView(2057): /update(), speed=1.6K/s
11-24 10:39:15.405: D/HwArpVerifier(1180): performPollAndLog:
11-24 10:39:15.425: D/hw_netstat(1180): total/1618/2068,zmsoft.rest.supply/1176/2068,unknown:0/442/0
11-24 10:39:15.645: D/WifiHW(1180): wifi_send_command: cmd:'IFNAME=wlan0 SIGNAL_POLL'
11-24 10:39:15.645: D/wpa_supplicant(24057): wlan0: Control interface command 'SIGNAL_POLL'
11-24 10:39:15.655: E/wpa_supplicant(24057): RSSI=-61;LINKSPEED=65;NOISE=9999;FREQUENCY=2437;
11-24 10:39:15.655: D/wpa_supplicant(24057): CTRL-DEBUG: global_ctrl_sock-sendto: sock=16 sndbuf=212992 outq=0 send_len=48
11-24 10:39:15.655: E/WifiConfigStore(1180): updateConfiguration freq=2437 BSSID=00:06:f4:c7:1f:41 RSSI=-60 "3.2dfire"WPA_PSK
11-24 10:39:16.185: D/HwBatteryService(1180): onUEvent fcp_values = 0
11-24 10:39:16.195: I/Bluetooth(3518): HeadsetStateMachine:Disconnected process message: 10, size: 0
11-24 10:39:16.195: D/HwGpsPowerTracker(1180): ACTION_BATTERY_CHANGED pluggedType: 2
11-24 10:39:16.195: D/WifiService(1180): onReceive, action:android.intent.action.BATTERY_CHANGED
11-24 10:39:16.195: D/WifiService(1180): ACTION_BATTERY_CHANGED pluggedType: 2
11-24 10:39:16.205: D/PowerUI(2057): level:69-->69 status:2-->2 plugType:2-->2 invalidCharger:0-->0 bucket:1-->1 plugged:true-->true
11-24 10:39:16.205: D/HwPowerMonitor.Utils(3126): ScrOff setChargingState mIsCharging = true
11-24 10:39:16.205: I/HwPowerMonitor.PowerExceptionObservable(3126): unhandled onEvent actionID: 3002
11-24 10:39:16.205: W/HwPowerMonitor.DayActObserver(3126): mModemLogStatsTimes = 0, ModemLogState = 0
11-24 10:39:16.205: W/HwPowerMonitor.DayActObserver(3126): BAT_CHANGED, mIsScrnOffBatStatsEnabled = true, mIsCharging = true, mIsScrnOfBatDropMonitorStart = false
11-24 10:39:16.635: E/HwPowerMonitor.Utils(3126): ERROR reading null
11-24 10:39:16.635: E/HwPowerMonitor.Utils(3126): ERROR reading null
11-24 10:39:16.635: E/HwPowerMonitor.Utils(3126): ERROR reading null
11-24 10:39:16.635: E/HwPowerMonitor.Utils(3126): ERROR reading null
11-24 10:39:16.635: E/HwPowerMonitor.Utils(3126): ERROR reading null
11-24 10:39:16.635: E/HwPowerMonitor.Utils(3126): ERROR reading null
11-24 10:39:16.635: E/HwPowerMonitor.Utils(3126): ERROR reading null
11-24 10:39:16.635: E/HwPowerMonitor.Utils(3126): ERROR reading null
11-24 10:39:16.635: E/HwPowerMonitor.Utils(3126): ERROR reading null
11-24 10:39:16.635: E/HwPowerMonitor.Utils(3126): ERROR reading null
11-24 10:39:16.635: E/HwPowerMonitor.Utils(3126): ERROR reading null
11-24 10:39:16.635: E/HwPowerMonitor.Utils(3126): ERROR reading null
11-24 10:39:16.635: E/HwPowerMonitor.Utils(3126): ERROR reading null
11-24 10:39:16.635: E/HwPowerMonitor.Utils(3126): ERROR reading null
11-24 10:39:16.635: E/HwPowerMonitor.Utils(3126): ERROR reading null
11-24 10:39:16.635: E/HwPowerMonitor.Utils(3126): ERROR reading null
11-24 10:39:16.635: E/HwPowerMonitor.Utils(3126): ERROR reading null
11-24 10:39:16.635: E/HwPowerMonitor.Utils(3126): ERROR reading null
11-24 10:39:16.765: I/MSM-irqbalance(512): Decided to move IRQ177 from CPU5 to CPU6
11-24 10:39:18.095: I/NetworkSpeedManagerEx(2057): mIsStop = false
11-24 10:39:18.095: D/NetworkSpeedManagerEx(2057): doInBackground
11-24 10:39:18.095: D/NetworkSpeedManagerEx(2057): onPostExecute
11-24 10:39:18.095: I/NetworkSpeedManagerEx(2057):  value = 1535.3334
11-24 10:39:18.095: I/NetworkSpeedManagerEx(2057): speed = 1.5K/s
11-24 10:39:18.095: I/NetworkSpeedView(2057): /update(), speed=1.5K/s
11-24 10:39:18.635: I/SendBroadcastPermission(1180): action:android.intent.action.SIG_STR, mPermissionType:0
11-24 10:39:18.635: I/MQoS(1180): onSignal: mSubId=1,currDataSubID=0
11-24 10:39:18.635: I/MQoS(1180): received cell-signal:1
11-24 10:39:18.665: D/WifiHW(1180): wifi_send_command: cmd:'IFNAME=wlan0 SIGNAL_POLL'
11-24 10:39:18.665: D/wpa_supplicant(24057): wlan0: Control interface command 'SIGNAL_POLL'
11-24 10:39:18.665: E/wpa_supplicant(24057): RSSI=-62;LINKSPEED=65;NOISE=9999;FREQUENCY=2437;
11-24 10:39:18.665: D/wpa_supplicant(24057): CTRL-DEBUG: global_ctrl_sock-sendto: sock=16 sndbuf=212992 outq=0 send_len=48
11-24 10:39:18.665: E/WifiConfigStore(1180): updateConfiguration freq=2437 BSSID=00:06:f4:c7:1f:41 RSSI=-61 "3.2dfire"WPA_PSK
11-24 10:39:19.355: I/SendBroadcastPermission(1180): action:android.intent.action.SIG_STR, mPermissionType:0
11-24 10:39:19.355: I/MQoS(1180): onSignal: mSubId=0,currDataSubID=0
11-24 10:39:19.355: I/MQoS(1180): received cell-signal:5
11-24 10:39:19.355: D/NetworkController.MobileSignalController(0)(2057): mSimSubId:0 onSignalStrengthsChanged signalStrength=SignalStrength: -1 0 -1 255 -53 -70 -1 255 255 27 -82 -3 300 2147483647 true gw|lte level=4
11-24 10:39:19.355: D/NetworkController.MobileSignalController(0)(2057):  mDataNetType:13 indexOfkey:11 iconGroup.mName:4G roaming:false
11-24 10:39:19.365: I/HwCustMobileSignalControllerImpl(2057): subId:0 phoneType:2 networktype:13 targetClass:3 masterLevel:4 slaveLevel:4
11-24 10:39:20.425: D/HwArpVerifier(1180): performPollAndLog:
11-24 10:39:20.445: D/hw_netstat(1180): total/708/0,unknown:0/708/0
11-24 10:39:21.105: I/NetworkSpeedManagerEx(2057): mIsStop = false
11-24 10:39:21.105: D/NetworkSpeedManagerEx(2057): doInBackground
11-24 10:39:21.105: D/NetworkSpeedManagerEx(2057): onPostExecute
11-24 10:39:21.105: I/NetworkSpeedManagerEx(2057):  value = 1522.6666
11-24 10:39:21.105: I/NetworkSpeedManagerEx(2057): speed = 1.5K/s
11-24 10:39:21.105: I/NetworkSpeedView(2057): /update(), speed=1.5K/s
11-24 10:39:21.455: W/AlarmManager(1180): WAKEUP alarm trigger action = com.huawei.intent.action.PUSH elapsed = 507408854
11-24 10:39:21.455: I/PushLog2615(6708): [main-1]action is com.huawei.intent.action.PUSH(android/null:-1)
11-24 10:39:21.455: E/BastetManager(6708): Failed to get bastet service
11-24 10:39:21.465: D/HwBastet(6708): mMobileEnable = false, mIs3gNetwork = false
11-24 10:39:21.465: W/PushLog2615(6708): [ReceiverDispatcher-193]init bastet error(android/null:-1)
11-24 10:39:21.465: W/PushLog2615(6708): java.lang.NullPointerException: Attempt to invoke interface method 'int com.huawei.android.bastet.IBastetManager.prepareHeartbeatProxy(int, com.huawei.android.bastet.IBastetListener)' on a null object reference
11-24 10:39:21.465: W/PushLog2615(6708): 	at com.huawei.android.bastet.HwBastet.prepareHeartbeatProxy(HwBastet.java:365)
11-24 10:39:21.465: W/PushLog2615(6708): 	at com.huawei.android.bastet.HwBastet.<init>(HwBastet.java:107)
11-24 10:39:21.465: W/PushLog2615(6708): 	at com.huawei.android.pushagent.utils.bastet.PushBastet.bV(Unknown Source)
11-24 10:39:21.465: W/PushLog2615(6708): 	at com.huawei.android.pushagent.utils.bastet.PushBastet.bU(Unknown Source)
11-24 10:39:21.465: W/PushLog2615(6708): 	at w.bk(Unknown Source)
11-24 10:39:21.465: W/PushLog2615(6708): 	at com.huawei.android.pushagent.model.channel.ChannelMgr.c(Unknown Source)
11-24 10:39:21.465: W/PushLog2615(6708): 	at af.onReceive(Unknown Source)
11-24 10:39:21.465: W/PushLog2615(6708): 	at e.run(Unknown Source)
11-24 10:39:21.465: W/PushLog2615(6708): 	at android.os.Handler.handleCallback(Handler.java:743)
11-24 10:39:21.465: W/PushLog2615(6708): 	at android.os.Handler.dispatchMessage(Handler.java:95)
11-24 10:39:21.465: W/PushLog2615(6708): 	at android.os.Looper.loop(Looper.java:150)
11-24 10:39:21.465: W/PushLog2615(6708): 	at c.run(Unknown Source)
11-24 10:39:21.465: I/PushLog2615(6708): [ReceiverDispatcher-193]resetBastet(android/null:-1)
11-24 10:39:21.465: I/PushLog2615(6708): [ReceiverDispatcher-193]init push bastet failed!(android/null:-1)
11-24 10:39:21.485: I/PushLog2615(6708): [ReceiverDispatcher-193]read to Send:DA(android/null:-1)
11-24 10:39:21.485: I/PushLog2615(6708): [ReceiverDispatcher-193]send msg to remote srv success(android/null:-1)
11-24 10:39:21.535: D/PacketsControl(3101): wifi connected. do nothing.
11-24 10:39:21.675: D/WifiHW(1180): wifi_send_command: cmd:'IFNAME=wlan0 SIGNAL_POLL'
11-24 10:39:21.675: D/wpa_supplicant(24057): wlan0: Control interface command 'SIGNAL_POLL'
11-24 10:39:21.675: E/wpa_supplicant(24057): RSSI=-60;LINKSPEED=65;NOISE=9999;FREQUENCY=2437;
11-24 10:39:21.675: D/wpa_supplicant(24057): CTRL-DEBUG: global_ctrl_sock-sendto: sock=16 sndbuf=212992 outq=0 send_len=48
11-24 10:39:21.675: E/WifiConfigStore(1180): updateConfiguration freq=2437 BSSID=00:06:f4:c7:1f:41 RSSI=-60 "3.2dfire"WPA_PSK
11-24 10:39:21.765: I/MSM-irqbalance(512): Decided to move IRQ130 from CPU5 to CPU6
11-24 10:39:23.795: I/LightSensor(1180): read Events lux:  8.0
11-24 10:39:24.105: I/NetworkSpeedManagerEx(2057): mIsStop = false
11-24 10:39:24.105: D/NetworkSpeedManagerEx(2057): doInBackground
11-24 10:39:24.105: D/NetworkSpeedManagerEx(2057): onPostExecute
11-24 10:39:24.105: I/NetworkSpeedManagerEx(2057):  value = 1494.6666
11-24 10:39:24.105: I/NetworkSpeedManagerEx(2057): speed = 1.5K/s
11-24 10:39:24.105: I/NetworkSpeedView(2057): /update(), speed=1.5K/s
11-24 10:39:24.685: D/WifiHW(1180): wifi_send_command: cmd:'IFNAME=wlan0 SIGNAL_POLL'
11-24 10:39:24.685: D/wpa_supplicant(24057): wlan0: Control interface command 'SIGNAL_POLL'
11-24 10:39:24.695: E/wpa_supplicant(24057): RSSI=-59;LINKSPEED=65;NOISE=9999;FREQUENCY=2437;
11-24 10:39:24.695: D/wpa_supplicant(24057): CTRL-DEBUG: global_ctrl_sock-sendto: sock=16 sndbuf=212992 outq=0 send_len=48
11-24 10:39:24.695: E/WifiConfigStore(1180): updateConfiguration freq=2437 BSSID=00:06:f4:c7:1f:41 RSSI=-59 "3.2dfire"WPA_PSK
11-24 10:39:25.335: D/HwArpVerifier(1180): check_wifi_state_mode = 0 mCheckStateToken=225 token225
11-24 10:39:25.335: D/HwArpVerifier(1180): 10.1.130.176     0x1         0x2         68:3e:34:59:a3:9c     *        wlan0
11-24 10:39:25.335: D/HwArpVerifier(1180): 10.1.130.224     0x1         0x2         68:3e:34:d2:11:55     *        wlan0
11-24 10:39:25.335: D/HwArpVerifier(1180): 10.1.130.11      0x1         0x2         b4:ce:f6:96:05:47     *        wlan0
11-24 10:39:25.335: D/HwArpVerifier(1180): 10.1.130.136     0x1         0x2         68:3e:34:2a:38:ee     *        wlan0
11-24 10:39:25.335: D/HwArpVerifier(1180): 10.1.130.1       0x1         0x6         04:27:58:53:27:a6     *        wlan0
11-24 10:39:25.335: D/wifiserviceimpl(1180): netmask =16777215
11-24 10:39:25.335: D/HwArpVerifier(1180): ARP wlan0,addr: /10.1.130.230
11-24 10:39:25.365: I/SendBroadcastPermission(1180): action:android.intent.action.SIG_STR, mPermissionType:0
11-24 10:39:25.365: I/MQoS(1180): onSignal: mSubId=0,currDataSubID=0
11-24 10:39:25.365: I/MQoS(1180): received cell-signal:5
11-24 10:39:25.365: D/NetworkController.MobileSignalController(0)(2057): mSimSubId:0 onSignalStrengthsChanged signalStrength=SignalStrength: -1 0 -1 255 -55 -70 -1 255 255 27 -83 -3 300 2147483647 true gw|lte level=4
11-24 10:39:25.365: D/NetworkController.MobileSignalController(0)(2057):  mDataNetType:13 indexOfkey:11 iconGroup.mName:4G roaming:false
11-24 10:39:25.365: I/HwCustMobileSignalControllerImpl(2057): subId:0 phoneType:2 networktype:13 targetClass:3 masterLevel:4 slaveLevel:4
11-24 10:39:25.375: D/HWMultiGW(1180): setGateWay 10.1.130.1
11-24 10:39:26.455: D/HwArpVerifier(1180): There are 1 mac address for gateway 
11-24 10:39:26.455: D/HwArpVerifier(1180): mac is static ARP: 04:27:58:53:27:a6
11-24 10:39:26.455: D/HwArpVerifier(1180): from HEART_CHECK transmit to state:HEART_CHECK
11-24 10:39:26.455: D/HwArpVerifier(1180): msg what=124 arg1(token)=225 arg2(mode)=0 delay=30000
11-24 10:39:26.455: D/HwArpVerifier(1180): performPollAndLog:
11-24 10:39:26.465: D/hw_netstat(1180): total/1586/808,zmsoft.rest.supply/717/685,unknown:0/798/0,android.uid.system:1000/71/123
11-24 10:39:26.635: E/HwPowerMonitor.Utils(3126): ERROR reading null
11-24 10:39:26.635: E/HwPowerMonitor.Utils(3126): ERROR reading null
11-24 10:39:26.635: E/HwPowerMonitor.Utils(3126): ERROR reading null
11-24 10:39:26.635: E/HwPowerMonitor.Utils(3126): ERROR reading null
11-24 10:39:26.635: E/HwPowerMonitor.Utils(3126): ERROR reading null
11-24 10:39:26.635: E/HwPowerMonitor.Utils(3126): ERROR reading null
11-24 10:39:26.635: E/HwPowerMonitor.Utils(3126): ERROR reading null
11-24 10:39:26.635: E/HwPowerMonitor.Utils(3126): ERROR reading null
11-24 10:39:26.635: E/HwPowerMonitor.Utils(3126): ERROR reading null
11-24 10:39:26.635: E/HwPowerMonitor.Utils(3126): ERROR reading null
11-24 10:39:26.635: E/HwPowerMonitor.Utils(3126): ERROR reading null
11-24 10:39:26.635: E/HwPowerMonitor.Utils(3126): ERROR reading null
11-24 10:39:26.635: E/HwPowerMonitor.Utils(3126): ERROR reading null
11-24 10:39:26.635: E/HwPowerMonitor.Utils(3126): ERROR reading null
11-24 10:39:26.635: E/HwPowerMonitor.Utils(3126): ERROR reading null
11-24 10:39:26.635: E/HwPowerMonitor.Utils(3126): ERROR reading null
11-24 10:39:26.635: E/HwPowerMonitor.Utils(3126): ERROR reading null
11-24 10:39:26.635: E/HwPowerMonitor.Utils(3126): ERROR reading null
11-24 10:39:26.765: I/MSM-irqbalance(512): Decided to move IRQ65 from CPU5 to CPU6
11-24 10:39:27.105: I/NetworkSpeedManagerEx(2057): mIsStop = false
11-24 10:39:27.105: D/NetworkSpeedManagerEx(2057): doInBackground
11-24 10:39:27.105: D/NetworkSpeedManagerEx(2057): onPostExecute
11-24 10:39:27.105: I/NetworkSpeedManagerEx(2057):  value = 1793.0
11-24 10:39:27.105: I/NetworkSpeedManagerEx(2057): speed = 1.8K/s
11-24 10:39:27.105: I/NetworkSpeedView(2057): /update(), speed=1.8K/s
11-24 10:39:27.695: D/WifiHW(1180): wifi_send_command: cmd:'IFNAME=wlan0 SIGNAL_POLL'
11-24 10:39:27.695: D/wpa_supplicant(24057): wlan0: Control interface command 'SIGNAL_POLL'
11-24 10:39:27.705: E/wpa_supplicant(24057): RSSI=-60;LINKSPEED=65;NOISE=9999;FREQUENCY=2437;
11-24 10:39:27.705: D/wpa_supplicant(24057): CTRL-DEBUG: global_ctrl_sock-sendto: sock=16 sndbuf=212992 outq=0 send_len=48
11-24 10:39:27.705: E/WifiConfigStore(1180): updateConfiguration freq=2437 BSSID=00:06:f4:c7:1f:41 RSSI=-59 "3.2dfire"WPA_PSK
11-24 10:39:30.065: D/HwBatteryService(1180): onUEvent fcp_values = 0
11-24 10:39:30.085: D/HwPowerMonitor.Utils(3126): ScrOff setChargingState mIsCharging = true
11-24 10:39:30.085: I/HwPowerMonitor.PowerExceptionObservable(3126): unhandled onEvent actionID: 3002
11-24 10:39:30.085: W/HwPowerMonitor.DayActObserver(3126): mModemLogStatsTimes = 0, ModemLogState = 0
11-24 10:39:30.085: I/Bluetooth(3518): HeadsetStateMachine:Disconnected process message: 10, size: 0
11-24 10:39:30.085: W/HwPowerMonitor.DayActObserver(3126): BAT_CHANGED, mIsScrnOffBatStatsEnabled = true, mIsCharging = true, mIsScrnOfBatDropMonitorStart = false
11-24 10:39:30.085: D/HwGpsPowerTracker(1180): ACTION_BATTERY_CHANGED pluggedType: 2
11-24 10:39:30.085: I/HwBatteryService(1180): update battery new values: chargerAcOnline=false, chargerUsbOnline=true, batteryStatus=2, batteryHealth=2, batteryPresent=true, batteryLevel=70, batteryTechnology=Li-poly, batteryVoltage=4029, batteryTemperature=264, mUpdatesStopped=false
11-24 10:39:30.085: D/WifiService(1180): onReceive, action:android.intent.action.BATTERY_CHANGED
11-24 10:39:30.085: D/WifiService(1180): ACTION_BATTERY_CHANGED pluggedType: 2
11-24 10:39:30.095: D/PowerUI(2057): level:69-->70 status:2-->2 plugType:2-->2 invalidCharger:0-->0 bucket:1-->1 plugged:true-->true
11-24 10:39:30.105: I/bluedroid(3518): bt interface: read_energy_info called.
11-24 10:39:30.115: E/bt_btif(3518): HAL bt_hal_cbacks->energy_info_cb
11-24 10:39:30.115: I/NetworkSpeedManagerEx(2057): mIsStop = false
11-24 10:39:30.115: D/NetworkSpeedManagerEx(2057): doInBackground
11-24 10:39:30.115: I/Bluetooth(3518): BluetoothAdapterService:energyInfoCallback() status = 0tx_time = 0rx_time = 745idle_time = 43945energy_used = 1152325ctrl_state = 3
11-24 10:39:30.115: W/bt_hci(3518): filter_incoming_event command complete event with no matching command. opcode: 0x0.
11-24 10:39:30.115: D/NetworkSpeedManagerEx(2057): onPostExecute
11-24 10:39:30.115: I/NetworkSpeedManagerEx(2057):  value = 1777.3334
11-24 10:39:30.115: I/NetworkSpeedManagerEx(2057): speed = 1.7K/s
11-24 10:39:30.115: I/NetworkSpeedView(2057): /update(), speed=1.7K/s
11-24 10:39:30.715: D/WifiHW(1180): wifi_send_command: cmd:'IFNAME=wlan0 SIGNAL_POLL'
11-24 10:39:30.715: D/wpa_supplicant(24057): wlan0: Control interface command 'SIGNAL_POLL'
11-24 10:39:30.725: E/wpa_supplicant(24057): RSSI=-61;LINKSPEED=65;NOISE=9999;FREQUENCY=2437;
11-24 10:39:30.725: D/wpa_supplicant(24057): CTRL-DEBUG: global_ctrl_sock-sendto: sock=16 sndbuf=212992 outq=0 send_len=48
11-24 10:39:30.725: E/WifiConfigStore(1180): updateConfiguration freq=2437 BSSID=00:06:f4:c7:1f:41 RSSI=-60 "3.2dfire"WPA_PSK
11-24 10:39:31.365: I/SendBroadcastPermission(1180): action:android.intent.action.SIG_STR, mPermissionType:0
11-24 10:39:31.365: I/MQoS(1180): onSignal: mSubId=0,currDataSubID=0
11-24 10:39:31.365: I/MQoS(1180): received cell-signal:5
11-24 10:39:31.365: D/NetworkController.MobileSignalController(0)(2057): mSimSubId:0 onSignalStrengthsChanged signalStrength=SignalStrength: -1 0 -1 255 -56 -70 -1 255 255 27 -82 -3 300 2147483647 true gw|lte level=4
11-24 10:39:31.365: D/NetworkController.MobileSignalController(0)(2057):  mDataNetType:13 indexOfkey:11 iconGroup.mName:4G roaming:false
11-24 10:39:31.365: I/HwCustMobileSignalControllerImpl(2057): subId:0 phoneType:2 networktype:13 targetClass:3 masterLevel:4 slaveLevel:4
11-24 10:39:31.475: D/HwArpVerifier(1180): performPollAndLog:
11-24 10:39:31.485: D/hw_netstat(1180): total/282/0,unknown:0/282/0
11-24 10:39:31.765: I/MSM-irqbalance(512): Decided to move IRQ174 from CPU5 to CPU6
11-24 10:39:33.115: I/NetworkSpeedManagerEx(2057): mIsStop = false
11-24 10:39:33.125: D/NetworkSpeedManagerEx(2057): doInBackground
11-24 10:39:33.125: D/NetworkSpeedManagerEx(2057): onPostExecute
11-24 10:39:33.125: I/NetworkSpeedManagerEx(2057):  value = 2332.0
11-24 10:39:33.125: I/NetworkSpeedManagerEx(2057): speed = 2.3K/s
11-24 10:39:33.125: I/NetworkSpeedView(2057): /update(), speed=2.3K/s
11-24 10:39:33.735: D/WifiHW(1180): wifi_send_command: cmd:'IFNAME=wlan0 SIGNAL_POLL'
11-24 10:39:33.735: D/wpa_supplicant(24057): wlan0: Control interface command 'SIGNAL_POLL'
11-24 10:39:33.745: E/wpa_supplicant(24057): RSSI=-61;LINKSPEED=65;NOISE=9999;FREQUENCY=2437;
11-24 10:39:33.745: D/wpa_supplicant(24057): CTRL-DEBUG: global_ctrl_sock-sendto: sock=16 sndbuf=212992 outq=0 send_len=48
11-24 10:39:33.745: E/WifiConfigStore(1180): updateConfiguration freq=2437 BSSID=00:06:f4:c7:1f:41 RSSI=-60 "3.2dfire"WPA_PSK
11-24 10:39:34.925: I/appproc(30725): CLASSPATH=/system/framework/pm.jar
11-24 10:39:34.925: I/appproc(30725): Command=app_process /system/bin com.android.commands.pm.Pm list packages zmsoft.rest.supply 
11-24 10:39:34.925: D/AndroidRuntime(30725): >>>>>> START com.android.internal.os.RuntimeInit uid 2000 <<<<<<
11-24 10:39:34.925: D/AndroidRuntime(30725): CheckJNI is OFF
11-24 10:39:34.925: I/AndroidRuntime(30725): readDownloadBoosterConfig: 'false'
11-24 10:39:34.965: D/ICU(30725): No timezone override file found: /data/misc/zoneinfo/current/icu/icu_tzdata.dat
11-24 10:39:34.985: I/HWSERVICES(30725): hwnative_get_component_register:libdrmbitmap,JNI
11-24 10:39:34.995: I/(30725): power log dlsym ok
11-24 10:39:35.005: I/Radio-JNI(30725): register_android_hardware_Radio DONE
11-24 10:39:35.015: I/android_hardware_fm.cpp(30725): register_android_hardware_fm_fmradio
11-24 10:39:35.015: I/android_hardware_fm.cpp(30725): ========64bit long size = 8
11-24 10:39:35.015: I/android_hardware_fm.cpp(30725): FM: get chip type = Qualcomm
11-24 10:39:35.015: E/android_hardware_fm.cpp(30725): FM get module error!
11-24 10:39:35.015: E/android_hardware_fm.cpp(30725): HAL init fails
11-24 10:39:35.015: I/android_hardware_fm.cpp(30725): register_android_hardware_fm_fmradio, ret is 0
11-24 10:39:35.035: D/AndroidRuntime(30725): Calling main entry com.android.commands.pm.Pm
11-24 10:39:35.105: I/art(30725): System.exit called, status: 0
11-24 10:39:35.105: I/AndroidRuntime(30725): VM exiting with result code 0.
11-24 10:39:35.795: I/appproc(30740): CLASSPATH=/system/framework/pm.jar
11-24 10:39:35.795: I/appproc(30740): Command=app_process /system/bin com.android.commands.pm.Pm install /data/local/tmp/settings_apk-debug.apk 
11-24 10:39:35.795: D/AndroidRuntime(30740): >>>>>> START com.android.internal.os.RuntimeInit uid 2000 <<<<<<
11-24 10:39:35.795: D/AndroidRuntime(30740): CheckJNI is OFF
11-24 10:39:35.795: I/AndroidRuntime(30740): readDownloadBoosterConfig: 'false'
11-24 10:39:35.835: D/ICU(30740): No timezone override file found: /data/misc/zoneinfo/current/icu/icu_tzdata.dat
11-24 10:39:35.865: I/HWSERVICES(30740): hwnative_get_component_register:libdrmbitmap,JNI
11-24 10:39:35.875: I/(30740): power log dlsym ok
11-24 10:39:35.875: I/Radio-JNI(30740): register_android_hardware_Radio DONE
11-24 10:39:35.885: I/android_hardware_fm.cpp(30740): register_android_hardware_fm_fmradio
11-24 10:39:35.885: I/android_hardware_fm.cpp(30740): ========64bit long size = 8
11-24 10:39:35.885: I/android_hardware_fm.cpp(30740): FM: get chip type = Qualcomm
11-24 10:39:35.885: E/android_hardware_fm.cpp(30740): FM get module error!
11-24 10:39:35.885: E/android_hardware_fm.cpp(30740): HAL init fails
11-24 10:39:35.885: I/android_hardware_fm.cpp(30740): register_android_hardware_fm_fmradio, ret is 0
11-24 10:39:35.915: D/AndroidRuntime(30740): Calling main entry com.android.commands.pm.Pm
11-24 10:39:35.935: I/SendBroadcastPermission(1180): action:com.huawei.android.action.GET_INSTALLER_PACKAGE_INFO, mPermissionType:0
11-24 10:39:35.935: I/HwSystemManager(2101): HandleInstalledPackageInfoService:onReceive  action is com.huawei.android.action.GET_INSTALLER_PACKAGE_INFO
11-24 10:39:35.935: I/HwSystemManager(2101): HandleInstalledPackageInfoService:get count = 3
11-24 10:39:35.935: W/ContextImpl(1180): Calling a method in the system process without a qualified user: android.app.ContextImpl.sendBroadcast:848 com.android.server.pm.HwPackageManagerService.parseInstallerInfo:1873 com.android.server.pm.PackageManagerService.installPackageAsUser:10380 android.content.pm.IPackageManager$Stub.onTransact:975 com.android.server.pm.PackageManagerService.onTransact:2784 
11-24 10:39:36.015: D/DefContainer(22799): Copying /data/local/tmp/settings_apk-debug.apk to base.apk
11-24 10:39:36.115: I/PackageParser(1180): io.appium.settings: compat added android.permission.WRITE_EXTERNAL_STORAGE
11-24 10:39:36.125: I/NetworkSpeedManagerEx(2057): mIsStop = false
11-24 10:39:36.125: D/NetworkSpeedManagerEx(2057): doInBackground
11-24 10:39:36.125: D/NetworkSpeedManagerEx(2057): onPostExecute
11-24 10:39:36.125: I/NetworkSpeedManagerEx(2057):  value = 978.3333
11-24 10:39:36.125: I/NetworkSpeedManagerEx(2057): speed = 1K/s
11-24 10:39:36.125: I/NetworkSpeedView(2057): /update(), speed=1K/s
11-24 10:39:36.125: D/PackageParser(1180): not verify for pkg:io.appium.settings
11-24 10:39:36.125: W/PackageManager(1180): Package io.appium.settings signatures do not match the previously installed version; ignoring!
11-24 10:39:36.135: I/art(1180): Starting a blocking GC Explicit
11-24 10:39:36.145: W/View(2057): requestLayout() improperly called by com.android.systemui.statusbar.phone.IconMerger{921f7bd V.E...... ......I. 0,0-54,72 #7f1000c3 app:id/notificationIcons} during layout: running second layout pass
11-24 10:39:36.355: I/art(1180): Explicit concurrent mark sweep GC freed 89174(5MB) AllocSpace objects, 52(2MB) LOS objects, 18% free, 70MB/86MB, paused 2.876ms total 224.259ms
11-24 10:39:36.375: I/art(30740): System.exit called, status: 1
11-24 10:39:36.375: I/AndroidRuntime(30740): VM exiting with result code 1.
11-24 10:39:36.495: D/HwArpVerifier(1180): performPollAndLog:
11-24 10:39:36.505: D/hw_netstat(1180): total/1149/685,zmsoft.rest.supply/717/685,unknown:0/432/0
11-24 10:39:36.645: E/HwPowerMonitor.Utils(3126): ERROR reading null
11-24 10:39:36.645: E/HwPowerMonitor.Utils(3126): ERROR reading null
11-24 10:39:36.645: E/HwPowerMonitor.Utils(3126): ERROR reading null
11-24 10:39:36.645: E/HwPowerMonitor.Utils(3126): ERROR reading null
11-24 10:39:36.645: E/HwPowerMonitor.Utils(3126): ERROR reading null
11-24 10:39:36.645: E/HwPowerMonitor.Utils(3126): ERROR reading null
11-24 10:39:36.645: E/HwPowerMonitor.Utils(3126): ERROR reading null
11-24 10:39:36.645: E/HwPowerMonitor.Utils(3126): ERROR reading null
11-24 10:39:36.645: E/HwPowerMonitor.Utils(3126): ERROR reading null
11-24 10:39:36.645: E/HwPowerMonitor.Utils(3126): ERROR reading null
11-24 10:39:36.645: E/HwPowerMonitor.Utils(3126): ERROR reading null
11-24 10:39:36.645: E/HwPowerMonitor.Utils(3126): ERROR reading null
11-24 10:39:36.645: E/HwPowerMonitor.Utils(3126): ERROR reading null
11-24 10:39:36.645: E/HwPowerMonitor.Utils(3126): ERROR reading null
11-24 10:39:36.645: E/HwPowerMonitor.Utils(3126): ERROR reading null
11-24 10:39:36.645: E/HwPowerMonitor.Utils(3126): ERROR reading null
11-24 10:39:36.645: E/HwPowerMonitor.Utils(3126): ERROR reading null
11-24 10:39:36.645: E/HwPowerMonitor.Utils(3126): ERROR reading null
11-24 10:39:36.745: D/WifiHW(1180): wifi_send_command: cmd:'IFNAME=wlan0 SIGNAL_POLL'
11-24 10:39:36.745: D/wpa_supplicant(24057): wlan0: Control interface command 'SIGNAL_POLL'
11-24 10:39:36.765: I/MSM-irqbalance(512): Decided to move IRQ104 from CPU7 to CPU6
11-24 10:39:36.765: E/wpa_supplicant(24057): RSSI=-61;LINKSPEED=65;NOISE=9999;FREQUENCY=2437;
11-24 10:39:36.765: D/wpa_supplicant(24057): CTRL-DEBUG: global_ctrl_sock-sendto: sock=16 sndbuf=212992 outq=0 send_len=48
11-24 10:39:36.765: E/WifiConfigStore(1180): updateConfiguration freq=2437 BSSID=00:06:f4:c7:1f:41 RSSI=-60 "3.2dfire"WPA_PSK
11-24 10:39:36.995: I/appproc(30757): CLASSPATH=/system/framework/pm.jar
11-24 10:39:36.995: I/appproc(30757): Command=app_process /system/bin com.android.commands.pm.Pm install /data/local/tmp/unlock_apk-debug.apk 
11-24 10:39:36.995: D/AndroidRuntime(30757): >>>>>> START com.android.internal.os.RuntimeInit uid 2000 <<<<<<
11-24 10:39:36.995: D/AndroidRuntime(30757): CheckJNI is OFF
11-24 10:39:36.995: I/AndroidRuntime(30757): readDownloadBoosterConfig: 'false'
11-24 10:39:37.035: D/ICU(30757): No timezone override file found: /data/misc/zoneinfo/current/icu/icu_tzdata.dat
11-24 10:39:37.055: I/HWSERVICES(30757): hwnative_get_component_register:libdrmbitmap,JNI
11-24 10:39:37.065: I/(30757): power log dlsym ok
11-24 10:39:37.065: I/Radio-JNI(30757): register_android_hardware_Radio DONE
11-24 10:39:37.085: I/android_hardware_fm.cpp(30757): register_android_hardware_fm_fmradio
11-24 10:39:37.085: I/android_hardware_fm.cpp(30757): ========64bit long size = 8
11-24 10:39:37.085: I/android_hardware_fm.cpp(30757): FM: get chip type = Qualcomm
11-24 10:39:37.085: E/android_hardware_fm.cpp(30757): FM get module error!
11-24 10:39:37.085: E/android_hardware_fm.cpp(30757): HAL init fails
11-24 10:39:37.085: I/android_hardware_fm.cpp(30757): register_android_hardware_fm_fmradio, ret is 0
11-24 10:39:37.105: D/AndroidRuntime(30757): Calling main entry com.android.commands.pm.Pm
11-24 10:39:37.115: I/SendBroadcastPermission(1180): action:com.huawei.android.action.GET_INSTALLER_PACKAGE_INFO, mPermissionType:0
11-24 10:39:37.115: I/HwSystemManager(2101): HandleInstalledPackageInfoService:onReceive  action is com.huawei.android.action.GET_INSTALLER_PACKAGE_INFO
11-24 10:39:37.115: I/HwSystemManager(2101): HandleInstalledPackageInfoService:get count = 3
11-24 10:39:37.115: W/ContextImpl(1180): Calling a method in the system process without a qualified user: android.app.ContextImpl.sendBroadcast:848 com.android.server.pm.HwPackageManagerService.parseInstallerInfo:1873 com.android.server.pm.PackageManagerService.installPackageAsUser:10380 android.content.pm.IPackageManager$Stub.onTransact:975 com.android.server.pm.PackageManagerService.onTransact:2784 
11-24 10:39:37.185: D/DefContainer(22799): Copying /data/local/tmp/unlock_apk-debug.apk to base.apk
11-24 10:39:37.295: I/art(1180): Starting a blocking GC Explicit
11-24 10:39:37.295: D/PackageParser(1180): not verify for pkg:io.appium.unlock
11-24 10:39:37.295: W/PackageManager(1180): Package io.appium.unlock signatures do not match the previously installed version; ignoring!
11-24 10:39:37.495: I/art(1180): Explicit concurrent mark sweep GC freed 14001(872KB) AllocSpace objects, 8(236KB) LOS objects, 18% free, 70MB/86MB, paused 2.690ms total 197.814ms
11-24 10:39:37.505: I/art(30757): System.exit called, status: 1
11-24 10:39:37.505: I/AndroidRuntime(30757): VM exiting with result code 1.
11-24 10:39:38.175: I/appproc(30775): CLASSPATH=/system/framework/am.jar
11-24 10:39:38.175: I/appproc(30775): Command=app_process /system/bin com.android.commands.am.Am force-stop zmsoft.rest.supply 
11-24 10:39:38.175: D/AndroidRuntime(30775): >>>>>> START com.android.internal.os.RuntimeInit uid 2000 <<<<<<
11-24 10:39:38.185: D/AndroidRuntime(30775): CheckJNI is OFF
11-24 10:39:38.185: I/AndroidRuntime(30775): readDownloadBoosterConfig: 'false'
11-24 10:39:38.215: D/ICU(30775): No timezone override file found: /data/misc/zoneinfo/current/icu/icu_tzdata.dat
11-24 10:39:38.245: I/HWSERVICES(30775): hwnative_get_component_register:libdrmbitmap,JNI
11-24 10:39:38.255: I/(30775): power log dlsym ok
11-24 10:39:38.255: I/Radio-JNI(30775): register_android_hardware_Radio DONE
11-24 10:39:38.265: W/AlarmManager(1180): WAKEUP alarm trigger action = android.content.syncmanager.SYNC_ALARM elapsed = 507425674
11-24 10:39:38.275: I/android_hardware_fm.cpp(30775): register_android_hardware_fm_fmradio
11-24 10:39:38.275: I/android_hardware_fm.cpp(30775): ========64bit long size = 8
11-24 10:39:38.275: I/android_hardware_fm.cpp(30775): FM: get chip type = Qualcomm
11-24 10:39:38.275: E/android_hardware_fm.cpp(30775): FM get module error!
11-24 10:39:38.275: E/android_hardware_fm.cpp(30775): HAL init fails
11-24 10:39:38.275: I/android_hardware_fm.cpp(30775): register_android_hardware_fm_fmradio, ret is 0
11-24 10:39:38.295: D/AndroidRuntime(30775): Calling main entry com.android.commands.am.Am
11-24 10:39:38.295: I/ActivityManager(1180): Force stopping zmsoft.rest.supply appid=10264 user=0: from pid 30775by app
11-24 10:39:38.295: I/ActivityManager(1180): Killing 30205:zmsoft.rest.supply/u0a264 (adj 0): stop zmsoft.rest.supplyfrom pid 30775by app
11-24 10:39:38.305: I/PgedBinderListener(3101): kstate callback type:8 value1=30205 value2=KILLED
11-24 10:39:38.505: D/GraphicsStats(1180): Buffer count: 6
11-24 10:39:38.505: D/WifiService(1180): Client connection lost with reason: 4
11-24 10:39:38.505: I/WindowState(1180): WIN DEATH: Window{d311510 u0 zmsoft.rest.supply/zmsoft.rest.supply.ui.AppSplash}
11-24 10:39:38.505: E/libprocessgroup(1180): failed to kill 1 processes for processgroup 30205
11-24 10:39:38.515: I/WindowState(1180): WIN DEATH: Window{cb4af41 u0 zmsoft.rest.supply/zmsoft.share.login.login.WXLoginActivity}
11-24 10:39:38.515: W/ActivityManager(1180): Scheduling restart of crashed service zmsoft.rest.supply/cn.jpush.android.service.PushService in 1000ms
11-24 10:39:38.515: W/ActivityManager(1180): Scheduling restart of crashed service zmsoft.rest.supply/zmsoft.share.service.errservice.ErrNetWorkService in 10999ms
11-24 10:39:38.515: W/ActivityManager(1180): Scheduling restart of crashed service zmsoft.rest.supply/com.zmsoft.rest.commonview.service.CustomerTipService in 20999ms
11-24 10:39:38.515: W/ActivityManager(1180): Force removing ActivityRecord{f591bc5 u0 zmsoft.rest.supply/zmsoft.share.login.login.WXLoginActivity t4434}: app died, no saved state
11-24 10:39:38.545: D/Zygote(30784): CtrlSocket libc.so ctrl_sockets_set_addr pfunc is not exist!
11-24 10:39:38.545: I/ActivityManager(1180): Start proc 30784:zmsoft.rest.supply/u0a264 for activity zmsoft.rest.supply/.ui.AppSplash
11-24 10:39:38.555: I/art(30784): Late-enabling -Xcheck:jni
11-24 10:39:38.565: I/ActivityManager(1180):   Force finishing activity ActivityRecord{5d60474 u0 zmsoft.rest.supply/.ui.AppSplash t4434}
11-24 10:39:38.585: D/AndroidRuntime(30775): Shutting down VM
11-24 10:39:38.585: E/HsmCoreServiceImpl(1180): onTransact in code is: 102
11-24 10:39:38.585: I/MediaProcessHandler(1180): processOp opType: 1, uid: 10264, pid: 30205
11-24 10:39:38.585: W/MediaProcessHandler(1180): remove target not exist, maybe the UI process: uid: 10264, pid: 30205
11-24 10:39:38.585: I/ActivityManager(1180):   Force stopping service ServiceRecord{8313a36 u0 zmsoft.rest.supply/com.zmsoft.rest.commonview.service.CustomerTipService}
11-24 10:39:38.585: I/ActivityManager(1180):   Force stopping service ServiceRecord{d592fd1 u0 zmsoft.rest.supply/cn.jpush.android.service.PushService}
11-24 10:39:38.585: I/ActivityManager(1180):   Force stopping service ServiceRecord{8766d37 u0 zmsoft.rest.supply/zmsoft.share.service.errservice.ErrNetWorkService}
11-24 10:39:38.585: W/ActivityManager(1180): Spurious death for ProcessRecord{ac3b355 0:zmsoft.rest.supply/u0a264}, curProc for 30205: null
11-24 10:39:38.595: W/PGApi_client(3101): recv actoionId = 10000, action = com.huawei.pgmng.PGAction@f8279ab actionId =10000 pkg =com.tencent.mm extend1 =110960 extend2 = flag =3 type =1
11-24 10:39:38.595: W/PGMiddleWare(3101): in handleAction method, action = 10000
11-24 10:39:38.595: W/PGMiddleWare(3101): in handleAction, invoke client = com.huawei.pgmng.middleware.AudioEffectLowPowerImpl@82d10eb, action = com.huawei.pgmng.PGAction@f8279ab actionId =10000 pkg =com.tencent.mm extend1 =110960 extend2 = flag =3 type =1
11-24 10:39:38.605: I/LightsService(1180): setLcdRatio ratio:95 autoAdjust:true
11-24 10:39:38.605: D/ActivityThread(30784): ActivityThread,attachApplication
11-24 10:39:38.615: D/HwGpsPowerTracker(1180): LocalReceiver receives:android.intent.action.PACKAGE_RESTARTED
11-24 10:39:38.615: D/ActivityManager(1180): ActivityManagerService,attachApplication,callingPid = 30784
11-24 10:39:38.615: I/HwCoreAppHelperService(1180): LocalReceiver receives:android.intent.action.PACKAGE_RESTARTED
11-24 10:39:38.625: I/HwSystemManager(2101): NotificationGuideService:handle MSG_ACTIVIY_FOREGROUND, uid:10160
11-24 10:39:38.635: I/HwLauncher(4440): Launcher onStart()
11-24 10:39:38.635: I/HwLauncher(4440): Launcher dynamicIconsRegister
11-24 10:39:38.635: I/HwLauncher(4440): DynamicUpdater registerReceiver
11-24 10:39:38.635: I/HwSystemManager(2101): NotificationGuideService:handle MSG_ACTIVIY_FOREGROUND, uid:10044
11-24 10:39:38.635: I/HwLauncher(4440): DynamicUpdater call updateFolder
11-24 10:39:38.635: I/HwLauncher(4440): DynamicIcon onResume  isvisible = true   mAttachedToWindow:false    mWindowVisible:falsecom.huawei.android.totemweather
11-24 10:39:38.635: I/HwLauncher(4440): DynamicUpdater registerReceiver
11-24 10:39:38.635: I/HwLauncher(4440): WeatherDynamicUpdaterpositiveUpdate at WeatherDynamicUpdater
11-24 10:39:38.635: I/HwLauncher(4440): DynamicUpdater call updateFolder
11-24 10:39:38.635: I/HwLauncher(4440): DynamicIcon onResume  isvisible = false   mAttachedToWindow:true    mWindowVisible:falsecom.android.calendar
11-24 10:39:38.635: I/HwLauncher(4440): DynamicUpdater registerReceiver
11-24 10:39:38.635: I/HwLauncher(4440): DynamicUpdater call updateFolder
11-24 10:39:38.635: I/HwLauncher(4440): DynamicIcon onResume  isvisible = false   mAttachedToWindow:true    mWindowVisible:falsecom.android.deskclock
11-24 10:39:38.635: I/HwLauncher(4440): Launcher  Launcher.onStart() cost 9 ms
11-24 10:39:38.645: D/TotemWeather(20307): WeatherProvider call method = IS_FROM_LAUNCHER
11-24 10:39:38.645: I/TotemWeather(20307): Utils launcherIntent for weather DynamicIcon
11-24 10:39:38.645: D/TotemWeather(20307): DynamicIconUpdater the dynamic drawable is already exist
11-24 10:39:38.645: E/TotemWeather(20307): WidgetUtils getWidgetShowCityInfo return myLocation
11-24 10:39:38.645: D/TotemWeather(20307): Utils launcherIntent flag = true,curTemperature = 5.0,iconIndex=7
11-24 10:39:38.645: D/TotemWeather(20307): Utils dynamicIconWidth [182,182] digitalIconWidth [25,192] padding = 78,topPadding=-10
11-24 10:39:38.645: I/SendBroadcastPermission(20307): action:com.huawei.android.action.launcher_weather_icon_change, mPermissionType:0
11-24 10:39:38.645: I/MQoS(1180): onSignal: mSubId=1,currDataSubID=0
11-24 10:39:38.645: I/MQoS(1180): received cell-signal:1
11-24 10:39:38.645: E/HwLauncher(4440): SettingsEx , no such field.
11-24 10:39:38.645: I/SendBroadcastPermission(1180): action:android.intent.action.SIG_STR, mPermissionType:0
11-24 10:39:38.645: W/HwLauncher(4440): Clock getDataFormat the getSystemString failed.
11-24 10:39:38.645: I/HwLauncher(4440): DynamicIconData , getDrawableForDynamic begin, pkg = com.android.deskclock, picName = deskclock_bg
11-24 10:39:38.645: I/HwLauncher(4440): DynamicIconData , getDrawableForDynamic end, pkg = com.android.deskclock, picName = deskclock_bg
11-24 10:39:38.645: I/HwLauncher(4440): ClockDynamicUpdater clock update folder at ClockDynamicUpdater
11-24 10:39:38.645: I/HwLauncher(4440): DynamicUpdater updateBitmap end and send update message
11-24 10:39:38.655: D/HwPhoneWindowManager(1180): Transact:setSystemUIColor to status bar service
11-24 10:39:38.655: I/SendBroadcastPermission(11185): action:com.tencent.mm.ui.ACTION_ACTIVE, mPermissionType:0
11-24 10:39:38.655: I/SendBroadcastPermission(11185): action:com.tencent.mm.ui.ACTION_ACTIVE, mPermissionType:0
11-24 10:39:38.655: D/TintManager(2057): isEmuiStyle=-1, statusBarColor=fff0f0f0, navigationColor=0
11-24 10:39:38.655: D/TintManager(2057): updateBarBgColor:emuiStyle=-1,statusBarColor=#FFF0F0F0,navigationBarColor=#00000000
11-24 10:39:38.655: D/CommandQueue(2057): CommandQueue, onTransaction
11-24 10:39:38.655: D/CommandQueue(2057): CommandQueue, setBarBackgroundColor
11-24 10:39:38.665: D/HwCust(30784): Create obj success use class android.content.res.HwCustHwResourcesImpl
11-24 10:39:38.665: D/TintManager(2057): statusBarIconTint=#BE000000,navigationBarIconTint=#00000000
11-24 10:39:38.665: D/TintManager(2057): updateBarTint
11-24 10:39:38.665: D/PhoneStatusBar(2057): setSystemUiVisibility vis=700 mask=ffffffff oldVal=0 newVal=700 diff=700
11-24 10:39:38.665: D/PhoneStatusBar(2057): sbMode=-1, nbMode=-1mStatusBarMode=0, mNavigationBarMode=0
11-24 10:39:38.665: D/BarTransitions.PhoneStatusBarView(2057): MODE_OPAQUE -> MODE_OPAQUE animate=false
11-24 10:39:38.665: D/BarTransitions.NavigationBarView(2057): MODE_OPAQUE -> MODE_OPAQUE animate=false
11-24 10:39:38.665: D/TintManager(2057): updateBarTint
11-24 10:39:38.665: W/View(2057): requestLayout() improperly called by com.android.systemui.statusbar.phone.IconMerger{921f7bd V.E...... .......D 0,0-54,72 #7f1000c3 app:id/notificationIcons} during second layout pass: posting in next frame
11-24 10:39:38.665: I/SendBroadcastPermission(11185): action:com.tencent.mm.ui.ACTION_ACTIVE, mPermissionType:0
11-24 10:39:38.675: I/HwLauncher(4440): WeatherDynamicUpdaterreceive action = com.huawei.android.action.launcher_weather_icon_change
11-24 10:39:38.675: I/HwLauncher(4440): DynamicUpdater call updateFolder
11-24 10:39:38.675: I/HwLauncher(4440): WeatherDynamicUpdaterreceiver data is int[] = [0, 0, 78, -10, 103, -10]
11-24 10:39:38.675: I/HwLauncher(4440):  stringArray[] [mostlycloudy, num5, tempc]
11-24 10:39:38.675: I/TotemWeather(4440): AbstractDualWeatherWidgetHomeView onWindowFocusChanged, hasWindowFocus= true
11-24 10:39:38.675: I/SendBroadcastPermission(11185): action:com.tencent.mm.ui.ACTION_ACTIVE, mPermissionType:0
11-24 10:39:38.675: D/TotemWeather(20307): WeatherProvider call method = query_my_location_change
11-24 10:39:38.675: D/TotemWeather(4440): WidgetUtils checkLocationCityChange->changed:false
11-24 10:39:38.675: I/TotemWeather(4440): WidgetUtils cityinfo or weatherinfo is null
11-24 10:39:38.675: I/SendBroadcastPermission(11185): action:com.tencent.mm.ui.ACTION_ACTIVE, mPermissionType:0
11-24 10:39:38.685: I/SendBroadcastPermission(29708): action:com.baidu.input.entry.launcer, mPermissionType:0
11-24 10:39:38.685: W/InputMethodManagerService(1180): Got RemoteException sending setActive(false) notification to pid 30205 uid 10264
11-24 10:39:38.705: D/HwCust(2101): Create obj success use class android.content.res.HwCustHwResourcesImpl
11-24 10:39:38.725: D/ImageWallpaper(2057): onOffsetsChanged: xOffset=0.0, yOffset=0.0, xOffsetStep=0.0, yOffsetStep=0.0, xPixels=0, yPixels=0
11-24 10:39:38.725: D/ImageWallpaper(2057): onVisibilityChanged: mVisible, visible=false, true
11-24 10:39:38.725: D/ImageWallpaper(2057): Suppressed drawFrame since redraw is not needed and offsets have not changed. rotation new/old: 0/0, width new/old: 2160/2160, height new/old: 1920/1920, offsetChanged: false
11-24 10:39:38.725: D/CubicBezierInterpolator(1180): CubicBezierInterpolator  mControlPoint1x = 0.5, mControlPoint1y = 0.2, mControlPoint2x = 0.6, mControlPoint2y = 1.0
11-24 10:39:38.725: D/CubicBezierInterpolator(1180): CubicBezierInterpolator  mControlPoint1x = 0.5, mControlPoint1y = 0.2, mControlPoint2x = 0.6, mControlPoint2y = 1.0
11-24 10:39:38.725: D/ImageWallpaper(2057): Suppressed drawFrame since redraw is not needed and offsets have not changed. rotation new/old: 0/0, width new/old: 2160/2160, height new/old: 1920/1920, offsetChanged: false
11-24 10:39:38.725: D/PhoneStatusBar(2057): setSystemUiVisibility vis=c0000700 mask=ffffffff oldVal=700 newVal=c0000700 diff=c0000000
11-24 10:39:38.725: D/PhoneStatusBar(2057): sbMode=2, nbMode=2mStatusBarMode=0, mNavigationBarMode=0
11-24 10:39:38.725: D/BarTransitions.PhoneStatusBarView(2057): MODE_OPAQUE -> MODE_TRANSLUCENT animate=false
11-24 10:39:38.725: D/BarTransitions.PhoneStatusBarView(2057): applyModeBackground MODE_TRANSLUCENT animate=false,mGradientBackground=true
11-24 10:39:38.725: D/BarTransitions.PhoneStatusBarView(2057): Hide color layer
11-24 10:39:38.725: D/BarTransitions.NavigationBarView(2057): MODE_OPAQUE -> MODE_TRANSLUCENT animate=false
11-24 10:39:38.725: D/BarTransitions.NavigationBarView(2057): applyModeBackground MODE_TRANSLUCENT animate=false,mGradientBackground=true
11-24 10:39:38.725: D/BarTransitions.NavigationBarView(2057): Hide color layer
11-24 10:39:38.725: D/TintManager(2057): updateBarTint
11-24 10:39:38.745: I/SendBroadcastPermission(11185): action:com.tencent.mm.ui.ACTION_DEACTIVE, mPermissionType:0
11-24 10:39:38.745: I/SendBroadcastPermission(11185): action:com.tencent.mm.ui.ACTION_DEACTIVE, mPermissionType:0
11-24 10:39:38.745: I/SendBroadcastPermission(11185): action:com.tencent.mm.ui.ACTION_DEACTIVE, mPermissionType:0
11-24 10:39:38.745: I/SendBroadcastPermission(11185): action:com.tencent.mm.ui.ACTION_DEACTIVE, mPermissionType:0
11-24 10:39:38.755: I/SendBroadcastPermission(11185): action:com.tencent.mm.ui.ACTION_DEACTIVE, mPermissionType:0
11-24 10:39:38.755: I/MultiDex(30784): VM with version 2.1.0 has multidex support
11-24 10:39:38.755: I/MultiDex(30784): install
11-24 10:39:38.755: I/MultiDex(30784): VM has multidex support, MultiDex support library is disabled.
