11-24 10:33:27.565: D/WifiService(1180): Client connection lost with reason: 4
11-24 10:33:27.565: I/WindowState(1180): WIN DEATH: Window{614623d u0 zmsoft.rest.supply/zmsoft.rest.supply.ui.supply.outInWarehouse.ReturnListActivity}
11-24 10:33:27.575: I/WindowState(1180): WIN DEATH: Window{8216791 u0 zmsoft.rest.supply/zmsoft.rest.supply.ui.supply.outInWarehouse.OutAndInWarehouse}
11-24 10:33:27.575: I/WindowState(1180): WIN DEATH: Window{c772e2f u0 zmsoft.rest.supply/zmsoft.rest.supply.ui.MainActivity}
11-24 10:33:27.585: I/WindowState(1180): WIN DEATH: Window{174af75 u0 zmsoft.rest.supply/zmsoft.rest.supply.ui.supply.outInWarehouse.ReturnDetailActivity}
11-24 10:33:27.585: E/libprocessgroup(1180): failed to kill 1 processes for processgroup 27048
11-24 10:33:27.585: W/ActivityManager(1180): Scheduling restart of crashed service zmsoft.rest.supply/zmsoft.share.service.errservice.ErrNetWorkService in 1000ms
11-24 10:33:27.585: W/ActivityManager(1180): Scheduling restart of crashed service zmsoft.rest.supply/com.zmsoft.rest.commonview.service.CustomerTipService in 11000ms
11-24 10:33:27.585: W/ActivityManager(1180): Scheduling restart of crashed service zmsoft.rest.supply/cn.jpush.android.service.PushService in 21000ms
11-24 10:33:27.585: W/ActivityManager(1180): Force removing ActivityRecord{6e5a303 u0 zmsoft.rest.supply/.ui.supply.outInWarehouse.ReturnDetailActivity t4431}: app died, no saved state
11-24 10:33:27.615: I/ActivityManager(1180): Start proc 30024:zmsoft.rest.supply/u0a264 for activity zmsoft.rest.supply/.ui.supply.outInWarehouse.ReturnListActivity
11-24 10:33:27.635: I/ActivityManager(1180):   Force finishing activity ActivityRecord{ece5ed2 u0 zmsoft.rest.supply/.ui.AppSplash t4431}
11-24 10:33:27.645: I/ActivityManager(1180):   Force finishing activity ActivityRecord{95da436 u0 zmsoft.rest.supply/.ui.MainActivity t4431}
11-24 10:33:27.645: I/ActivityManager(1180):   Force finishing activity ActivityRecord{2ea7aff u0 zmsoft.rest.supply/.ui.supply.outInWarehouse.OutAndInWarehouse t4431}
11-24 10:33:27.645: I/ActivityManager(1180):   Force finishing activity ActivityRecord{254ee0b u0 zmsoft.rest.supply/.ui.supply.outInWarehouse.ReturnListActivity t4431}
11-24 10:33:27.665: I/ActivityManager(1180):   Force stopping service ServiceRecord{2dd0b91 u0 zmsoft.rest.supply/com.zmsoft.rest.commonview.service.CustomerTipService}
11-24 10:33:27.665: I/ActivityManager(1180):   Force stopping service ServiceRecord{11451b8 u0 zmsoft.rest.supply/cn.jpush.android.service.PushService}
11-24 10:33:27.665: I/ActivityManager(1180):   Force stopping service ServiceRecord{4ca4af6 u0 zmsoft.rest.supply/zmsoft.share.service.errservice.ErrNetWorkService}
11-24 10:33:27.675: W/ActivityManager(1180): Spurious death for ProcessRecord{d8ab4cc 0:zmsoft.rest.supply/u0a264}, curProc for 27048: null
11-24 10:33:27.675: W/WindowManager(1180): Attempted to add application window with unknown token Token{632e4e8 ActivityRecord{254ee0b u0 zmsoft.rest.supply/.ui.supply.outInWarehouse.ReturnListActivity t4431 f}}.  Aborting.
11-24 10:33:27.685: W/WindowManager(1180): Exception when adding starting window
11-24 10:33:27.685: W/WindowManager(1180): java.lang.IllegalArgumentException: View=com.android.internal.policy.PhoneWindow$DecorView{cbfe995 V.E...... R.....ID 0,0-0,0} not attached to window manager
11-24 10:33:27.685: W/WindowManager(1180): 	at android.view.WindowManagerGlobal.findViewLocked(WindowManagerGlobal.java:462)
11-24 10:33:27.685: W/WindowManager(1180): 	at android.view.WindowManagerGlobal.removeView(WindowManagerGlobal.java:381)
11-24 10:33:27.685: W/WindowManager(1180): 	at android.view.WindowManagerImpl.removeViewImmediate(WindowManagerImpl.java:116)
11-24 10:33:27.685: W/WindowManager(1180): 	at com.android.server.policy.PhoneWindowManager.addStartingWindow(PhoneWindowManager.java:2610)
11-24 10:33:27.685: W/WindowManager(1180): 	at com.android.server.policy.HwPhoneWindowManager.addStartingWindow(HwPhoneWindowManager.java:512)
11-24 10:33:27.685: W/WindowManager(1180): 	at com.android.server.wm.WindowManagerService$H.handleMessage(WindowManagerService.java:8472)
11-24 10:33:27.685: W/WindowManager(1180): 	at android.os.Handler.dispatchMessage(Handler.java:102)
11-24 10:33:27.685: W/WindowManager(1180): 	at android.os.Looper.loop(Looper.java:150)
11-24 10:33:27.685: W/WindowManager(1180): 	at android.os.HandlerThread.run(HandlerThread.java:61)
11-24 10:33:27.685: W/WindowManager(1180): 	at com.android.server.ServiceThread.run(ServiceThread.java:46)
11-24 10:33:27.685: I/HwCoreAppHelperService(1180): LocalReceiver receives:android.intent.action.PACKAGE_RESTARTED
11-24 10:33:27.685: D/ActivityThread(30024): ActivityThread,attachApplication
11-24 10:33:27.685: D/ActivityManager(1180): ActivityManagerService,attachApplication,callingPid = 30024
11-24 10:33:27.695: I/LightsService(1180): setLcdRatio ratio:95 autoAdjust:true
11-24 10:33:27.725: D/CommandQueue(2057): CommandQueue, onTransaction
11-24 10:33:27.725: D/CommandQueue(2057): CommandQueue, setBarBackgroundColor
11-24 10:33:27.755: W/InputMethodManagerService(1180): Got RemoteException sending setActive(false) notification to pid 27048 uid 10264
11-24 10:33:27.845: I/LightsService(1180): setLcdRatio ratio:100 autoAdjust:false
11-24 10:33:27.985: W/ActivityManager(1180): getTasks: caller 10160 does not hold REAL_GET_TASKS; limiting output
11-24 10:33:28.005: D/WifiService(1180): getWifiServiceMessenger, pid:30024, uid:10264
11-24 10:33:28.005: D/WifiService(1180): New client listening to asynchronous messages
11-24 10:33:28.005: W/ActivityManager(1180): getRunningAppProcesses: caller 10264 does not hold REAL_GET_TASKS; limiting output
11-24 10:33:28.045: D/WifiService(1180): getWifiServiceMessenger, pid:20307, uid:10073
11-24 10:33:28.045: W/ActivityManager(1180): getRunningAppProcesses: caller 10073 does not hold REAL_GET_TASKS; limiting output
11-24 10:33:28.065: E/ActivityThread(11185): Performing stop of activity that is not resumed: {com.tencent.mm/com.tencent.mm.ui.LauncherUI}
11-24 10:33:28.065: E/ActivityThread(11185): java.lang.RuntimeException: Performing stop of activity that is not resumed: {com.tencent.mm/com.tencent.mm.ui.LauncherUI}
11-24 10:33:28.065: E/ActivityThread(11185): 	at android.app.ActivityThread.performStopActivityInner(ActivityThread.java:3496)
11-24 10:33:28.065: E/ActivityThread(11185): 	at android.app.ActivityThread.handleStopActivity(ActivityThread.java:3581)
11-24 10:33:28.065: E/ActivityThread(11185): 	at android.app.ActivityThread.access$1200(ActivityThread.java:165)
11-24 10:33:28.065: E/ActivityThread(11185): 	at android.app.ActivityThread$H.handleMessage(ActivityThread.java:1397)
11-24 10:33:28.065: E/ActivityThread(11185): 	at android.os.Handler.dispatchMessage(Handler.java:102)
11-24 10:33:28.065: E/ActivityThread(11185): 	at android.os.Looper.loop(Looper.java:150)
11-24 10:33:28.065: E/ActivityThread(11185): 	at android.app.ActivityThread.main(ActivityThread.java:5546)
11-24 10:33:28.065: E/ActivityThread(11185): 	at java.lang.reflect.Method.invoke(Native Method)
11-24 10:33:28.065: E/ActivityThread(11185): 	at com.android.internal.os.ZygoteInit$MethodAndArgsCaller.run(ZygoteInit.java:794)
11-24 10:33:28.065: E/ActivityThread(11185): 	at com.android.internal.os.ZygoteInit.main(ZygoteInit.java:684)
11-24 10:33:28.065: I/ActivityManager(1180): Activity reported stop, but no longer stopping: ActivityRecord{5d6032 u0 com.tencent.mm/.ui.LauncherUI t4403} state:STOPPED Callers=com.android.server.am.ActivityManagerService.activityStopped:6919 android.app.ActivityManagerNative.onTransact:550 com.android.server.am.ActivityManagerService.onTransact:2650 com.android.server.am.HwActivityManagerService.onTransact:359 
11-24 10:33:28.095: I/ActivityManager(1180): Start proc 30071:com.huawei.android.totemweather:remote/u0a73 for service com.huawei.android.totemweather/com.baidu.location.f
11-24 10:33:28.105: W/ActivityManager(1180): getRunningAppProcesses: caller 10264 does not hold REAL_GET_TASKS; limiting output
11-24 10:33:28.125: D/ActivityThread(30071): ActivityThread,attachApplication
11-24 10:33:28.125: D/ActivityManager(1180): ActivityManagerService,attachApplication,callingPid = 30071
11-24 10:33:28.175: W/ActivityManager(1180): getRunningAppProcesses: caller 10073 does not hold REAL_GET_TASKS; limiting output
11-24 10:33:28.235: W/ActivityManager(1180): getRunningAppProcesses: caller 10160 does not hold REAL_GET_TASKS; limiting output
11-24 10:33:28.245: W/ActivityManager(1180): getRunningAppProcesses: caller 10160 does not hold REAL_GET_TASKS; limiting output
11-24 10:33:28.245: W/ActivityManager(1180): getRunningAppProcesses: caller 10160 does not hold REAL_GET_TASKS; limiting output
11-24 10:33:28.245: W/ActivityManager(1180): getRunningAppProcesses: caller 10160 does not hold REAL_GET_TASKS; limiting output
11-24 10:33:28.535: W/ActivityManager(1180): getRunningAppProcesses: caller 10264 does not hold REAL_GET_TASKS; limiting output
11-24 10:33:28.685: I/ActivityManager(1180): Force stopping zmsoft.rest.supply appid=10264 user=0: clear data
11-24 10:33:28.685: I/ActivityManager(1180): Killing 30024:zmsoft.rest.supply/u0a264 (adj 5): stop zmsoft.rest.supplyclear data
11-24 10:33:28.815: D/WifiService(1180): Client connection lost with reason: 4
11-24 10:33:28.825: E/FrameworkListener(404): read() failed (Connection reset by peer)
11-24 10:33:28.825: W/ActivityManager(1180): Scheduling restart of crashed service zmsoft.rest.supply/zmsoft.share.service.errservice.ErrNetWorkService in 1000ms
11-24 10:33:28.825: W/ActivityManager(1180): Scheduling restart of crashed service zmsoft.rest.supply/com.zmsoft.rest.commonview.service.CustomerTipService in 11000ms
11-24 10:33:28.825: W/ActivityManager(1180): Scheduling restart of crashed service zmsoft.rest.supply/cn.jpush.android.service.PushService in 21000ms
11-24 10:33:28.835: I/ActivityManager(1180):   Force stopping service ServiceRecord{8912667 u0 zmsoft.rest.supply/com.zmsoft.rest.commonview.service.CustomerTipService}
11-24 10:33:28.835: I/ActivityManager(1180):   Force stopping service ServiceRecord{b12168 u0 zmsoft.rest.supply/cn.jpush.android.service.PushService}
11-24 10:33:28.835: I/ActivityManager(1180):   Force stopping service ServiceRecord{a2aec14 u0 zmsoft.rest.supply/zmsoft.share.service.errservice.ErrNetWorkService}
11-24 10:33:28.845: I/HwCoreAppHelperService(1180): LocalReceiver receives:android.intent.action.PACKAGE_RESTARTED
11-24 10:33:28.855: W/ActivityManager(1180): Spurious death for ProcessRecord{5200aaa 0:zmsoft.rest.supply/u0a264}, curProc for 30024: null
11-24 10:33:28.855: I/HwCoreAppHelperService(1180): LocalReceiver receives:android.intent.action.PACKAGE_DATA_CLEARED
11-24 10:33:28.905: I/ActivityManager(1180): Start proc 30121:com.android.documentsui/u0a35 for broadcast com.android.documentsui/.PackageReceiver
11-24 10:33:28.965: D/ActivityThread(30121): ActivityThread,attachApplication
11-24 10:33:28.965: I/HwMtmBroadcastResourceManager(1180): removeReceiver mtm Broadcast
11-24 10:33:28.965: D/ActivityManager(1180): ActivityManagerService,attachApplication,callingPid = 30121
11-24 10:33:29.155: I/ActivityManager(1180): Start proc 30146:com.android.externalstorage/u0a2 for content provider com.android.externalstorage/.ExternalStorageProvider
11-24 10:33:29.185: D/ActivityThread(30146): ActivityThread,attachApplication
11-24 10:33:29.195: D/ActivityManager(1180): ActivityManagerService,attachApplication,callingPid = 30146
11-24 10:33:29.195: I/ActivityManager(1180): Killing 25011:com.tencent.mm:tools/u0a160 (adj 15): empty for 1836s
11-24 10:33:29.335: D/WifiService(1180): Client connection lost with reason: 4
11-24 10:33:29.595: I/ActivityManager(1180): Start proc 30163:com.android.shell/2000 for content provider com.android.shell/.BugreportStorageProvider
11-24 10:33:29.625: D/ActivityThread(30163): ActivityThread,attachApplication
11-24 10:33:29.625: D/ActivityManager(1180): ActivityManagerService,attachApplication,callingPid = 30163
11-24 10:33:30.695: I/ActivityManager(1180): Force stopping zmsoft.rest.supply appid=10264 user=0: from pid 30188by app
11-24 10:33:30.705: I/HwCoreAppHelperService(1180): LocalReceiver receives:android.intent.action.PACKAGE_RESTARTED
11-24 10:33:30.955: I/ActivityManager(1180): START u0 {act=android.intent.action.MAIN cat=[android.intent.category.LAUNCHER] flg=0x10200000 cmp=zmsoft.rest.supply/.ui.AppSplash} from uid 2000 on display 0
11-24 10:33:30.955: I/HwUserBehaviourRecord(1180): appEnterRecord---zmsoft.rest.supply
11-24 10:33:30.995: I/ActivityManager(1180): Start proc 30205:zmsoft.rest.supply/u0a264 for activity zmsoft.rest.supply/.ui.AppSplash
11-24 10:33:31.035: D/ActivityThread(30205): ActivityThread,attachApplication
11-24 10:33:31.035: D/ActivityManager(1180): ActivityManagerService,attachApplication,callingPid = 30205
11-24 10:33:31.235: D/WifiService(1180): getWifiServiceMessenger, pid:30205, uid:10264
11-24 10:33:31.245: D/WifiService(1180): New client listening to asynchronous messages
11-24 10:33:31.245: W/ActivityManager(1180): getRunningAppProcesses: caller 10264 does not hold REAL_GET_TASKS; limiting output
11-24 10:33:31.295: W/ActivityManager(1180): getRunningAppProcesses: caller 10264 does not hold REAL_GET_TASKS; limiting output
11-24 10:33:31.695: W/ActivityManager(1180): getRunningAppProcesses: caller 10264 does not hold REAL_GET_TASKS; limiting output
11-24 10:33:31.915: D/CommandQueue(2057): CommandQueue, onTransaction
11-24 10:33:31.915: D/CommandQueue(2057): CommandQueue, setBarBackgroundColor
11-24 10:33:32.405: I/HwMtmBroadcastResourceManager(1180): removeReceiver mtm Broadcast
11-24 10:33:32.405: I/HwMtmBroadcastResourceManager(1180): removeReceiver mtm Broadcast
11-24 10:33:32.405: I/HwMtmBroadcastResourceManager(1180): removeReceiver mtm Broadcast
11-24 10:33:32.755: I/ActivityManager(1180): START u0 {act=android.intent.action.VIEW dat=2dfire-manager://page.manager/wx_login pkg=zmsoft.rest.supply cmp=zmsoft.rest.supply/zmsoft.share.login.login.WXLoginActivity (has extras)} from uid 10264 on display 0
11-24 10:33:32.835: W/ActivityManager(1180): getRunningAppProcesses: caller 10160 does not hold REAL_GET_TASKS; limiting output
11-24 10:33:33.265: W/ActivityManager(1180): getRunningAppProcesses: caller 10264 does not hold REAL_GET_TASKS; limiting output
11-24 10:33:33.265: W/ActivityManager(1180): getRunningAppProcesses: caller 10264 does not hold REAL_GET_TASKS; limiting output
11-24 10:33:33.285: W/ActivityManager(1180): getRunningAppProcesses: caller 10264 does not hold REAL_GET_TASKS; limiting output
11-24 10:33:33.315: W/ActivityManager(1180): getRunningAppProcesses: caller 10264 does not hold REAL_GET_TASKS; limiting output
11-24 10:33:33.315: W/ActivityManager(1180): getRunningAppProcesses: caller 10264 does not hold REAL_GET_TASKS; limiting output
11-24 10:33:33.315: W/ActivityManager(1180): getRunningAppProcesses: caller 10264 does not hold REAL_GET_TASKS; limiting output
11-24 10:33:33.335: W/ActivityManager(1180): getRunningAppProcesses: caller 10264 does not hold REAL_GET_TASKS; limiting output
11-24 10:33:33.335: W/ActivityManager(1180): getRunningAppProcesses: caller 10264 does not hold REAL_GET_TASKS; limiting output
11-24 10:33:35.685: D/HwBatteryService(1180): onUEvent fcp_values = 0
11-24 10:33:35.695: D/WifiService(1180): onReceive, action:android.intent.action.BATTERY_CHANGED
11-24 10:33:35.695: D/WifiService(1180): ACTION_BATTERY_CHANGED pluggedType: 2
11-24 10:33:37.375: D/HwBatteryService(1180): onUEvent fcp_values = 0
11-24 10:33:37.395: D/WifiService(1180): onReceive, action:android.intent.action.BATTERY_CHANGED
11-24 10:33:37.395: D/WifiService(1180): ACTION_BATTERY_CHANGED pluggedType: 2
11-24 10:33:39.325: W/WindowManager(1180): Attempted to remove non-existing token: android.os.Binder@fd1e447
11-24 10:33:39.505: D/HwBatteryService(1180): onUEvent fcp_values = 0
11-24 10:33:39.525: I/HwBatteryService(1180): update battery new values: chargerAcOnline=false, chargerUsbOnline=true, batteryStatus=2, batteryHealth=2, batteryPresent=true, batteryLevel=69, batteryTechnology=Li-poly, batteryVoltage=4007, batteryTemperature=262, mUpdatesStopped=false
11-24 10:33:39.525: D/WifiService(1180): onReceive, action:android.intent.action.BATTERY_CHANGED
11-24 10:33:39.525: D/WifiService(1180): ACTION_BATTERY_CHANGED pluggedType: 2
11-24 10:33:47.885: W/ActivityManager(1180): getRunningAppProcesses: caller 10264 does not hold REAL_GET_TASKS; limiting output
11-24 10:33:51.685: D/WifiService(1180): onReceive, action:android.intent.action.BATTERY_CHANGED
11-24 10:33:51.685: D/WifiService(1180): ACTION_BATTERY_CHANGED pluggedType: 2
11-24 10:34:08.185: D/HwBatteryService(1180): onUEvent fcp_values = 0
11-24 10:34:08.205: D/WifiService(1180): onReceive, action:android.intent.action.BATTERY_CHANGED
11-24 10:34:08.205: D/WifiService(1180): ACTION_BATTERY_CHANGED pluggedType: 2
11-24 10:34:38.985: D/HwBatteryService(1180): onUEvent fcp_values = 0
11-24 10:34:39.005: D/WifiService(1180): onReceive, action:android.intent.action.BATTERY_CHANGED
11-24 10:34:39.005: D/WifiService(1180): ACTION_BATTERY_CHANGED pluggedType: 2
11-24 10:34:51.685: D/WifiService(1180): onReceive, action:android.intent.action.BATTERY_CHANGED
11-24 10:34:51.685: D/WifiService(1180): ACTION_BATTERY_CHANGED pluggedType: 2
11-24 10:35:09.785: D/HwBatteryService(1180): onUEvent fcp_values = 0
11-24 10:35:09.805: D/WifiService(1180): onReceive, action:android.intent.action.BATTERY_CHANGED
11-24 10:35:09.805: D/WifiService(1180): ACTION_BATTERY_CHANGED pluggedType: 2
11-24 10:35:40.585: D/HwBatteryService(1180): onUEvent fcp_values = 0
11-24 10:35:51.685: D/WifiService(1180): onReceive, action:android.intent.action.BATTERY_CHANGED
11-24 10:35:51.685: D/WifiService(1180): ACTION_BATTERY_CHANGED pluggedType: 2
11-24 10:36:11.375: D/HwBatteryService(1180): onUEvent fcp_values = 0
11-24 10:36:11.395: D/WifiService(1180): onReceive, action:android.intent.action.BATTERY_CHANGED
11-24 10:36:11.395: D/WifiService(1180): ACTION_BATTERY_CHANGED pluggedType: 2
11-24 10:36:13.405: I/UsageStatsService(1180): User[0] Flushing usage stats to disk
11-24 10:36:42.175: D/HwBatteryService(1180): onUEvent fcp_values = 0
11-24 10:36:42.205: D/WifiService(1180): onReceive, action:android.intent.action.BATTERY_CHANGED
11-24 10:36:42.205: D/WifiService(1180): ACTION_BATTERY_CHANGED pluggedType: 2
11-24 10:36:51.685: D/WifiService(1180): onReceive, action:android.intent.action.BATTERY_CHANGED
11-24 10:36:51.685: D/WifiService(1180): ACTION_BATTERY_CHANGED pluggedType: 2
11-24 10:37:12.975: D/HwBatteryService(1180): onUEvent fcp_values = 0
11-24 10:37:12.995: D/WifiService(1180): onReceive, action:android.intent.action.BATTERY_CHANGED
11-24 10:37:12.995: D/WifiService(1180): ACTION_BATTERY_CHANGED pluggedType: 2
11-24 10:37:43.775: D/HwBatteryService(1180): onUEvent fcp_values = 0
11-24 10:37:51.685: D/WifiService(1180): onReceive, action:android.intent.action.BATTERY_CHANGED
11-24 10:37:51.685: D/WifiService(1180): ACTION_BATTERY_CHANGED pluggedType: 2
11-24 10:38:08.905: I/PowerManagerService(1180): Going to sleep due to screen timeout (uid 1000)...
11-24 10:38:08.905: D/HwInputMethodManagerService(1180): ------------startInput--------------
11-24 10:38:08.905: D/HwInputMethodManagerService(1180): hideSecSoftInput = false
11-24 10:38:08.955: E/PowerManagerService(1180): startDreaming = true
11-24 10:38:08.955: I/PowerManagerService(1180): Sleeping (uid 1000)...
11-24 10:38:09.025: I/DisplayPowerController(1180): checkPhoneWindowIsTop:pakcage name:zmsoft.rest.supply,ClassName name:zmsoft.share.login.login.WXLoginActivity
11-24 10:38:09.025: I/DisplayPowerController(1180): set brightness to DIM brightness:6
11-24 10:38:09.205: D/DisplayPowerState(1180): Updating screen state: state=ON, backlight=0
11-24 10:38:09.215: D/DisplayPowerState(1180): Updating screen state: state=OFF, backlight=0
11-24 10:38:09.215: I/DisplayManagerService(1180): Display device changed state: "", OFF
11-24 10:38:09.585: D/HwConnectivityService(1180): mIntentReceiver begin
11-24 10:38:09.585: D/HwConnectivityService(1180): CtrlSocket Receiver,disable: false locked: false action: android.intent.action.SCREEN_OFF mSmartKeyguardLevel: normal_level mStartPowerSaving: false
11-24 10:38:09.585: D/HwConnectivityService(1180): receive screen off intent!
11-24 10:38:09.585: D/HwConnectivityService(1180): wifi tethering: false
11-24 10:38:09.585: D/HwConnectivityService(1180): Usb tethering: false
11-24 10:38:09.585: D/HwConnectivityService(1180): bt tethering: false
11-24 10:38:09.585: D/HwConnectivityService(1180): pluggedStatus: 2
11-24 10:38:09.585: D/HwConnectivityService(1180): is charging: true
11-24 10:38:09.595: D/WifiService(1180): onReceive, action:android.intent.action.SCREEN_OFF
11-24 10:38:09.605: D/NetdConnector(1180): SND -> {7715 bandwidth gettetherstats}
11-24 10:38:09.605: D/NetdConnector(1180): RCV <- {200 7715 Tethering stats list completed}
11-24 10:38:09.605: D/NetdConnector(1180): RCV <- {200 7715 Tethering stats list completed}
11-24 10:38:09.635: I/HwMtmBroadcastResourceManager(1180): removeReceiver mtm Broadcast
11-24 10:38:09.775: I/HwPhoneWindowManager(1180): OverscanTimeout run
11-24 10:38:13.035: D/SmartHeartBeat(1180): setAlarmsPending ...
11-24 10:38:13.995: D/Telecom(1180): TelecomServiceImpl: isInCall callState is 0
11-24 10:38:14.135: I/HwActivityManagerService(1180): OverscanTimeout run
11-24 10:38:14.365: D/Telecom(1180): TelecomServiceImpl: isInCall callState is 0
11-24 10:38:14.365: D/Telecom(1180): TelecomServiceImpl: isInCall callState is 0
11-24 10:38:14.595: D/HwBatteryService(1180): onUEvent fcp_values = 0
11-24 10:38:14.615: D/WifiService(1180): onReceive, action:android.intent.action.BATTERY_CHANGED
11-24 10:38:14.615: D/WifiService(1180): ACTION_BATTERY_CHANGED pluggedType: 2
11-24 10:38:45.375: D/HwBatteryService(1180): onUEvent fcp_values = 0
11-24 10:38:45.395: D/WifiService(1180): onReceive, action:android.intent.action.BATTERY_CHANGED
11-24 10:38:45.395: D/WifiService(1180): ACTION_BATTERY_CHANGED pluggedType: 2
11-24 10:38:51.685: D/WifiService(1180): onReceive, action:android.intent.action.BATTERY_CHANGED
11-24 10:38:51.685: D/WifiService(1180): ACTION_BATTERY_CHANGED pluggedType: 2
11-24 10:38:52.985: D/HwBatteryService(1180): onUEvent fcp_values = 0
11-24 10:38:52.995: D/WifiService(1180): onReceive, action:android.intent.action.BATTERY_CHANGED
11-24 10:38:52.995: D/WifiService(1180): ACTION_BATTERY_CHANGED pluggedType: 2
11-24 10:39:09.555: D/PowerManagerService(1180): wakeUpNoUpdateLocked: eventTime=343762840, uid=1000
11-24 10:39:09.555: D/PowerManagerService(1180): Waking up from sleep (uid 1000)...
11-24 10:39:09.555: D/PowerManagerService(1180): setColorTemperatureAccordingToSetting
11-24 10:39:09.555: D/HwPowerManagerService(1180): setColorTemperatureAccordingToSetting
11-24 10:39:09.555: D/HwPowerManagerService(1180): isDisplayFeatureSupported feature:1
11-24 10:39:09.555: D/HwPowerManagerService(1180): setColorTemperatureAccordingToSetting old:128
11-24 10:39:09.555: D/HwPowerManagerService(1180): setColorTemperature:128
11-24 10:39:09.575: D/HwConnectivityService(1180): mIntentReceiver begin
11-24 10:39:09.575: D/HwConnectivityService(1180): CtrlSocket Receiver,disable: false locked: true action: android.intent.action.SCREEN_ON mSmartKeyguardLevel: normal_level mStartPowerSaving: false
11-24 10:39:09.575: D/HwConnectivityService(1180): CtrlSocket receive screen on intent!
11-24 10:39:09.585: D/WifiService(1180): onReceive, action:android.intent.action.SCREEN_ON
11-24 10:39:09.715: I/DisplayPowerController(1180): Blocking screen on until initial contents have been drawn.
11-24 10:39:09.725: D/WindowManager(1180): mKeyguardDelegate.ShowListener.onDrawn.
11-24 10:39:09.725: I/WindowManager(1180): finishKeyguardDrawn -> waitForAllWindowsDrawn
11-24 10:39:09.725: I/WindowManager(1180): All windows ready for display!
11-24 10:39:09.725: I/WindowManager(1180): Finished screen turning on...
11-24 10:39:09.735: I/DisplayPowerController(1180): Unblocked screen on after 14 ms
11-24 10:39:09.735: D/DisplayPowerState(1180): Updating screen state: state=ON, backlight=0
11-24 10:39:09.735: I/DisplayManagerService(1180): Display device changed state: "", ON
11-24 10:39:09.785: D/WindowManager(1180): mKeyguardDelegate.ShowListener.onDrawn.
11-24 10:39:10.005: D/DisplayPowerState(1180): Updating screen state: state=ON, backlight=53
11-24 10:39:10.005: D/DisplayPowerState(1180): --------- beginning of main
11-24 10:39:10.695: E/wpa_supplicant(24057): bssid=84:5b:12:2f:c9:c1;freq=2412;level=-76;flags=11;ssid=3.2dfire;
11-24 10:39:10.695: E/wpa_supplicant(24057): bssid=00:06:f4:c7:1f:01;freq=2437;level=-80;flags=11;ssid=3.2dfire;
11-24 10:39:10.695: E/wpa_supplicant(24057): bssid=e4:f3:f5:6a:af:66;freq=2472;level=-81;flags=11;ssid=;
11-24 10:39:10.695: E/wpa_supplicant(24057): bssid=00:06:f4:c7:1f:02;freq=2437;level=-81;flags=11;ssid=kf;
11-24 10:39:10.695: D/wpa_supplicant(24057): CTRL-DEBUG: global_ctrl_sock-sendto: sock=16 sndbuf=212992 outq=0 send_len=2733
11-24 10:39:10.705: I/SendBroadcastPermission(1180): action:android.net.wifi.SCAN_RESULTS, mPermissionType:0
11-24 10:39:10.735: E/Sensors(1180): activate, 158: handle=3, enabled=0
11-24 10:39:10.735: E/Sensors(1180): activate, 745: handle=3, enable=0
11-24 10:39:10.735: W/huawei_ProximitySensor_CPP_Test(1180): ProximitySensor, enable, 225: en=0
11-24 10:39:10.735: W/huawei_ProximitySensor_CPP_Test(1180): ProximitySensor, enable, 226: flags=0
11-24 10:39:10.735: W/huawei_ProximitySensor_CPP_Test(1180): ProximitySensor, enable, 227: mEnabled=1
11-24 10:39:11.095: E/InputReader(1180): QEEXO fs_classify_touch NULL, not calling FingerSense
11-24 10:39:11.105: I/KeyguardHostView(2079): dispatchTouchEvent: ACTION_DOWN
11-24 10:39:11.235: E/InputReader(1180): QEEXO fs_touch_up NULL, not calling FingerSense
11-24 10:39:11.255: I/HwLockScreenImpl(2079): onTrigger startActivity intent=null
11-24 10:39:11.255: D/KeyguardHostView(2079): showNextSecurityScreenOrFinish(false),mCurrentSecuritySelection=None
11-24 10:39:11.255: I/KeyguardHostView(2079): showNextSecurityScreenOrFinish mSecondSecurityViewHasShow =false,securityMode=PIN
11-24 10:39:11.255: I/KeyguardHostView(2079): dimissSecondLock is else branch mSecondSecurityViewHasShow=false
11-24 10:39:11.255: D/KeyguardHostView(2079): showSecurityScreen(PIN),mCurrentSecuritySelection=None
11-24 10:39:11.255: D/HwCust(2079): Create obj success use class com.android.keyguard.HwCustKeyguardAbsKeyInputViewImpl
11-24 10:39:11.265: D/CubicBezierInterpolator(2079): CubicBezierInterpolator  mControlPoint1x = 0.44, mControlPoint1y = 0.1, mControlPoint2x = 0.07, mControlPoint2y = 1.0
11-24 10:39:11.315: W/Settings(2079): Setting airplane_mode_on has moved from android.provider.Settings.System to android.provider.Settings.Global, returning read-only value.
11-24 10:39:11.315: D/EmergencyButton(2079): hasCdmaSimCard = true
11-24 10:39:11.315: D/Telecom(1180): TelecomServiceImpl: isInCall callState is 0
11-24 10:39:11.335: W/Settings(2079): Setting airplane_mode_on has moved from android.provider.Settings.System to android.provider.Settings.Global, returning read-only value.
11-24 10:39:11.335: D/EmergencyButton(2079): hasCdmaSimCard = true
11-24 10:39:11.335: W/Settings(2079): Setting airplane_mode_on has moved from android.provider.Settings.System to android.provider.Settings.Global, returning read-only value.
11-24 10:39:11.335: D/EmergencyButton(2079): hasCdmaSimCard = true
11-24 10:39:11.335: D/Telecom(1180): TelecomServiceImpl: isInCall callState is 0
11-24 10:39:11.345: D/HwCust(2079): Create obj success use class com.android.keyguard.HwCustEmergencyButtonImpl
11-24 10:39:11.345: D/HwSmallMusicView(2079): onVisibilityChanged,visibility=0,musicVisible=8
11-24 10:39:11.345: I/HwLockScreenImpl(2079): onpause
11-24 10:39:11.345: I/HwLockScreenImpl(2079): onTrigger startActivity intent=null
11-24 10:39:11.345: D/Telecom(1180): TelecomServiceImpl: isInCall callState is 0
11-24 10:39:11.345: I/HwMtmBroadcastResourceManager(1180): removeReceiver mtm Broadcast
11-24 10:39:11.345: I/HwMtmBroadcastResourceManager(1180): removeReceiver mtm Broadcast
11-24 10:39:11.355: I/HwMtmBroadcastResourceManager(1180): removeReceiver mtm Broadcast
11-24 10:39:11.355: I/HwMtmBroadcastResourceManager(1180): removeReceiver mtm Broadcast
11-24 10:39:12.935: I/keystore(411): calling unlock when already unlocked, ignoring.
11-24 10:39:12.935: I/KeyguardAbsKeyInputViewEx(2079): verifyPasswordAndUnlock result is: true
11-24 10:39:12.935: I/keystore(411): calling unlock when already unlocked, ignoring.
11-24 10:39:12.935: I/KeyguardAbsKeyInputView(2079): verifyPasswordAndUnlock result is: true
11-24 10:39:12.945: D/KeyguardHostView(2079): showNextSecurityScreenOrFinish(true),mCurrentSecuritySelection=PIN
11-24 10:39:12.945: D/KeyguardHostView(2079): showNextSecurityScreenOrFinish finish=true
11-24 10:39:12.955: D/KeyguardViewMediator(2079): keyguardDone(true)
11-24 10:39:12.955: I/KeyguardFingerprint.Validation(2079): onDismissKeyguard, authenticated=true
11-24 10:39:12.965: D/KeyguardViewMediator(2079): handleKeyguardDone, authenticated=true
11-24 10:39:12.965: I/KeyguardUpdateMonitor(2079): stopListeningForFingerprint() mFingerprintDetectionRunning=true
11-24 10:39:12.965: I/fingerprintd(458): FingerprintDaemonProxyEx::onTransact, code:2
11-24 10:39:12.965: D/fpc_fingerprint_hal(458): fpc_cancel
11-24 10:39:12.965: D/KeyguardViewMediator(2079): handleHide
11-24 10:39:12.965: D/KeyguardViewManager(2079): hide()
11-24 10:39:12.965: D/HwSmallMusicView(2079): onVisibilityChanged,visibility=8,musicVisible=8
11-24 10:39:12.965: D/HwMusicView(2079): onVisibilityChanged ,visibility=8,getVisibility()=8
11-24 10:39:12.965: D/MusicUtils(2079): sendLyricsBroadcast show=false,x=0,y=0
11-24 10:39:12.965: D/MusicUtils(2079): sendLyricsBroadcast checkMultiDpiChanged:0.0
11-24 10:39:12.965: I/SendBroadcastPermission(2079): action:com.android.keyguard.intent.action.ACTION_LYRICS, mPermissionType:0
11-24 10:39:12.975: D/HwUpdateMonitor(2079): clearNotifications
11-24 10:39:12.985: I/SendBroadcastPermission(2079): action:android.intent.action.KEYGUARD_UNLOCK, mPermissionType:0
11-24 10:39:12.985: D/HwKeyguardManagerImpl(1180): isLockScreenDisabled HwKeyguardManagerImpl result = false
11-24 10:39:12.985: D/KeyguardViewMediator(2079): setShowingLocked mShowing=true,showing=false
11-24 10:39:12.985: D/KeyguardViewMediator(2079): updateInputRestrictedLocked mInputRestricted=true,inputRestricted=false
11-24 10:39:12.985: D/HwConnectivityService(1180): mIntentReceiver begin
11-24 10:39:12.985: D/HwConnectivityService(1180): CtrlSocket Receiver,disable: false locked: false action: android.intent.action.KEYGUARD_UNLOCK mSmartKeyguardLevel: normal_level mStartPowerSaving: false
11-24 10:39:13.005: D/KeyguardViewMediator(2079): adjustStatusBarLocked: mShowing=false mOccluded=false isSecure=true --> flags=0x0
11-24 10:39:13.005: D/PhoneStatusBar(2057): enter PhoneStatusBar::disable(state1:14680064 state2:0, animate:true
11-24 10:39:13.005: D/PhoneStatusBar(2057): disable: < expand* icons alerts system_info BACK HOME recent* CLOCK navigationbar search* quick_settings >
11-24 10:39:13.005: W/u.aly.bi(30205): No IMEI.
11-24 10:39:13.005: I/SendBroadcastPermission(2079): action:android.intent.action.USER_PRESENT, mPermissionType:0
11-24 10:39:13.005: D/HwPFWLogger(1180): AutoStartupDataMgr:isUnderControll third party not in whitelist: com.sankuai.meituan
11-24 10:39:13.005: D/HwPFWLogger(1180): AutoStartupDataMgr:retrieveStartupSettings type 0 of com.sankuai.meituan is 0
11-24 10:39:13.005: I/HwPFWLogger(1180): AppAutoStartupPolicy:prevent start receiver of package com.sankuai.meituan for action android.intent.action.USER_PRESENT
11-24 10:39:13.015: E/fpc_fingerprint_hal(458): shouldExit is true and need to break wait for finger down
11-24 10:39:13.015: I/HwTrustAgent(10391): mScreenStateReceiver action = android.intent.action.USER_PRESENT
11-24 10:39:13.015: D/BluetoothCommunication(10391): readRssi, enable = false
11-24 10:39:13.015: I/RssiThreshold(10391): cleanRssiThresholdMap isAll = true,device = null
11-24 10:39:13.015: D/PhoneStatusBar/NavigationBarView(2057): setDisabledFlags home button, disableHome:true,disableSearch:false
11-24 10:39:13.015: W/PGApi_client(3101): recv actoionId = 10000, action = com.huawei.pgmng.PGAction@7349ffa actionId =10000 pkg =zmsoft.rest.supply extend1 =110960 extend2 = flag =3 type =1
11-24 10:39:13.015: W/PGMiddleWare(3101): in handleAction method, action = 10000
11-24 10:39:13.015: W/PGMiddleWare(3101): in handleAction, invoke client = com.huawei.pgmng.middleware.AudioEffectLowPowerImpl@82d10eb, action = com.huawei.pgmng.PGAction@7349ffa actionId =10000 pkg =zmsoft.rest.supply extend1 =110960 extend2 = flag =3 type =1
11-24 10:39:13.015: D/fpc_fingerprint_hal(458): fpc1020_waitForEvent out and status -4
11-24 10:39:13.015: E/fpc_fingerprint_hal(458): capture_image failed -4
11-24 10:39:13.015: I/fpc_fingerprint_hal(458): 1021 timeForContinueCapture id:58217
11-24 10:39:13.015: D/fpc_tac(458): fpc_tac_end_identify begin
11-24 10:39:13.015: I/fpc_tac(458): fpc_tac_send_cmd cmd:9, data:0
11-24 10:39:13.015: D/libteec(458): [debug] TEEC_CheckOperation: TEEC_CheckOperation begin
11-24 10:39:13.015: D/libteec(458): [debug] TEEC_CheckOperation: TEEC_CheckOperation param_type[0]=3 param_type[1]=0 param_type[2]=0 param_type[3]=0
11-24 10:39:13.015: D/libteec(458): [debug] TEEC_CheckOperation: TEEC_CheckOperation param_cnt = 0 
11-24 10:39:13.015: D/libteec(458): [debug] TEEC_CheckOperation: TEEC_CheckOperation param_cnt = 1 
11-24 10:39:13.015: D/libteec(458): [debug] TEEC_CheckOperation: TEEC_CheckOperation param_cnt = 2 
11-24 10:39:13.015: D/libteec(458): [debug] TEEC_CheckOperation: TEEC_CheckOperation param_cnt = 3 
11-24 10:39:13.015: D/libteec(458): [debug] TEEC_CheckOperation: TEEC_CheckOperation end
11-24 10:39:13.015: D/libteec(458): [debug] TEEC_Encode: begin to encode
11-24 10:39:13.015: D/libteec(458): [debug] TEEC_Encode: TEEC_Encode get cli_context->uuid success
11-24 10:39:13.015: D/libteec(458): [debug] TEEC_Encode: qsc_encode get param magicnum=0x8171401 session_id=1 cmd_id=0x9  global_cmd_id=0  login.method=0  login.mdata=0 
11-24 10:39:13.015: D/libteec(458): [debug] offset_up: offset = 128
11-24 10:39:13.015: D/libteec(458): [debug] TEEC_Encode: param started = 0 paramTypes = 0x3
11-24 10:39:13.015: D/libteec(458): [debug] TEEC_Encode: param_type[0]=0x3 [1]=0x0 [2]=0x0 [3]=0x0 
11-24 10:39:13.015: D/libteec(458): [debug] TEEC_Encode: deal with param, param_cnt = 0
11-24 10:39:13.015: D/libteec(458): [debug] TEEC_Encode: cli_context->params[0].value.a=0x0 value.b=0x9!
11-24 10:39:13.015: D/libteec(458): [debug] TEEC_Encode: after add param_type[0],offset = 128!
11-24 10:39:13.015: D/libteec(458): [debug] TEEC_Encode: deal with param, param_cnt = 1
11-24 10:39:13.015: D/libteec(458): [debug] TEEC_Encode: param_type[1] == TEEC_NONE !
11-24 10:39:13.015: D/libteec(458): [debug] TEEC_Encode: after add param_type[1],offset = 128!
11-24 10:39:13.015: D/libteec(458): [debug] TEEC_Encode: deal with param, param_cnt = 2
11-24 10:39:13.015: D/libteec(458): [debug] TEEC_Encode: param_type[2] == TEEC_NONE !
11-24 10:39:13.015: D/libteec(458): [debug] TEEC_Encode: after add param_type[2],offset = 128!
11-24 10:39:13.015: D/libteec(458): [debug] TEEC_Encode: deal with param, param_cnt = 3
11-24 10:39:13.015: D/libteec(458): [debug] TEEC_Encode: param_type[3] == TEEC_NONE !
11-24 10:39:13.015: D/libteec(458): [debug] TEEC_Encode: after add param_type[3],offset = 128!
11-24 10:39:13.015: D/libteec(458): [debug] TEEC_Encode: cli_context->len=128 !
11-24 10:39:13.015: D/libteec(458): [debug] ca_daemon_send_cmd: begin
11-24 10:39:13.015: D/libteec(458): [debug] ca_daemon_send_cmd: global_cmd_id = 0xf
11-24 10:39:13.015: D/libteec(458): [debug] send_data: send begin! socket fd = 12
11-24 10:39:13.015: D/libteec(458): [debug] send_data: need to send data len= 128
11-24 10:39:13.015: D/libteec(458): [debug] send_data: actual send data len = 128
11-24 10:39:13.015: D/libteec(458): [debug] send_data: end
11-24 10:39:13.015: E/libteec(458): [error] recv_data: begin
11-24 10:39:13.015: D/libteec(458): [debug] recv_data: receive data buffer len = 36864
11-24 10:39:13.015: D/libteec(458): [debug] recv_data: original returns code = 0xffff000e/n
11-24 10:39:13.015: E/teecd(362): [error] recv_file: receive data len = 128
11-24 10:39:13.015: D/teecd(362): [debug] recv_file: end
11-24 10:39:13.015: D/teecd(362): [debug] do_service: already receive a new command, handle it
11-24 10:39:13.015: D/teecd(362): [debug] invoke_command: begin
11-24 10:39:13.015: D/teecd(362): [debug] invoke_command: cmd_id = 9
11-24 10:39:13.015: D/teecd(362): [debug] ta_invoke_command: begin
11-24 10:39:13.015: D/teecd(362): [debug] ta_invoke_command: begin to invoke!
11-24 10:39:13.015: D/teecd(362): [debug] ta_invoke_command: end
11-24 10:39:13.015: D/teecd(362): [debug] invoke_command: temp_session->session_id = 1
11-24 10:39:13.015: D/teecd(362): [debug] invoke_command: magicnum = 0x8171401
11-24 10:39:13.015: D/teecd(362): [debug] invoke_command: uuid = fingerpr
11-24 10:39:13.015: D/QSEECOMAPI:(362): App is already loaded QSEE and app id = 4
11-24 10:39:13.015: D/teecd(362): [debug] qsc_send_cmd: QSEECom_send_cmd(3ad180d0, 7fb20ef000, 128, 7fb20ef000, 128)
11-24 10:39:13.015: W/ActivityManager(1180): getRunningAppProcesses: caller 10264 does not hold REAL_GET_TASKS; limiting output
11-24 10:39:13.025: E/teecd(362): [error] qsc_send_cmd: QSEECom_send_cmd return!
11-24 10:39:13.025: E/teecd(362): [error] qsc_send_cmd: qsc_send_cmd finish
11-24 10:39:13.025: D/teecd(362): [debug] do_service: finish this command. return code = 0x0
11-24 10:39:13.025: D/teecd(362): [debug] send_file: begin send file socket = 8
11-24 10:39:13.025: D/teecd(362): [debug] send_file: need to send data len= 128
11-24 10:39:13.025: E/teecd(362): [error] send_file: send data return = 128
11-24 10:39:13.025: D/teecd(362): [debug] send_file: end
11-24 10:39:13.025: D/teecd(362): [debug] do_service: Server ready to receive new command
11-24 10:39:13.025: D/teecd(362): [debug] recv_file: begin recv file socket = 8
11-24 10:39:13.025: D/teecd(362): [debug] recv_file: receive data buffer len = 36864
11-24 10:39:13.025: E/libteec(458): [error] recv_data: receive data len = 128
11-24 10:39:13.025: D/libteec(458): [debug] recv_data: end
11-24 10:39:13.025: D/libteec(458): [debug] TEEC_InvokeCommand: invoke cmd success
11-24 10:39:13.025: E/libteec(458): [error] TEEC_Decode: begin
11-24 10:39:13.025: D/libteec(458): [debug] TEEC_Decode: param_type[0]=0x3 [1]=0x0 [2]=0x0 [3]=0x0 
11-24 10:39:13.025: D/libteec(458): [debug] TEEC_Decode: param_type[0] is TEEC_VALUE 
11-24 10:39:13.025: D/libteec(458): [debug] TEEC_Decode: params[0].value.a=0x0 value.b=0x0!
11-24 10:39:13.025: E/libteec(458): [error] TEEC_Decode: qsc_decode bad command id param_cnt = 1!
11-24 10:39:13.025: E/libteec(458): [error] TEEC_Decode: qsc_decode bad command id param_cnt = 2!
11-24 10:39:13.025: E/libteec(458): [error] TEEC_Decode: qsc_decode bad command id param_cnt = 3!
11-24 10:39:13.025: E/libteec(458): [error] TEEC_Decode: qsc_decode end
11-24 10:39:13.025: D/fpc_tac(458): fpc_tac_end_identify end
11-24 10:39:13.025: E/fpc_fingerprint_hal(458): do_identify failed -4
11-24 10:39:13.025: I/fpc_fingerprint_hal(458): do_identify operation CANCELED
11-24 10:39:13.025: D/fpc_fingerprint_hal(458): do_identify POWERPUSH speed down 
11-24 10:39:13.025: D/fpc_fingerprint_hal(458): do_identify took 58244 ms, total:58244 wait:0
11-24 10:39:13.025: D/fpc_fingerprint_hal(458): worker idle
11-24 10:39:13.025: D/HwLauncher(4440): Launcher.LauncherProvider  launcher-restore call - method:keyguard_unlocked arg:unlock extras:null
11-24 10:39:13.025: I/HwLauncher(4440): Launcher.LauncherProvider  begin check permission at checkPermission
11-24 10:39:13.035: D/HwKeyguardManagerImpl(2101): isLockScreenDisabled HwKeyguardManagerImpl result = false
11-24 10:39:13.035: I/ash(3101): ash->screen unlock
11-24 10:39:13.035: W/System.err(4440): java.lang.SecurityException: Permission Denial: reading com.huawei.android.launcher.LauncherProvider from pid=2079, uid=10088 requires com.huawei.android.launcher.permission.WRITE_SETTINGS: uid 10088 does not have com.huawei.android.launcher.permission.WRITE_SETTINGS.
11-24 10:39:13.035: I/AlarmRestrict(3101): [resume] net alarms
11-24 10:39:13.035: W/System.err(4440): 	at android.app.ContextImpl.enforce(ContextImpl.java:1595)
11-24 10:39:13.035: W/System.err(4440): 	at android.app.ContextImpl.enforcePermission(ContextImpl.java:1608)
11-24 10:39:13.035: W/System.err(4440): 	at android.content.ContextWrapper.enforcePermission(ContextWrapper.java:664)
11-24 10:39:13.035: W/System.err(4440): 	at com.huawei.android.launcher.LauncherProvider.checkPermission(LauncherProvider.java:1369)
11-24 10:39:13.035: W/System.err(4440): 	at com.huawei.android.launcher.LauncherProvider.call(LauncherProvider.java:1544)
11-24 10:39:13.035: W/System.err(4440): 	at android.content.ContentProvider$Transport.call(ContentProvider.java:398)
11-24 10:39:13.035: W/System.err(4440): 	at android.content.ContentProviderNative.onTransact(ContentProviderNative.java:283)
11-24 10:39:13.035: W/System.err(4440): 	at android.os.Binder.execTransact(Binder.java:453)
11-24 10:39:13.035: E/DatabaseUtils(4440): Writing exception to parcel
11-24 10:39:13.035: E/DatabaseUtils(4440): java.lang.SecurityException: Permission Denial: reading com.huawei.android.launcher.LauncherProvider from pid=2079, uid=10088 requires com.huawei.android.launcher.permission.WRITE_SETTINGS: uid 10088 does not have com.huawei.android.launcher.permission.WRITE_SETTINGS.
11-24 10:39:13.035: E/DatabaseUtils(4440): 	at android.app.ContextImpl.enforce(ContextImpl.java:1595)
11-24 10:39:13.035: E/DatabaseUtils(4440): 	at android.app.ContextImpl.enforcePermission(ContextImpl.java:1608)
11-24 10:39:13.035: E/DatabaseUtils(4440): 	at android.content.ContextWrapper.enforcePermission(ContextWrapper.java:664)
11-24 10:39:13.035: E/DatabaseUtils(4440): 	at com.huawei.android.launcher.LauncherProvider.checkPermission(LauncherProvider.java:1369)
11-24 10:39:13.035: E/DatabaseUtils(4440): 	at com.huawei.android.launcher.LauncherProvider.call(LauncherProvider.java:1544)
11-24 10:39:13.035: E/DatabaseUtils(4440): 	at android.content.ContentProvider$Transport.call(ContentProvider.java:398)
11-24 10:39:13.035: E/DatabaseUtils(4440): 	at android.content.ContentProviderNative.onTransact(ContentProviderNative.java:283)
11-24 10:39:13.035: E/DatabaseUtils(4440): 	at android.os.Binder.execTransact(Binder.java:453)
11-24 10:39:13.035: E/LauncherInteractiveUtil(2079): Call launcher evnt fail. lock=false
11-24 10:39:13.035: E/LauncherInteractiveUtil(2079): java.lang.SecurityException: Permission Denial: reading com.huawei.android.launcher.LauncherProvider from pid=2079, uid=10088 requires com.huawei.android.launcher.permission.WRITE_SETTINGS: uid 10088 does not have com.huawei.android.launcher.permission.WRITE_SETTINGS.
11-24 10:39:13.035: E/LauncherInteractiveUtil(2079): 	at android.os.Parcel.readException(Parcel.java:1602)
11-24 10:39:13.035: E/LauncherInteractiveUtil(2079): 	at android.database.DatabaseUtils.readExceptionFromParcel(DatabaseUtils.java:183)
11-24 10:39:13.035: E/LauncherInteractiveUtil(2079): 	at android.database.DatabaseUtils.readExceptionFromParcel(DatabaseUtils.java:135)
11-24 10:39:13.035: E/LauncherInteractiveUtil(2079): 	at android.content.ContentProviderProxy.call(ContentProviderNative.java:646)
11-24 10:39:13.035: E/LauncherInteractiveUtil(2079): 	at android.content.ContentProviderClient.call(ContentProviderClient.java:437)
11-24 10:39:13.035: E/LauncherInteractiveUtil(2079): 	at com.huawei.keyguard.support.LauncherInteractiveUtil$Caller.run(LauncherInteractiveUtil.java:59)
11-24 10:39:13.035: E/LauncherInteractiveUtil(2079): 	at android.os.AsyncTask$SerialExecutor$1.run(AsyncTask.java:246)
11-24 10:39:13.035: E/LauncherInteractiveUtil(2079): 	at java.util.concurrent.ThreadPoolExecutor.runWorker(ThreadPoolExecutor.java:1113)
11-24 10:39:13.035: E/LauncherInteractiveUtil(2079): 	at java.util.concurrent.ThreadPoolExecutor$Worker.run(ThreadPoolExecutor.java:588)
11-24 10:39:13.035: E/LauncherInteractiveUtil(2079): 	at java.lang.Thread.run(Thread.java:833)
11-24 10:39:13.035: D/SmartHeartBeat(1180): setAlarmsPending ...
11-24 10:39:13.045: D/HwCust(19645): Create obj success use class com.android.settings.deviceinfo.HwCustUsbReceiverImpl
11-24 10:39:13.045: D/NetdConnector(1180): SND -> {7716 bandwidth gettetherstats}
11-24 10:39:13.045: D/NetdConnector(1180): RCV <- {200 7716 Tethering stats list completed}
11-24 10:39:13.045: D/NetdConnector(1180): RCV <- {200 7716 Tethering stats list completed}
11-24 10:39:13.045: W/ProcessCpuTracker(1180): Skipping unknown process pid 30680
11-24 10:39:13.045: D/HwBatteryService(1180): onUEvent fcp_values = 0
11-24 10:39:13.055: W/ContextImpl(3070): Calling a method in the system process without a qualified user: android.app.ContextImpl.startService:1378 android.content.ContextWrapper.startService:581 android.content.ContextWrapper.startService:581 com.huawei.lcagent.service.LockScreenReceiver.onReceive:20 android.app.ActivityThread.handleReceiver:2753 
11-24 10:39:13.055: W/ContextImpl(3070): Calling a method in the system process without a qualified user: android.app.ContextImpl.startService:1378 android.content.ContextWrapper.startService:581 com.huawei.lcagent.service.LogCollectService$LogCollectServiceHandler.handleResumeUploadLog:1940 com.huawei.lcagent.service.LogCollectService$LogCollectServiceHandler.handleMessage:1790 android.os.Handler.dispatchMessage:102 
11-24 10:39:13.065: D/LogUpload Service(29915): onCreate()
11-24 10:39:13.065: D/LogUpload Service(29915): onStartCommand()
11-24 10:39:13.065: I/SendBroadcastPermission(1180): action:com.android.server.action.NETWORK_STATS_UPDATED, mPermissionType:0
11-24 10:39:13.065: I/MobclickAgent(30205): Start new session: 6BC37B064E6C460DA83601DB2FDD86CE
11-24 10:39:13.065: D/fpc_fingerprint_hal(458): workerSetState set to Idle when other worker is processing before start a new worker ret=48
11-24 10:39:13.065: D/fpc_fingerprint_hal(458): fpc_device **readNode** g_vendor_info_value=48
11-24 10:39:13.065: D/TintManager(2057): keyguard unlocked
11-24 10:39:13.065: D/BarTransitions.PhoneStatusBarView(2057): setUseGradientBackground: true
11-24 10:39:13.075: D/TintManager(2057): updateBarTint
11-24 10:39:13.075: D/HwCust(1180): Create obj success use class android.content.res.HwCustHwResourcesImpl
11-24 10:39:13.075: D/LogUpload Service(29915): netType1
11-24 10:39:13.075: D/LogUpload Service(29915): networkType is 1
11-24 10:39:13.075: E/Utils(29915): lockCreate
11-24 10:39:13.075: D/MobclickAgent(30205): UALogEntry(client_stats:ClientStats(successful_requests:1, failed_requests:0, last_request_spent_ms:40), app_info:AppInfo(key:5773758f67e58ec42f000bfe, version:1.5.0, version_index:150, package_name:zmsoft.rest.supply, sdk_type:ANDROID, sdk_version:5.2.4, channel:2Dfire), device_info:DeviceInfo(device_id:02:00:00:00:00:00, idmd5:f607264fc6318a92b9e13c65db7cd3c, mac_address:02:00:00:00:00:00, model:KIW-AL10, cpu:AArch64 Processor rev 4 (aarch64), os:Android, os_version:6.0.1, resolution:Resolution(height:1776, width:1080), device_board:KIW-AL10, device_brand:HONOR, device_manutime:1476389616000, device_manufacturer:HUAWEI, device_manuid:HONORKIW-AL10, device_name:HNKIW-Q), misc_info:MiscInfo(time_zone:8, language:zh, country:CN, carrier:, access_type:ACCESS_TYPE_WIFI), sessions:[Session(id:CCF7AF6164E316745356F465B4EFC28B, start_time:1479954813278, end_time:1479955089000, duration:275722, pages:[Page(page_name:zmsoft.share.login.login.WXLoginActivity, duration:275727)])], imprint:Imprint(property:{app_version=ImprintValue(value:1.5.0, ts:1479954813164, guid:9c3242a4579b99544232ca56b039318750fcbae9), os_version=ImprintValue(value:6.0.1, ts:1479954813164, guid:9c3242a48aa60a8f5d0bd2925d81d50b22741907), umid=ImprintValue(value:f607264fc6318a92b9e13c65db7cd3c, ts:1479954813164, guid:9c3242a44403f93a61ecd8a4ba16e81aa23d6232)}, version:1, checksum:bbf212d683ebef3b545a0b2e8f9c7260), id_tracking:IdTracking(snapshots:{mac=IdSnapshot(identity:02:00:00:00:00:00, ts:1479954813303, version:1), android_id=IdSnapshot(identity:f7bbfba166f7002b, ts:1479954813299, version:1)}))
11-24 10:39:13.075: D/HwSmallMusicView(2079): onDetachedFromWindow 
11-24 10:39:13.075: D/KeyguardStatusViewEx(2079): KeyguardStatusViewEx onDetachedFromWindow
11-24 10:39:13.075: I/HwMtmBroadcastResourceManager(1180): removeReceiver mtm Broadcast
11-24 10:39:13.075: W/InputMethodManagerService(1180): Window already focused, ignoring focus gain of: com.android.internal.view.IInputMethodClient$Stub$Proxy@7a35339 attribute=android.view.inputmethod.EditorInfo@1fb82df, token = android.os.BinderProxy@9a7628
11-24 10:39:13.085: D/PhoneStatusBar(2057): enter PhoneStatusBar::disable(state1:0 state2:0, animate:true
11-24 10:39:13.085: D/PhoneStatusBar(2057): disable: < expand icons alerts system_info back* home* recent clock* navigationbar search quick_settings >
11-24 10:39:13.085: W/u.aly.bi(30205): No IMEI.
11-24 10:39:13.085: D/LogUpload Service(29915): Start to kill process!
11-24 10:39:13.085: D/KeyguardStatusViewEx(2079): KeyguardStatusViewEx onDetachedFromWindow
11-24 10:39:13.085: D/HwMusicView(2079): onDetachedFromWindow 
11-24 10:39:13.085: I/InfoCenterView(2079): unRegisterCallback com.android.huawei.music.HwMusicView$2@2a90875, callback size = 1
11-24 10:39:13.085: D/MusicUtils(2079): sendLyricsBroadcast show=false,x=0,y=0
11-24 10:39:13.085: D/MusicUtils(2079): sendLyricsBroadcast checkMultiDpiChanged:0.0
