11-24 10:39:41.735: W/ResourceType(4440): No known package when getting name for resource number 0x9b000000
11-24 10:39:41.735: W/ResourceType(4440): No known package when getting name for resource number 0x9b010100
11-24 10:39:41.735: W/ResourceType(4440): No known package when getting name for resource number 0x9b020200
11-24 10:39:41.735: W/ResourceType(4440): No known package when getting name for resource number 0x9b030300
11-24 10:39:41.735: W/ResourceType(4440): No known package when getting name for resource number 0x9c030100
11-24 10:39:41.735: W/ResourceType(4440): No known package when getting name for resource number 0x9c030200
11-24 10:39:41.735: W/ResourceType(4440): No known package when getting name for resource number 0x9c030300
11-24 10:39:41.735: W/ResourceType(4440): No known package when getting name for resource number 0x9c030001
11-24 10:39:41.735: W/ResourceType(4440): No known package when getting name for resource number 0x9c030101
11-24 10:39:41.735: W/ResourceType(4440): No known package when getting name for resource number 0x9c030201
11-24 10:39:41.735: W/ResourceType(4440): No known package when getting name for resource number 0x9c020000
11-24 10:39:41.735: W/ResourceType(4440): No known package when getting name for resource number 0x9c020100
11-24 10:39:41.735: W/ResourceType(4440): No known package when getting name for resource number 0x9c020200
11-24 10:39:41.735: W/ResourceType(4440): No known package when getting name for resource number 0x9c020300
11-24 10:39:41.735: W/ResourceType(4440): No known package when getting name for resource number 0x9c020001
11-24 10:39:41.735: W/ResourceType(4440): No known package when getting name for resource number 0x9c020101
11-24 10:39:41.735: W/ResourceType(4440): No known package when getting name for resource number 0x9c020201
11-24 10:39:41.735: W/ResourceType(4440): No known package when getting name for resource number 0x9c020301
11-24 10:39:41.735: W/ResourceType(4440): No known package when getting name for resource number 0x9c020002
11-24 10:39:41.735: W/ResourceType(4440): No known package when getting name for resource number 0x9c020102
11-24 10:39:41.735: W/ResourceType(4440): No known package when getting name for resource number 0x9c020302
11-24 10:39:41.735: W/ResourceType(4440): No known package when getting name for resource number 0x9c020003
11-24 10:39:41.735: W/ResourceType(4440): No known package when getting name for resource number 0x9c020103
11-24 10:39:41.735: W/ResourceType(4440): No known package when getting name for resource number 0x9c020203
11-24 10:39:41.735: W/ResourceType(4440): No known package when getting name for resource number 0x9c020303
11-24 10:39:41.735: W/ResourceType(4440): No known package when getting name for resource number 0x9c020004
11-24 10:39:41.745: W/ResourceType(4440): No known package when getting name for resource number 0x9c020104
11-24 10:39:41.745: W/ResourceType(4440): No known package when getting name for resource number 0x9c020204
11-24 10:39:41.745: W/ResourceType(4440): No known package when getting name for resource number 0x9c020304
11-24 10:39:41.745: W/ResourceType(4440): No known package when getting name for resource number 0x9b000000
11-24 10:39:41.745: W/ResourceType(4440): No known package when getting name for resource number 0x9b010100
11-24 10:39:41.745: W/ResourceType(4440): No known package when getting name for resource number 0x9b020200
11-24 10:39:41.745: W/ResourceType(4440): No known package when getting name for resource number 0x9b030300
11-24 10:39:41.745: W/ResourceType(4440): No known package when getting name for resource number 0x9c030100
11-24 10:39:41.745: W/ResourceType(4440): No known package when getting name for resource number 0x9c030200
11-24 10:39:41.745: W/ResourceType(4440): No known package when getting name for resource number 0x9c030300
11-24 10:39:41.745: W/ResourceType(4440): No known package when getting name for resource number 0x9c030001
11-24 10:39:41.745: W/ResourceType(4440): No known package when getting name for resource number 0x9c030101
11-24 10:39:41.745: W/ResourceType(4440): No known package when getting name for resource number 0x9c030201
11-24 10:39:41.745: W/ResourceType(4440): No known package when getting name for resource number 0x9c020000
11-24 10:39:41.745: W/ResourceType(4440): No known package when getting name for resource number 0x9c020100
11-24 10:39:41.755: W/ResourceType(4440): No known package when getting name for resource number 0x9c020200
11-24 10:39:41.755: W/ResourceType(4440): No known package when getting name for resource number 0x9c020300
11-24 10:39:41.755: W/ResourceType(4440): No known package when getting name for resource number 0x9c020001
11-24 10:39:41.755: W/ResourceType(4440): No known package when getting name for resource number 0x9c020101
11-24 10:39:41.755: W/ResourceType(4440): No known package when getting name for resource number 0x9c020201
11-24 10:39:41.755: W/ResourceType(4440): No known package when getting name for resource number 0x9c020301
11-24 10:39:41.755: W/ResourceType(4440): No known package when getting name for resource number 0x9c020002
11-24 10:39:41.755: W/ResourceType(4440): No known package when getting name for resource number 0x9c020102
11-24 10:39:41.755: W/ResourceType(4440): No known package when getting name for resource number 0x9c020302
11-24 10:39:41.755: W/ResourceType(4440): No known package when getting name for resource number 0x9c020003
11-24 10:39:41.755: W/ResourceType(4440): No known package when getting name for resource number 0x9c020103
11-24 10:39:41.755: W/ResourceType(4440): No known package when getting name for resource number 0x9c020203
11-24 10:39:41.755: W/ResourceType(4440): No known package when getting name for resource number 0x9c020303
11-24 10:39:41.755: W/ResourceType(4440): No known package when getting name for resource number 0x9c020004
11-24 10:39:41.755: W/ResourceType(4440): No known package when getting name for resource number 0x9c020104
11-24 10:39:41.755: W/ResourceType(4440): No known package when getting name for resource number 0x9c020204
11-24 10:39:41.755: W/ResourceType(4440): No known package when getting name for resource number 0x9c020304
11-24 10:39:41.755: I/ActivityManager(1180): START u0 {act=android.intent.action.MAIN cat=[android.intent.category.LAUNCHER] flg=0x10200000 cmp=zmsoft.rest.supply/.ui.AppSplash} from uid 2000 on display 0
11-24 10:39:41.755: I/HwUserBehaviourRecord(1180): appEnterRecord---zmsoft.rest.supply
11-24 10:39:41.765: W/ResourceType(4440): No known package when getting name for resource number 0x9b000000
11-24 10:39:41.765: W/ResourceType(4440): No known package when getting name for resource number 0x9b010100
11-24 10:39:41.765: W/ResourceType(4440): No known package when getting name for resource number 0x9b020200
11-24 10:39:41.765: W/ResourceType(4440): No known package when getting name for resource number 0x9b030300
11-24 10:39:41.765: I/MSM-irqbalance(512): Decided to move IRQ215 from CPU7 to CPU4
11-24 10:39:41.765: W/ResourceType(4440): No known package when getting name for resource number 0x9c030100
11-24 10:39:41.765: W/ResourceType(4440): No known package when getting name for resource number 0x9c030200
11-24 10:39:41.765: W/ResourceType(4440): No known package when getting name for resource number 0x9c030300
11-24 10:39:41.765: W/ResourceType(4440): No known package when getting name for resource number 0x9c030001
11-24 10:39:41.765: W/ResourceType(4440): No known package when getting name for resource number 0x9c030101
11-24 10:39:41.765: W/ResourceType(4440): No known package when getting name for resource number 0x9c030201
11-24 10:39:41.765: W/ResourceType(4440): No known package when getting name for resource number 0x9c020000
11-24 10:39:41.775: W/ResourceType(4440): No known package when getting name for resource number 0x9c020100
11-24 10:39:41.775: W/ResourceType(4440): No known package when getting name for resource number 0x9c020200
11-24 10:39:41.775: W/ResourceType(4440): No known package when getting name for resource number 0x9c020300
11-24 10:39:41.775: W/ResourceType(4440): No known package when getting name for resource number 0x9c020001
11-24 10:39:41.775: W/ResourceType(4440): No known package when getting name for resource number 0x9c020101
11-24 10:39:41.775: W/ResourceType(4440): No known package when getting name for resource number 0x9c020201
11-24 10:39:41.775: W/ResourceType(4440): No known package when getting name for resource number 0x9c020301
11-24 10:39:41.775: W/ResourceType(4440): No known package when getting name for resource number 0x9c020002
11-24 10:39:41.775: W/ResourceType(4440): No known package when getting name for resource number 0x9c020102
11-24 10:39:41.775: W/ResourceType(4440): No known package when getting name for resource number 0x9c020302
11-24 10:39:41.775: W/ResourceType(4440): No known package when getting name for resource number 0x9c020003
11-24 10:39:41.775: W/ResourceType(4440): No known package when getting name for resource number 0x9c020103
11-24 10:39:41.775: W/ResourceType(4440): No known package when getting name for resource number 0x9c020203
11-24 10:39:41.775: W/ResourceType(4440): No known package when getting name for resource number 0x9c020303
11-24 10:39:41.775: W/ResourceType(4440): No known package when getting name for resource number 0x9c020004
11-24 10:39:41.775: W/ResourceType(4440): No known package when getting name for resource number 0x9c020104
11-24 10:39:41.775: W/ResourceType(4440): No known package when getting name for resource number 0x9c020204
11-24 10:39:41.775: W/ResourceType(4440): No known package when getting name for resource number 0x9c020304
11-24 10:39:41.775: I/HwLauncher(4440): Launcher onPause()
11-24 10:39:41.785: I/HwLauncher(4440): Launcher.MotionManager stopMotionAppsReco begin,flg = 402
11-24 10:39:41.785: D/MotionDetectionManager(4440): stopMotionAppsReco motionApps: 402
11-24 10:39:41.785: D/MotionDetectionManager(4440): stopMotionAppsReco not recognition motionApps 402
11-24 10:39:41.785: W/HwLauncher(4440): Launcher.MotionManager stopMotionAppsReco service flg 402 is unavailable
11-24 10:39:41.785: I/HwLauncher(4440): Launcher.MotionManager stopMotionAppsReco begin,flg = 403
11-24 10:39:41.785: D/MotionDetectionManager(4440): stopMotionAppsReco motionApps: 403
11-24 10:39:41.785: D/MotionDetectionManager(4440): stopMotionAppsReco not recognition motionApps 403
11-24 10:39:41.785: W/HwLauncher(4440): Launcher.MotionManager stopMotionAppsReco service flg 403 is unavailable
11-24 10:39:41.805: D/Zygote(30877): CtrlSocket libc.so ctrl_sockets_set_addr pfunc is not exist!
11-24 10:39:41.805: I/TotemWeather(4440): AbstractDualWeatherWidgetHomeView onWindowFocusChanged, hasWindowFocus= false
11-24 10:39:41.805: I/art(30877): Late-enabling -Xcheck:jni
11-24 10:39:41.805: I/ActivityManager(1180): Start proc 30877:zmsoft.rest.supply/u0a264 for activity zmsoft.rest.supply/.ui.AppSplash
11-24 10:39:41.865: W/PGApi_client(3101): recv actoionId = 10000, action = com.huawei.pgmng.PGAction@1c6dba1 actionId =10000 pkg =zmsoft.rest.supply extend1 =110960 extend2 = flag =3 type =1
11-24 10:39:41.865: W/PGMiddleWare(3101): in handleAction method, action = 10000
11-24 10:39:41.865: W/PGMiddleWare(3101): in handleAction, invoke client = com.huawei.pgmng.middleware.AudioEffectLowPowerImpl@82d10eb, action = com.huawei.pgmng.PGAction@1c6dba1 actionId =10000 pkg =zmsoft.rest.supply extend1 =110960 extend2 = flag =3 type =1
11-24 10:39:41.865: D/ImageWallpaper(2057): onVisibilityChanged: mVisible, visible=true, false
11-24 10:39:41.865: D/ActivityThread(30877): ActivityThread,attachApplication
11-24 10:39:41.865: D/ActivityManager(1180): ActivityManagerService,attachApplication,callingPid = 30877
11-24 10:39:41.875: D/ImageWallpaper(2057): Suppressed drawFrame since redraw is not needed and offsets have not changed. rotation new/old: 0/0, width new/old: 2160/2160, height new/old: 1920/1920, offsetChanged: false
11-24 10:39:41.875: I/HwSystemManager(2101): NotificationGuideService:handle MSG_ACTIVIY_FOREGROUND, uid:10264
11-24 10:39:41.875: D/PhoneStatusBar(2057): setSystemUiVisibility vis=0 mask=ffffffff oldVal=c0000700 newVal=0 diff=c0000700
11-24 10:39:41.875: D/PhoneStatusBar(2057): sbMode=0, nbMode=0mStatusBarMode=2, mNavigationBarMode=2
11-24 10:39:41.875: D/BarTransitions.PhoneStatusBarView(2057): MODE_TRANSLUCENT -> MODE_OPAQUE animate=false
11-24 10:39:41.875: D/BarTransitions.PhoneStatusBarView(2057): applyModeBackground MODE_OPAQUE animate=false,mGradientBackground=true
11-24 10:39:41.875: D/BarTransitions.PhoneStatusBarView(2057): Show color layer
11-24 10:39:41.875: D/BarTransitions.NavigationBarView(2057): MODE_TRANSLUCENT -> MODE_OPAQUE animate=false
11-24 10:39:41.875: D/BarTransitions.NavigationBarView(2057): applyModeBackground MODE_OPAQUE animate=false,mGradientBackground=true
11-24 10:39:41.875: D/BarTransitions.NavigationBarView(2057): Show color layer
11-24 10:39:41.875: D/TintManager(2057): updateBarTint
11-24 10:39:41.915: D/HwCust(30877): Create obj success use class android.content.res.HwCustHwResourcesImpl
11-24 10:39:41.935: I/MultiDex(30877): VM with version 2.1.0 has multidex support
11-24 10:39:41.935: I/MultiDex(30877): install
11-24 10:39:41.935: I/MultiDex(30877): VM has multidex support, MultiDex support library is disabled.
11-24 10:39:42.055: D/WifiManager(30877): Enter init, sThreadRefCount:0
11-24 10:39:42.055: D/WifiManager(30877): Create WifiManager handlerthread
11-24 10:39:42.055: D/WifiService(1180): getWifiServiceMessenger, pid:30877, uid:10264
11-24 10:39:42.065: D/WifiService(1180): New client listening to asynchronous messages
11-24 10:39:42.065: W/ActivityManager(1180): getRunningAppProcesses: caller 10264 does not hold REAL_GET_TASKS; limiting output
11-24 10:39:42.075: D/u.aly.bo(30877): 752:	request: http://oc.umeng.com/check_config_update
11-24 10:39:42.075: D/u.aly.bo(30877): {"type":"online_config","appkey":"5773758f67e58ec42f000bfe","version_code":"150","package":"zmsoft.rest.supply","sdk_version":"5.2.4","idmd5":"f607264fc6318a92b9e13c65db7cd3c","channel":"2Dfire","report_policy":1,"last_config_time":""}
11-24 10:39:42.075: W/System(30877): ClassLoader referenced unknown path: /system/framework/tcmclient.jar
11-24 10:39:42.075: W/System(30877): ClassLoader referenced unknown path: /system/framework/com.qualcomm.qti.GBAHttpAuthentication.jar
11-24 10:39:42.085: D/FAS(30877): crypto_MD5=0x7f7c5e0ac4, crypto_PKCS7_get_certificates=0x7f7c5f9350, crypto_OBJ_obj2nid=0x7f7c5e4ef4, crypto_X509_digest=0x7f7c6046fc, crypto_d2i_PKCS7_bio=0x0
11-24 10:39:42.085: D/FAS(30877): crypto_sk_value=0x7f7c5f4f64, crypto_AES_set_decrypt_key=0x7f7c5986bc, crypto_AES_cbc_encrypt=0x7f7c599198
11-24 10:39:42.085: D/FAS(30877): crypto_EVP_sha1=0x7f7c5c6e88, crypto_AES_set_encrypt_key=0x7f7c597fb8, crypto_sk_num=0x7f7c5f4f18, crypto_BIO_free=0x7f7c5a792c, crypto_BIO_new_mem_buf=0x7f7c5a81b8
11-24 10:39:42.085: I/System(30877): core_booster, getBoosterConfig = false
11-24 10:39:42.085: D/FAS(30877): get_certificates.ret = 1, nread = 954, certs = 0x7fd617a5f0, num = 1
11-24 10:39:42.085: D/FAS(30877): certificates.verify.is_valid = 1
11-24 10:39:42.115: I/u.aly.bo(30877): 752:	response: 
11-24 10:39:42.115: I/u.aly.bo(30877): {"config_update":"Yes","report_policy":1,"last_config_time":"Wed Jun 29 20:08:53 CST 2016","ad_request":1,"online_params":{},"oc_interval":10}
11-24 10:39:42.115: D/MobclickAgent(30877): report policy:1 interval:0
11-24 10:39:42.115: W/ActivityManager(1180): getRunningAppProcesses: caller 10264 does not hold REAL_GET_TASKS; limiting output
11-24 10:39:42.125: I/NetworkSpeedManagerEx(2057): mIsStop = false
11-24 10:39:42.125: D/NetworkSpeedManagerEx(2057): doInBackground
11-24 10:39:42.135: D/NetworkSpeedManagerEx(2057): onPostExecute
11-24 10:39:42.135: I/NetworkSpeedManagerEx(2057):  value = 2575.3333
11-24 10:39:42.135: I/NetworkSpeedManagerEx(2057): speed = 2.5K/s
11-24 10:39:42.135: I/NetworkSpeedView(2057): /update(), speed=2.5K/s
11-24 10:39:42.155: W/ImageLoader(30877): memoryCache() and memoryCacheSize() calls overlap each other
11-24 10:39:42.165: I/System(30877): core_booster, getBoosterConfig = false
11-24 10:39:42.185: I/System(30877): core_booster, getBoosterConfig = false
11-24 10:39:42.355: E/cy===(30877): debug==true
11-24 10:39:42.385: E/QueryController(30843): Got null root node from accessibility - Retrying...
11-24 10:39:42.385: D/rest_phone_manager(30877): 
11-24 10:39:42.395: D/rest_phone_manager(30877):  Thread: main
11-24 10:39:42.395: D/rest_phone_manager(30877): 
11-24 10:39:42.395: D/rest_phone_manager(30877):  Injector.inject  (Injector.java:58)
11-24 10:39:42.395: D/rest_phone_manager(30877):     Method.invoke  (Method.java:-2)
11-24 10:39:42.395: D/rest_phone_manager(30877):        InjectorImpl.inject  (InjectorImpl.java:259)
11-24 10:39:42.395: D/rest_phone_manager(30877):           LogUtils.d  (LogUtils.java:23)
11-24 10:39:42.395: D/rest_phone_manager(30877):              Logger.d  (Logger.java:89)
11-24 10:39:42.395: D/rest_phone_manager(30877): 
11-24 10:39:42.395: D/rest_phone_manager(30877):  class zmsoft.rest.supply.ui.QuickApplication  QuickModule 
11-24 10:39:42.395: D/rest_phone_manager(30877): 
11-24 10:39:42.395: D/rest_phone_manager(30877): 
11-24 10:39:42.395: D/rest_phone_manager(30877):  Thread: main
11-24 10:39:42.395: D/rest_phone_manager(30877): 
11-24 10:39:42.395: D/rest_phone_manager(30877):  Injector.inject  (Injector.java:58)
11-24 10:39:42.395: D/rest_phone_manager(30877):     Method.invoke  (Method.java:-2)
11-24 10:39:42.395: D/rest_phone_manager(30877):        InjectorImpl.inject  (InjectorImpl.java:259)
11-24 10:39:42.395: D/rest_phone_manager(30877):           LogUtils.d  (LogUtils.java:23)
11-24 10:39:42.395: D/rest_phone_manager(30877):              Logger.d  (Logger.java:89)
11-24 10:39:42.395: D/rest_phone_manager(30877): 
11-24 10:39:42.395: D/rest_phone_manager(30877):  class zmsoft.rest.supply.ui.QuickApplication  QuickModule 
11-24 10:39:42.395: D/rest_phone_manager(30877): 
11-24 10:39:42.435: D/ACRA(30877): ACRA is enabled for zmsoft.rest.supply, intializing...
11-24 10:39:42.445: D/ACRA(30877): Looking for error files in /data/user/0/zmsoft.rest.supply/files
11-24 10:39:42.455: D/ACRA(30877): Looking for error files in /data/user/0/zmsoft.rest.supply/files
11-24 10:39:42.455: D/rest_phone_manager(30877): 
11-24 10:39:42.455: D/rest_phone_manager(30877):  Thread: main
11-24 10:39:42.455: D/rest_phone_manager(30877): 
11-24 10:39:42.455: D/rest_phone_manager(30877):  Injector.inject  (Injector.java:58)
11-24 10:39:42.455: D/rest_phone_manager(30877):     Method.invoke  (Method.java:-2)
11-24 10:39:42.455: D/rest_phone_manager(30877):        InjectorImpl.inject  (InjectorImpl.java:259)
11-24 10:39:42.455: D/rest_phone_manager(30877):           LogUtils.d  (LogUtils.java:23)
11-24 10:39:42.455: D/rest_phone_manager(30877):              Logger.d  (Logger.java:89)
11-24 10:39:42.455: D/rest_phone_manager(30877): 
11-24 10:39:42.455: D/rest_phone_manager(30877):  class com.zmsoft.handler.RestCrashHandler  QuickModule 
11-24 10:39:42.455: D/rest_phone_manager(30877): 
11-24 10:39:42.485: W/ActivityManager(1180): getRunningAppProcesses: caller 10264 does not hold REAL_GET_TASKS; limiting output
11-24 10:39:42.505: D/rest_phone_manager(30877): 
11-24 10:39:42.505: D/rest_phone_manager(30877):  Thread: main
11-24 10:39:42.505: D/rest_phone_manager(30877): 
11-24 10:39:42.505: D/rest_phone_manager(30877):  Injector.inject  (Injector.java:58)
11-24 10:39:42.505: D/rest_phone_manager(30877):     Method.invoke  (Method.java:-2)
11-24 10:39:42.505: D/rest_phone_manager(30877):        InjectorImpl.inject  (InjectorImpl.java:259)
11-24 10:39:42.505: D/rest_phone_manager(30877):           LogUtils.d  (LogUtils.java:23)
11-24 10:39:42.505: D/rest_phone_manager(30877):              Logger.d  (Logger.java:89)
11-24 10:39:42.505: D/rest_phone_manager(30877): 
11-24 10:39:42.505: D/rest_phone_manager(30877):  class zmsoft.rest.supply.ui.AppSplash  QuickModule 
11-24 10:39:42.505: D/rest_phone_manager(30877): 
11-24 10:39:42.635: E/QueryController(30843): Got null root node from accessibility - Retrying...
11-24 10:39:42.675: I/SendBroadcastPermission(30877): action:android.apps.write.list, mPermissionType:0
11-24 10:39:42.695: D/OpenGLRenderer(30877): Use EGL_SWAP_BEHAVIOR_PRESERVED: true
11-24 10:39:42.695: D/HwPhoneWindowManager(1180): Transact:setSystemUIColor to status bar service
11-24 10:39:42.695: D/TintManager(2057): isEmuiStyle=0, statusBarColor=ff000000, navigationColor=ff000000
11-24 10:39:42.695: D/CommandQueue(2057): CommandQueue, onTransaction
11-24 10:39:42.695: D/CommandQueue(2057): CommandQueue, setBarBackgroundColor
11-24 10:39:42.705: D/TintManager(2057): updateBarBgColor:emuiStyle=0,statusBarColor=#FF000000,navigationBarColor=#FF000000
11-24 10:39:42.705: D/BarTransitions.PhoneStatusBarView(2057): setUseGradientBackground: true
11-24 10:39:42.705: D/BarTransitions.NavigationBarView(2057): setUseGradientBackground: true
11-24 10:39:42.705: D/TintManager(2057): statusBarIconTint=#FFFFFFFF,navigationBarIconTint=#FF000000
11-24 10:39:42.705: D/TintManager(2057): updateBarTint
11-24 10:39:42.725: W/JPush(30877): [AndroidUtil] AndroidManifest.xml missing required service: cn.jpush.android.service.DaemonService
11-24 10:39:42.725: D/HwActivityManagerService(1180): handleANRFilterFIFO,uid = 10264cmd = 0
11-24 10:39:42.735: D/HwActivityManagerService(1180): handleANRFilterFIFO,uid = 10264cmd = 1
11-24 10:39:42.735: D/HwActivityManagerService(1180): handleANRFilterFIFO,uid = 10264cmd = 0
11-24 10:39:42.735: D/HwActivityManagerService(1180): handleANRFilterFIFO,uid = 10264cmd = 1
11-24 10:39:42.745: D/HwActivityManagerService(1180): handleANRFilterFIFO,uid = 10264cmd = 0
11-24 10:39:42.745: D/HwActivityManagerService(1180): handleANRFilterFIFO,uid = 10264cmd = 1
11-24 10:39:42.745: D/HwActivityManagerService(1180): handleANRFilterFIFO,uid = 10264cmd = 0
11-24 10:39:42.755: D/HwActivityManagerService(1180): handleANRFilterFIFO,uid = 10264cmd = 1
11-24 10:39:42.755: W/JPush(30877): [AndroidUtil] You should make main activity extends InstrumentedActivity (JPush), otherwise you will not see user click and user active time start on report in Portal. 
11-24 10:39:42.765: I/HwCust(30877): Constructor found for class android.app.HwCustAlarmManagerImpl
11-24 10:39:42.765: D/HwCust(30877): Create obj success use class android.app.HwCustAlarmManagerImpl
11-24 10:39:42.775: D/WifiHW(1180): wifi_send_command: cmd:'IFNAME=wlan0 SIGNAL_POLL'
11-24 10:39:42.775: D/wpa_supplicant(24057): wlan0: Control interface command 'SIGNAL_POLL'
11-24 10:39:42.785: E/wpa_supplicant(24057): RSSI=-62;LINKSPEED=65;NOISE=9999;FREQUENCY=2437;
11-24 10:39:42.785: D/wpa_supplicant(24057): CTRL-DEBUG: global_ctrl_sock-sendto: sock=16 sndbuf=212992 outq=0 send_len=48
11-24 10:39:42.785: E/WifiConfigStore(1180): updateConfiguration freq=2437 BSSID=00:06:f4:c7:1f:41 RSSI=-61 "3.2dfire"WPA_PSK
11-24 10:39:42.785: D/rest_phone_manager(30877): 
11-24 10:39:42.785: D/rest_phone_manager(30877):  Thread: main
11-24 10:39:42.785: D/rest_phone_manager(30877): 
11-24 10:39:42.785: D/rest_phone_manager(30877):  Injector.inject  (Injector.java:58)
11-24 10:39:42.785: D/rest_phone_manager(30877):     Method.invoke  (Method.java:-2)
11-24 10:39:42.785: D/rest_phone_manager(30877):        InjectorImpl.inject  (InjectorImpl.java:259)
11-24 10:39:42.785: D/rest_phone_manager(30877):           LogUtils.d  (LogUtils.java:23)
11-24 10:39:42.785: D/rest_phone_manager(30877):              Logger.d  (Logger.java:89)
11-24 10:39:42.785: D/rest_phone_manager(30877): 
11-24 10:39:42.785: D/rest_phone_manager(30877):  class com.zmsoft.rest.commonview.service.CustomerTipService  QuickModule 
11-24 10:39:42.785: D/rest_phone_manager(30877): 
11-24 10:39:42.785: D/rest_phone_manager(30877): 
11-24 10:39:42.785: D/rest_phone_manager(30877):  Thread: main
11-24 10:39:42.785: D/rest_phone_manager(30877): 
11-24 10:39:42.785: D/rest_phone_manager(30877):  Injector.inject  (Injector.java:58)
11-24 10:39:42.785: D/rest_phone_manager(30877):     Method.invoke  (Method.java:-2)
11-24 10:39:42.785: D/rest_phone_manager(30877):        InjectorImpl.inject  (InjectorImpl.java:259)
11-24 10:39:42.785: D/rest_phone_manager(30877):           LogUtils.d  (LogUtils.java:23)
11-24 10:39:42.785: D/rest_phone_manager(30877):              Logger.d  (Logger.java:89)
11-24 10:39:42.785: D/rest_phone_manager(30877): 
11-24 10:39:42.785: D/rest_phone_manager(30877):  class zmsoft.share.service.errservice.ErrNetWorkService  QuickModule 
11-24 10:39:42.785: D/rest_phone_manager(30877): 
11-24 10:39:42.795: D/meiqia_log(30877): current info: t = 40a97e2cb1ef11e6a296020af009bdc2 b 3e206c60-f61a-4f30-8fdb-dfe39b7c e 23080
11-24 10:39:42.805: I/System(30877): core_booster, getBoosterConfig = false
11-24 10:39:42.825: I/System(30877): core_booster, getBoosterConfig = false
11-24 10:39:42.835: I/Adreno(30877): QUALCOMM build                   : d28da0e, Iec24cdb30f
11-24 10:39:42.835: I/Adreno(30877): Build Date                       : 03/10/16
11-24 10:39:42.835: I/Adreno(30877): OpenGL ES Shader Compiler Version: XE031.06.00.05
11-24 10:39:42.835: I/Adreno(30877): Local Branch                     : 
11-24 10:39:42.835: I/Adreno(30877): Remote Branch                    : refs/tags/AU_LINUX_ANDROID_LA.BR.1.2.6_RB1.06.00.01.179.013
11-24 10:39:42.835: I/Adreno(30877): Remote Branch                    : NONE
11-24 10:39:42.835: I/Adreno(30877): Reconstruct Branch               : NOTHING
11-24 10:39:42.835: I/OpenGLRenderer(30877): Initialized EGL, version 1.4
11-24 10:39:42.955: D/meiqia_log(30877): DvcInfo 40a97e2cb1ef11e6a296020af009bdc2
11-24 10:39:42.975: I/System.out(30877): [cat, /sys/class/net/wlan0/address]
11-24 10:39:42.975: I/System.out(30877): null
11-24 10:39:42.975: I/System.out(30877): null
11-24 10:39:42.975: I/System.out(30877): Calling by::className:cn.jpush.android.util.a  MethodName:g
11-24 10:39:43.015: I/System.out(30877): [cat, /sys/class/net/wlan0/address]
11-24 10:39:43.015: I/System.out(30877): null
11-24 10:39:43.015: I/System.out(30877): null
11-24 10:39:43.015: I/System.out(30877): Calling by::className:cn.jpush.android.util.a  MethodName:g
11-24 10:39:43.125: I/ActivityManager(1180): Displayed zmsoft.rest.supply/.ui.AppSplash: +1s332ms (total +4s605ms)
11-24 10:39:43.135: D/AndroidRuntime(30859): Shutting down VM
11-24 10:39:43.135: E/rest_phone_manager-RestAsyncHttpResponseHandler WebMode-New(30877): 
11-24 10:39:43.135: E/rest_phone_manager-RestAsyncHttpResponseHandler WebMode-New(30877):  Thread: main
11-24 10:39:43.135: E/rest_phone_manager-RestAsyncHttpResponseHandler WebMode-New(30877): 
11-24 10:39:43.135: E/rest_phone_manager-RestAsyncHttpResponseHandler WebMode-New(30877):  BaseUpdateActivity.getUpdateVersion  (BaseUpdateActivity.java:118)
11-24 10:39:43.135: E/rest_phone_manager-RestAsyncHttpResponseHandler WebMode-New(30877):     ServiceUtils.doApiPost  (ServiceUtils.java:97)
11-24 10:39:43.135: E/rest_phone_manager-RestAsyncHttpResponseHandler WebMode-New(30877):        AbstractApiService.post  (AbstractApiService.java:186)
11-24 10:39:43.135: E/rest_phone_manager-RestAsyncHttpResponseHandler WebMode-New(30877):           RestAsyncHttpResponseHandler.setCurrentUrl  (RestAsyncHttpResponseHandler.java:262)
11-24 10:39:43.135: E/rest_phone_manager-RestAsyncHttpResponseHandler WebMode-New(30877):              LogUtils.e  (LogUtils.java:36)
11-24 10:39:43.135: E/rest_phone_manager-RestAsyncHttpResponseHandler WebMode-New(30877): 
11-24 10:39:43.135: E/rest_phone_manager-RestAsyncHttpResponseHandler WebMode-New(30877):  before execute request url ==http://api.2dfire-daily.com/boss-api/app/v1/query_app_upgrade_version
11-24 10:39:43.135: E/rest_phone_manager-RestAsyncHttpResponseHandler WebMode-New(30877): 
11-24 10:39:43.165: I/HwLauncher(4440): Launcher mUnlockScreenRunnbale  getOrientationEnabled false 
11-24 10:39:43.165: I/HwLauncher(4440): Launcher onStop()
11-24 10:39:43.165: I/HwMtmBroadcastResourceManager(1180): removeReceiver mtm Broadcast
11-24 10:39:43.175: I/HwMtmBroadcastResourceManager(1180): removeReceiver mtm Broadcast
11-24 10:39:43.175: I/HwMtmBroadcastResourceManager(1180): removeReceiver mtm Broadcast
11-24 10:39:43.185: W/AlarmManager(1180): WAKEUP alarm trigger action = android.server.trust.TRUST_EXPIRED_ACTION elapsed = 507430596
11-24 10:39:43.185: I/KeyguardUpdateMonitor(2079): KGSvcCall TrustManager ManagedChanged 0 managed
11-24 10:39:43.185: I/KeyguardUpdateMonitor(2079): KGSvcCall TrustManager TrustChanged 0
11-24 10:39:43.195: I/System(30877): core_booster, getBoosterConfig = false
11-24 10:39:43.215: I/SendBroadcastPermission(30877): action:cn.jpush.android.intent.REGISTRATION, mPermissionType:0
11-24 10:39:43.225: E/rest_phone_manager-JPUSH(30877): 
11-24 10:39:43.225: E/rest_phone_manager-JPUSH(30877):  Thread: main
11-24 10:39:43.225: E/rest_phone_manager-JPUSH(30877): 
11-24 10:39:43.225: E/rest_phone_manager-JPUSH(30877):  ActivityThread$H.handleMessage  (ActivityThread.java:1446)
11-24 10:39:43.225: E/rest_phone_manager-JPUSH(30877):     ActivityThread.access$1800  (ActivityThread.java:165)
11-24 10:39:43.225: E/rest_phone_manager-JPUSH(30877):        ActivityThread.handleReceiver  (ActivityThread.java:2753)
11-24 10:39:43.225: E/rest_phone_manager-JPUSH(30877):           BaseMessageReceiver.onReceive  (BaseMessageReceiver.java:18)
11-24 10:39:43.225: E/rest_phone_manager-JPUSH(30877):              LogUtils.e  (LogUtils.java:36)
11-24 10:39:43.225: E/rest_phone_manager-JPUSH(30877): 
11-24 10:39:43.225: E/rest_phone_manager-JPUSH(30877):  [MyReceiver] onReceive - cn.jpush.android.intent.REGISTRATION, extras: 
11-24 10:39:43.225: E/rest_phone_manager-JPUSH(30877):  key:cn.jpush.android.APPKEY, value:9d663982e378c81408ca1179
11-24 10:39:43.225: E/rest_phone_manager-JPUSH(30877):  key:cn.jpush.android.REGISTRATION_ID, value:1104a89792a7d09667c
11-24 10:39:43.225: E/rest_phone_manager-JPUSH(30877): 
11-24 10:39:43.225: E/rest_phone_manager-JPUSH(30877): 
11-24 10:39:43.225: E/rest_phone_manager-JPUSH(30877):  Thread: main
11-24 10:39:43.225: E/rest_phone_manager-JPUSH(30877): 
11-24 10:39:43.225: E/rest_phone_manager-JPUSH(30877):  ActivityThread$H.handleMessage  (ActivityThread.java:1446)
11-24 10:39:43.225: E/rest_phone_manager-JPUSH(30877):     ActivityThread.access$1800  (ActivityThread.java:165)
11-24 10:39:43.225: E/rest_phone_manager-JPUSH(30877):        ActivityThread.handleReceiver  (ActivityThread.java:2753)
11-24 10:39:43.225: E/rest_phone_manager-JPUSH(30877):           BaseMessageReceiver.onReceive  (BaseMessageReceiver.java:22)
11-24 10:39:43.225: E/rest_phone_manager-JPUSH(30877):              LogUtils.e  (LogUtils.java:36)
11-24 10:39:43.225: E/rest_phone_manager-JPUSH(30877): 
11-24 10:39:43.225: E/rest_phone_manager-JPUSH(30877):  [MyReceiver] ACTION_REGISTRATION_ID Registration Id : 1104a89792a7d09667c
11-24 10:39:43.225: E/rest_phone_manager-JPUSH(30877): 
11-24 10:39:43.265: I/SendBroadcastPermission(30877): action:cn.jpush.im.android.action.IM_RESPONSE, mPermissionType:0
11-24 10:39:43.285: D/rest_phone_manager(30877): 
11-24 10:39:43.285: D/rest_phone_manager(30877):  Thread: main
11-24 10:39:43.285: D/rest_phone_manager(30877): 
11-24 10:39:43.285: D/rest_phone_manager(30877):  TextHttpResponseHandler.onSuccess  (TextHttpResponseHandler.java:118)
11-24 10:39:43.285: D/rest_phone_manager(30877):     RestAsyncHttpResponseHandler.onSuccess  (RestAsyncHttpResponseHandler.java:177)
11-24 10:39:43.285: D/rest_phone_manager(30877):        LogUtils.json  (LogUtils.java:123)
11-24 10:39:43.285: D/rest_phone_manager(30877):           Logger.json  (Logger.java:223)
11-24 10:39:43.285: D/rest_phone_manager(30877):              Logger.json  (Logger.java:227)
11-24 10:39:43.285: D/rest_phone_manager(30877): 
11-24 10:39:43.285: D/rest_phone_manager(30877):  {
11-24 10:39:43.285: D/rest_phone_manager(30877):      "data": {
11-24 10:39:43.285: D/rest_phone_manager(30877):          "showRestappIcon": false
11-24 10:39:43.285: D/rest_phone_manager(30877):      },
11-24 10:39:43.285: D/rest_phone_manager(30877):      "code": 1
11-24 10:39:43.285: D/rest_phone_manager(30877):  }
11-24 10:39:43.285: D/rest_phone_manager(30877): 
11-24 10:39:43.335: E/rest_phone_manager-RestAsyncHttpResponseHandler WebMode-New(30877): 
11-24 10:39:43.335: E/rest_phone_manager-RestAsyncHttpResponseHandler WebMode-New(30877):  Thread: main
11-24 10:39:43.335: E/rest_phone_manager-RestAsyncHttpResponseHandler WebMode-New(30877): 
11-24 10:39:43.335: E/rest_phone_manager-RestAsyncHttpResponseHandler WebMode-New(30877):  MockServiceUtils.mockCompile  (MockServiceUtils.java:33)
11-24 10:39:43.335: E/rest_phone_manager-RestAsyncHttpResponseHandler WebMode-New(30877):     ServiceUtils.doApiPostMock  (ServiceUtils.java:145)
11-24 10:39:43.335: E/rest_phone_manager-RestAsyncHttpResponseHandler WebMode-New(30877):        AbstractApiService.postMock  (AbstractApiService.java:222)
11-24 10:39:43.335: E/rest_phone_manager-RestAsyncHttpResponseHandler WebMode-New(30877):           RestAsyncHttpMockResponseHandler.setCurrentUrl  (RestAsyncHttpMockResponseHandler.java:157)
11-24 10:39:43.335: E/rest_phone_manager-RestAsyncHttpResponseHandler WebMode-New(30877):              LogUtils.e  (LogUtils.java:36)
11-24 10:39:43.335: E/rest_phone_manager-RestAsyncHttpResponseHandler WebMode-New(30877): 
11-24 10:39:43.335: E/rest_phone_manager-RestAsyncHttpResponseHandler WebMode-New(30877):  before execute request url ==http://mock.2dfire-daily.com/mockjsdata/48/app/v1/query_app_upgrade_version
11-24 10:39:43.335: E/rest_phone_manager-RestAsyncHttpResponseHandler WebMode-New(30877): 
11-24 10:39:43.335: I/System(30877): core_booster, getBoosterConfig = false
11-24 10:39:43.385: I/SendBroadcastPermission(30877): action:cn.jpush.android.intent.CONNECTION, mPermissionType:0
11-24 10:39:43.385: E/rest_phone_manager-JPUSH(30877): 
11-24 10:39:43.385: E/rest_phone_manager-JPUSH(30877):  Thread: main
11-24 10:39:43.385: E/rest_phone_manager-JPUSH(30877): 
11-24 10:39:43.385: E/rest_phone_manager-JPUSH(30877):  ActivityThread$H.handleMessage  (ActivityThread.java:1446)
11-24 10:39:43.385: E/rest_phone_manager-JPUSH(30877):     ActivityThread.access$1800  (ActivityThread.java:165)
11-24 10:39:43.385: E/rest_phone_manager-JPUSH(30877):        ActivityThread.handleReceiver  (ActivityThread.java:2753)
11-24 10:39:43.385: E/rest_phone_manager-JPUSH(30877):           BaseMessageReceiver.onReceive  (BaseMessageReceiver.java:18)
11-24 10:39:43.385: E/rest_phone_manager-JPUSH(30877):              LogUtils.e  (LogUtils.java:36)
11-24 10:39:43.385: E/rest_phone_manager-JPUSH(30877): 
11-24 10:39:43.385: E/rest_phone_manager-JPUSH(30877):  [MyReceiver] onReceive - cn.jpush.android.intent.CONNECTION, extras: 
11-24 10:39:43.385: E/rest_phone_manager-JPUSH(30877):  key:cn.jpush.android.APPKEY, value:9d663982e378c81408ca1179
11-24 10:39:43.385: E/rest_phone_manager-JPUSH(30877):  key:cn.jpush.android.CONNECTION_CHANGE, value:true
11-24 10:39:43.385: E/rest_phone_manager-JPUSH(30877): 
11-24 10:39:43.385: E/rest_phone_manager-JPUSH(30877): 
11-24 10:39:43.385: E/rest_phone_manager-JPUSH(30877):  Thread: main
11-24 10:39:43.385: E/rest_phone_manager-JPUSH(30877): 
11-24 10:39:43.385: E/rest_phone_manager-JPUSH(30877):  ActivityThread$H.handleMessage  (ActivityThread.java:1446)
11-24 10:39:43.385: E/rest_phone_manager-JPUSH(30877):     ActivityThread.access$1800  (ActivityThread.java:165)
11-24 10:39:43.385: E/rest_phone_manager-JPUSH(30877):        ActivityThread.handleReceiver  (ActivityThread.java:2753)
11-24 10:39:43.385: E/rest_phone_manager-JPUSH(30877):           BaseMessageReceiver.onReceive  (BaseMessageReceiver.java:50)
11-24 10:39:43.385: E/rest_phone_manager-JPUSH(30877):              LogUtils.e  (LogUtils.java:36)
11-24 10:39:43.385: E/rest_phone_manager-JPUSH(30877): 
11-24 10:39:43.385: E/rest_phone_manager-JPUSH(30877):  [MyReceiver]cn.jpush.android.intent.CONNECTION connected state change to true
11-24 10:39:43.385: E/rest_phone_manager-JPUSH(30877): 
11-24 10:39:43.495: D/rest_phone_manager(30877): 
11-24 10:39:43.495: D/rest_phone_manager(30877):  Thread: main
11-24 10:39:43.495: D/rest_phone_manager(30877): 
11-24 10:39:43.495: D/rest_phone_manager(30877):  TextHttpResponseHandler.onSuccess  (TextHttpResponseHandler.java:118)
11-24 10:39:43.495: D/rest_phone_manager(30877):     RestAsyncHttpMockResponseHandler.onSuccess  (RestAsyncHttpMockResponseHandler.java:118)
11-24 10:39:43.495: D/rest_phone_manager(30877):        LogUtils.json  (LogUtils.java:123)
11-24 10:39:43.495: D/rest_phone_manager(30877):           Logger.json  (Logger.java:223)
11-24 10:39:43.495: D/rest_phone_manager(30877):              Logger.json  (Logger.java:227)
11-24 10:39:43.495: D/rest_phone_manager(30877): 
11-24 10:39:43.495: D/rest_phone_manager(30877):  {
11-24 10:39:43.495: D/rest_phone_manager(30877):      "isOk": false,
11-24 10:39:43.495: D/rest_phone_manager(30877):      "errMsg": "no matched action"
11-24 10:39:43.495: D/rest_phone_manager(30877):  }
11-24 10:39:43.495: D/rest_phone_manager(30877): 
11-24 10:39:43.495: W/System.err(30877): com.zmsoft.exception.BizException: {
11-24 10:39:43.495: W/System.err(30877):     "isOk": false,
11-24 10:39:43.495: W/System.err(30877):     "errMsg": "no matched action"
11-24 10:39:43.495: W/System.err(30877): }
11-24 10:39:43.495: W/System.err(30877): 	at zmsoft.share.service.loopj.RestAsyncHttpMockResponseHandler.onSuccess(RestAsyncHttpMockResponseHandler.java:124)
11-24 10:39:43.495: W/System.err(30877): 	at com.loopj.android.http.TextHttpResponseHandler.onSuccess(TextHttpResponseHandler.java:118)
11-24 10:39:43.495: W/System.err(30877): 	at com.loopj.android.http.AsyncHttpResponseHandler.handleMessage(AsyncHttpResponseHandler.java:351)
11-24 10:39:43.495: W/System.err(30877): 	at com.loopj.android.http.AsyncHttpResponseHandler$ResponderHandler.handleMessage(AsyncHttpResponseHandler.java:510)
11-24 10:39:43.495: W/System.err(30877): 	at android.os.Handler.dispatchMessage(Handler.java:102)
11-24 10:39:43.495: W/System.err(30877): 	at android.os.Looper.loop(Looper.java:150)
11-24 10:39:43.495: W/System.err(30877): 	at android.app.ActivityThread.main(ActivityThread.java:5546)
11-24 10:39:43.495: W/System.err(30877): 	at java.lang.reflect.Method.invoke(Native Method)
11-24 10:39:43.495: W/System.err(30877): 	at com.android.internal.os.ZygoteInit$MethodAndArgsCaller.run(ZygoteInit.java:794)
11-24 10:39:43.495: W/System.err(30877): 	at com.android.internal.os.ZygoteInit.main(ZygoteInit.java:684)
11-24 10:39:43.495: W/System.err(30877): com.zmsoft.exception.BizException: {
11-24 10:39:43.495: W/System.err(30877):     "isOk": false,
11-24 10:39:43.495: W/System.err(30877):     "errMsg": "no matched action"
11-24 10:39:43.495: W/System.err(30877): }
11-24 10:39:43.495: W/System.err(30877): 	at zmsoft.share.service.loopj.RestAsyncHttpMockResponseHandler.onSuccess(RestAsyncHttpMockResponseHandler.java:124)
11-24 10:39:43.495: W/System.err(30877): 	at com.loopj.android.http.TextHttpResponseHandler.onSuccess(TextHttpResponseHandler.java:118)
11-24 10:39:43.495: W/System.err(30877): 	at com.loopj.android.http.AsyncHttpResponseHandler.handleMessage(AsyncHttpResponseHandler.java:351)
11-24 10:39:43.495: W/System.err(30877): 	at com.loopj.android.http.AsyncHttpResponseHandler$ResponderHandler.handleMessage(AsyncHttpResponseHandler.java:510)
11-24 10:39:43.495: W/System.err(30877): 	at android.os.Handler.dispatchMessage(Handler.java:102)
11-24 10:39:43.495: W/System.err(30877): 	at android.os.Looper.loop(Looper.java:150)
11-24 10:39:43.495: W/System.err(30877): 	at android.app.ActivityThread.main(ActivityThread.java:5546)
11-24 10:39:43.495: W/System.err(30877): 	at java.lang.reflect.Method.invoke(Native Method)
11-24 10:39:43.495: W/System.err(30877): 	at com.android.internal.os.ZygoteInit$MethodAndArgsCaller.run(ZygoteInit.java:794)
11-24 10:39:43.495: W/System.err(30877): 	at com.android.internal.os.ZygoteInit.main(ZygoteInit.java:684)
11-24 10:39:43.535: I/ActivityManager(1180): START u0 {act=android.intent.action.VIEW dat=2dfire-manager://page.manager/wx_login pkg=zmsoft.rest.supply cmp=zmsoft.rest.supply/zmsoft.share.login.login.WXLoginActivity (has extras)} from uid 10264 on display 0
11-24 10:39:43.645: D/rest_phone_manager(30877): 
11-24 10:39:43.645: D/rest_phone_manager(30877):  Thread: main
11-24 10:39:43.645: D/rest_phone_manager(30877): 
11-24 10:39:43.645: D/rest_phone_manager(30877):  Injector.inject  (Injector.java:58)
11-24 10:39:43.645: D/rest_phone_manager(30877):     Method.invoke  (Method.java:-2)
11-24 10:39:43.645: D/rest_phone_manager(30877):        InjectorImpl.inject  (InjectorImpl.java:263)
11-24 10:39:43.645: D/rest_phone_manager(30877):           LogUtils.d  (LogUtils.java:23)
11-24 10:39:43.645: D/rest_phone_manager(30877):              Logger.d  (Logger.java:89)
11-24 10:39:43.645: D/rest_phone_manager(30877): 
11-24 10:39:43.645: D/rest_phone_manager(30877):  class zmsoft.share.login.login.WXLoginActivity  LoginModule 
11-24 10:39:43.645: D/rest_phone_manager(30877): 
11-24 10:39:43.705: D/CubicBezierInterpolator(30877): CubicBezierInterpolator  mControlPoint1x = 0.15, mControlPoint1y = 0.7, mControlPoint2x = 0.2, mControlPoint2y = 0.98
11-24 10:39:43.705: D/CubicBezierInterpolator(30877): CubicBezierInterpolator  mControlPoint1x = 0.6, mControlPoint1y = 0.9, mControlPoint2x = 0.8, mControlPoint2y = 1.0
11-24 10:39:43.715: D/CubicBezierInterpolator(30877): CubicBezierInterpolator  mControlPoint1x = 0.15, mControlPoint1y = 0.7, mControlPoint2x = 0.2, mControlPoint2y = 0.98
11-24 10:39:43.715: D/CubicBezierInterpolator(30877): CubicBezierInterpolator  mControlPoint1x = 0.6, mControlPoint1y = 0.9, mControlPoint2x = 0.8, mControlPoint2y = 1.0
11-24 10:39:43.765: W/ActivityManager(1180): getRunningAppProcesses: caller 10160 does not hold REAL_GET_TASKS; limiting output
11-24 10:39:43.985: I/SendBroadcastPermission(30877): action:com.tencent.mm.plugin.openapi.Intent.ACTION_HANDLE_APP_REGISTER, mPermissionType:0
11-24 10:39:43.995: D/(30877): #### set sso handler, code = 10086
11-24 10:39:44.035: W/u.aly.bi(30877): No IMEI.
11-24 10:39:44.035: W/ActivityManager(1180): getRunningAppProcesses: caller 10264 does not hold REAL_GET_TASKS; limiting output
11-24 10:39:44.045: W/ActivityManager(1180): getRunningAppProcesses: caller 10264 does not hold REAL_GET_TASKS; limiting output
11-24 10:39:44.055: I/MobclickAgent(30877): Start new session: EF458FB4BBB2B211F5C89E4FA91704A1
11-24 10:39:44.065: W/ActivityManager(1180): getRunningAppProcesses: caller 10264 does not hold REAL_GET_TASKS; limiting output
11-24 10:39:44.085: W/u.aly.bi(30877): No IMEI.
11-24 10:39:44.085: W/u.aly.bi(30877): No IMEI.
11-24 10:39:44.085: W/ActivityManager(1180): getRunningAppProcesses: caller 10264 does not hold REAL_GET_TASKS; limiting output
11-24 10:39:44.085: W/ActivityManager(1180): getRunningAppProcesses: caller 10264 does not hold REAL_GET_TASKS; limiting output
11-24 10:39:44.085: W/ActivityManager(1180): getRunningAppProcesses: caller 10264 does not hold REAL_GET_TASKS; limiting output
11-24 10:39:44.115: D/MobclickAgent(30877): UALogEntry(client_stats:ClientStats(successful_requests:0, failed_requests:0, last_request_spent_ms:0), app_info:AppInfo(key:5773758f67e58ec42f000bfe, version:1.5.0, version_index:150, package_name:zmsoft.rest.supply, sdk_type:ANDROID, sdk_version:5.2.4, channel:2Dfire), device_info:DeviceInfo(device_id:02:00:00:00:00:00, idmd5:f607264fc6318a92b9e13c65db7cd3c, mac_address:02:00:00:00:00:00, model:KIW-AL10, cpu:AArch64 Processor rev 4 (aarch64), os:Android, os_version:6.0.1, resolution:Resolution(height:1776, width:1080), device_board:KIW-AL10, device_brand:HONOR, device_manutime:1476389616000, device_manufacturer:HUAWEI, device_manuid:HONORKIW-AL10, device_name:HNKIW-Q), misc_info:MiscInfo(time_zone:8, language:zh, country:CN, carrier:, access_type:ACCESS_TYPE_WIFI), activate_msg:ActivateMsg(ts:1479955184069), id_tracking:IdTracking(snapshots:{mac=IdSnapshot(identity:02:00:00:00:00:00, ts:1479955184076, version:1), android_id=IdSnapshot(identity:f7bbfba166f7002b, ts:1479955184073, version:1)}, journals:[IdJournal(domain:android_id, new_id:f7bbfba166f7002b, ts:1479955184073), IdJournal(domain:mac, new_id:02:00:00:00:00:00, ts:1479955184076)]))
11-24 10:39:44.115: W/u.aly.bi(30877): No IMEI.
11-24 10:39:44.115: W/ActivityManager(1180): getRunningAppProcesses: caller 10264 does not hold REAL_GET_TASKS; limiting output
11-24 10:39:44.115: W/ActivityManager(1180): getRunningAppProcesses: caller 10264 does not hold REAL_GET_TASKS; limiting output
11-24 10:39:44.145: W/System(30877): ClassLoader referenced unknown path: /system/framework/tcmclient.jar
11-24 10:39:44.145: I/System(30877): core_booster, getBoosterConfig = false
11-24 10:39:44.175: I/MobclickAgent(30877): status code : 200
11-24 10:39:44.175: I/MobclickAgent(30877): Sent message to http://alog.umeng.com/app_logs
11-24 10:39:44.185: I/MobclickAgent(30877): send log:succeed
11-24 10:39:44.265: I/ActivityManager(1180): Displayed zmsoft.rest.supply/zmsoft.share.login.login.WXLoginActivity: +719ms
11-24 10:39:44.305: D/HwCust(11185): Create obj success use class android.content.res.HwCustHwResourcesImpl
11-24 10:39:44.475: W/System(30877): ClassLoader referenced unknown path: /system/framework/tcmclient.jar
11-24 10:39:44.475: I/System(30877): core_booster, getBoosterConfig = false
