11-24 10:39:38.765: W/PGApi_client(3101): recv actoionId = 10010, action = com.huawei.pgmng.PGAction@e21808 actionId =10010 pkg =com.huawei.android.launcher extend1 =110960 extend2 = flag =3 type =1
11-24 10:39:38.765: W/PGMiddleWare(3101): in handleAction method, action = 10010
11-24 10:39:38.765: W/PGMiddleWare(3101): in handleAction, invoke client = com.huawei.pgmng.middleware.AudioEffectLowPowerImpl@82d10eb, action = com.huawei.pgmng.PGAction@e21808 actionId =10010 pkg =com.huawei.android.launcher extend1 =110960 extend2 = flag =3 type =1
11-24 10:39:38.765: I/HwLauncher(4440): Launcher onResume()
11-24 10:39:38.765: I/HwLauncher(4440): Launcher doResumeWork()
11-24 10:39:38.765: I/HwLauncher(4440): Launcher.MotionManager startMotionAppsReco begin,flg = 402
11-24 10:39:38.765: D/MotionDetectionManager(4440): startMotionAppsReco motionApps: 402
11-24 10:39:38.765: I/HwLauncher(4440): Launcher  onResume mIsToUninstallApp = false
11-24 10:39:38.765: I/HwLauncher(4440): Launcher  Launcher hot start cost 139 ms
11-24 10:39:38.775: I/LightsService(1180): setLcdRatio ratio:100 autoAdjust:false
11-24 10:39:38.795: D/MRUtils(4440): getMotionEnableState enabled: 1
11-24 10:39:38.795: W/ActivityManager(1180): getTasks: caller 10160 does not hold REAL_GET_TASKS; limiting output
11-24 10:39:38.835: D/MRUtils(4440): getMotionEnableState enabled: 0
11-24 10:39:38.835: W/MotionDetectionManager(4440): startMotionAppsReco motionApps: 402 disabled
11-24 10:39:38.835: W/HwLauncher(4440): Launcher.MotionManager startMotionAppsReco service flg 402 is unavailable
11-24 10:39:38.835: I/HwLauncher(4440): Launcher.MotionManager , start MotionApps Reco end.
11-24 10:39:38.845: E/ActivityThread(11185): Performing stop of activity that is not resumed: {com.tencent.mm/com.tencent.mm.ui.LauncherUI}
11-24 10:39:38.845: E/ActivityThread(11185): java.lang.RuntimeException: Performing stop of activity that is not resumed: {com.tencent.mm/com.tencent.mm.ui.LauncherUI}
11-24 10:39:38.845: E/ActivityThread(11185): 	at android.app.ActivityThread.performStopActivityInner(ActivityThread.java:3496)
11-24 10:39:38.845: E/ActivityThread(11185): 	at android.app.ActivityThread.handleStopActivity(ActivityThread.java:3581)
11-24 10:39:38.845: E/ActivityThread(11185): 	at android.app.ActivityThread.access$1200(ActivityThread.java:165)
11-24 10:39:38.845: E/ActivityThread(11185): 	at android.app.ActivityThread$H.handleMessage(ActivityThread.java:1397)
11-24 10:39:38.845: E/ActivityThread(11185): 	at android.os.Handler.dispatchMessage(Handler.java:102)
11-24 10:39:38.845: E/ActivityThread(11185): 	at android.os.Looper.loop(Looper.java:150)
11-24 10:39:38.845: E/ActivityThread(11185): 	at android.app.ActivityThread.main(ActivityThread.java:5546)
11-24 10:39:38.845: E/ActivityThread(11185): 	at java.lang.reflect.Method.invoke(Native Method)
11-24 10:39:38.845: E/ActivityThread(11185): 	at com.android.internal.os.ZygoteInit$MethodAndArgsCaller.run(ZygoteInit.java:794)
11-24 10:39:38.845: E/ActivityThread(11185): 	at com.android.internal.os.ZygoteInit.main(ZygoteInit.java:684)
11-24 10:39:38.855: I/ActivityManager(1180): Activity reported stop, but no longer stopping: ActivityRecord{5d6032 u0 com.tencent.mm/.ui.LauncherUI t4403} state:STOPPED Callers=com.android.server.am.ActivityManagerService.activityStopped:6919 android.app.ActivityManagerNative.onTransact:550 com.android.server.am.ActivityManagerService.onTransact:2650 com.android.server.am.HwActivityManagerService.onTransact:359 
11-24 10:39:38.935: D/WifiManager(30784): Enter init, sThreadRefCount:0
11-24 10:39:38.935: D/WifiManager(30784): Create WifiManager handlerthread
11-24 10:39:38.935: D/WifiService(1180): getWifiServiceMessenger, pid:30784, uid:10264
11-24 10:39:38.935: D/WifiService(1180): New client listening to asynchronous messages
11-24 10:39:38.945: D/u.aly.bo(30784): 940:	request: http://oc.umeng.com/check_config_update
11-24 10:39:38.945: D/u.aly.bo(30784): {"type":"online_config","appkey":"5773758f67e58ec42f000bfe","version_code":"150","package":"zmsoft.rest.supply","sdk_version":"5.2.4","idmd5":"f607264fc6318a92b9e13c65db7cd3c","channel":"2Dfire","report_policy":1,"last_config_time":"Wed Jun 29 20:08:53 CST 2016"}
11-24 10:39:38.945: W/ActivityManager(1180): getRunningAppProcesses: caller 10264 does not hold REAL_GET_TASKS; limiting output
11-24 10:39:38.955: W/System(30784): ClassLoader referenced unknown path: /system/framework/tcmclient.jar
11-24 10:39:38.955: W/System(30784): ClassLoader referenced unknown path: /system/framework/com.qualcomm.qti.GBAHttpAuthentication.jar
11-24 10:39:38.955: D/FAS(30784): crypto_MD5=0x7f7c5e0ac4, crypto_PKCS7_get_certificates=0x7f7c5f9350, crypto_OBJ_obj2nid=0x7f7c5e4ef4, crypto_X509_digest=0x7f7c6046fc, crypto_d2i_PKCS7_bio=0x0
11-24 10:39:38.955: D/FAS(30784): crypto_sk_value=0x7f7c5f4f64, crypto_AES_set_decrypt_key=0x7f7c5986bc, crypto_AES_cbc_encrypt=0x7f7c599198
11-24 10:39:38.955: D/FAS(30784): crypto_EVP_sha1=0x7f7c5c6e88, crypto_AES_set_encrypt_key=0x7f7c597fb8, crypto_sk_num=0x7f7c5f4f18, crypto_BIO_free=0x7f7c5a792c, crypto_BIO_new_mem_buf=0x7f7c5a81b8
11-24 10:39:38.955: D/FAS(30784): get_certificates.ret = 1, nread = 954, certs = 0x7fd617a5f0, num = 1
11-24 10:39:38.955: D/FAS(30784): certificates.verify.is_valid = 1
11-24 10:39:38.965: I/System(30784): core_booster, getBoosterConfig = false
11-24 10:39:38.995: I/u.aly.bo(30784): 940:	response: 
11-24 10:39:38.995: I/u.aly.bo(30784): {"config_update":"No"}
11-24 10:39:38.995: W/ActivityManager(1180): getRunningAppProcesses: caller 10264 does not hold REAL_GET_TASKS; limiting output
11-24 10:39:39.015: D/meiqia_log(30784): current info: t = 63a070f8b1ee11e697a4020af009bdc2 b 43a10f28-3b0a-4038-bebb-887496b3 e 23080
11-24 10:39:39.025: W/ImageLoader(30784): memoryCache() and memoryCacheSize() calls overlap each other
11-24 10:39:39.125: I/NetworkSpeedManagerEx(2057): mIsStop = false
11-24 10:39:39.125: D/NetworkSpeedManagerEx(2057): doInBackground
11-24 10:39:39.125: D/NetworkSpeedManagerEx(2057): onPostExecute
11-24 10:39:39.125: I/NetworkSpeedManagerEx(2057):  value = 2702.6667
11-24 10:39:39.125: I/NetworkSpeedManagerEx(2057): speed = 2.6K/s
11-24 10:39:39.125: I/NetworkSpeedView(2057): /update(), speed=2.6K/s
11-24 10:39:39.145: W/View(2057): requestLayout() improperly called by com.android.systemui.statusbar.phone.IconMerger{921f7bd V.E...... ......I. 0,0-54,72 #7f1000c3 app:id/notificationIcons} during layout: running second layout pass
11-24 10:39:39.165: W/ActivityManager(1180): getRunningAppProcesses: caller 10160 does not hold REAL_GET_TASKS; limiting output
11-24 10:39:39.165: W/ActivityManager(1180): getRunningAppProcesses: caller 10160 does not hold REAL_GET_TASKS; limiting output
11-24 10:39:39.165: W/ActivityManager(1180): getRunningAppProcesses: caller 10160 does not hold REAL_GET_TASKS; limiting output
11-24 10:39:39.175: W/ActivityManager(1180): getRunningAppProcesses: caller 10160 does not hold REAL_GET_TASKS; limiting output
11-24 10:39:39.185: I/zhanhuailong(4440): draw----getHeight:673---mCellHeight:127.4,mDisplayRowCount:5mCalendarSwitchView:com.android.calendar.mycalendar.CalendarSwitchView{2e72037 V.E...... ........ 0,0-1056,849 #7f120194 app:id/frame}
11-24 10:39:39.245: W/OpenGLRenderer(4440): Incorrectly called buildLayer on View: ShortcutAndWidgetContainer, destroying layer...
11-24 10:39:39.245: W/OpenGLRenderer(4440): Incorrectly called buildLayer on View: ShortcutAndWidgetContainer, destroying layer...
11-24 10:39:39.275: E/cy===(30784): debug==true
11-24 10:39:39.315: D/rest_phone_manager(30784): 
11-24 10:39:39.315: D/rest_phone_manager(30784):  Thread: main
11-24 10:39:39.315: D/rest_phone_manager(30784): 
11-24 10:39:39.315: D/rest_phone_manager(30784):  Injector.inject  (Injector.java:58)
11-24 10:39:39.315: D/rest_phone_manager(30784):     Method.invoke  (Method.java:-2)
11-24 10:39:39.315: D/rest_phone_manager(30784):        InjectorImpl.inject  (InjectorImpl.java:259)
11-24 10:39:39.315: D/rest_phone_manager(30784):           LogUtils.d  (LogUtils.java:23)
11-24 10:39:39.315: D/rest_phone_manager(30784):              Logger.d  (Logger.java:89)
11-24 10:39:39.315: D/rest_phone_manager(30784): 
11-24 10:39:39.315: D/rest_phone_manager(30784):  class zmsoft.rest.supply.ui.QuickApplication  QuickModule 
11-24 10:39:39.315: D/rest_phone_manager(30784): 
11-24 10:39:39.315: D/rest_phone_manager(30784): 
11-24 10:39:39.315: D/rest_phone_manager(30784):  Thread: main
11-24 10:39:39.315: D/rest_phone_manager(30784): 
11-24 10:39:39.315: D/rest_phone_manager(30784):  Injector.inject  (Injector.java:58)
11-24 10:39:39.315: D/rest_phone_manager(30784):     Method.invoke  (Method.java:-2)
11-24 10:39:39.315: D/rest_phone_manager(30784):        InjectorImpl.inject  (InjectorImpl.java:259)
11-24 10:39:39.315: D/rest_phone_manager(30784):           LogUtils.d  (LogUtils.java:23)
11-24 10:39:39.315: D/rest_phone_manager(30784):              Logger.d  (Logger.java:89)
11-24 10:39:39.315: D/rest_phone_manager(30784): 
11-24 10:39:39.315: D/rest_phone_manager(30784):  class zmsoft.rest.supply.ui.QuickApplication  QuickModule 
11-24 10:39:39.315: D/rest_phone_manager(30784): 
11-24 10:39:39.355: D/ACRA(30784): ACRA is enabled for zmsoft.rest.supply, intializing...
11-24 10:39:39.375: D/ACRA(30784): Looking for error files in /data/user/0/zmsoft.rest.supply/files
11-24 10:39:39.375: D/rest_phone_manager(30784): 
11-24 10:39:39.375: D/rest_phone_manager(30784):  Thread: main
11-24 10:39:39.375: D/rest_phone_manager(30784): 
11-24 10:39:39.375: D/rest_phone_manager(30784):  Injector.inject  (Injector.java:58)
11-24 10:39:39.375: D/rest_phone_manager(30784):     Method.invoke  (Method.java:-2)
11-24 10:39:39.375: D/rest_phone_manager(30784):        InjectorImpl.inject  (InjectorImpl.java:259)
11-24 10:39:39.375: D/rest_phone_manager(30784):           LogUtils.d  (LogUtils.java:23)
11-24 10:39:39.375: D/rest_phone_manager(30784):              Logger.d  (Logger.java:89)
11-24 10:39:39.375: D/rest_phone_manager(30784): 
11-24 10:39:39.375: D/rest_phone_manager(30784):  class com.zmsoft.handler.RestCrashHandler  QuickModule 
11-24 10:39:39.375: D/rest_phone_manager(30784): 
11-24 10:39:39.405: W/ActivityManager(1180): getRunningAppProcesses: caller 10264 does not hold REAL_GET_TASKS; limiting output
11-24 10:39:39.435: W/JPush(30784): [AndroidUtil] AndroidManifest.xml missing required service: cn.jpush.android.service.DaemonService
11-24 10:39:39.445: D/HwActivityManagerService(1180): handleANRFilterFIFO,uid = 10264cmd = 0
11-24 10:39:39.445: D/HwActivityManagerService(1180): handleANRFilterFIFO,uid = 10264cmd = 1
11-24 10:39:39.445: D/HwActivityManagerService(1180): handleANRFilterFIFO,uid = 10264cmd = 0
11-24 10:39:39.455: D/HwActivityManagerService(1180): handleANRFilterFIFO,uid = 10264cmd = 1
11-24 10:39:39.455: D/HwActivityManagerService(1180): handleANRFilterFIFO,uid = 10264cmd = 0
11-24 10:39:39.465: D/HwActivityManagerService(1180): handleANRFilterFIFO,uid = 10264cmd = 1
11-24 10:39:39.465: I/appproc(30814): CLASSPATH=/system/framework/pm.jar
11-24 10:39:39.465: I/appproc(30814): Command=app_process /system/bin com.android.commands.pm.Pm clear zmsoft.rest.supply 
11-24 10:39:39.465: D/AndroidRuntime(30814): >>>>>> START com.android.internal.os.RuntimeInit uid 2000 <<<<<<
11-24 10:39:39.465: D/HwActivityManagerService(1180): handleANRFilterFIFO,uid = 10264cmd = 0
11-24 10:39:39.465: D/AndroidRuntime(30814): CheckJNI is OFF
11-24 10:39:39.465: I/AndroidRuntime(30814): readDownloadBoosterConfig: 'false'
11-24 10:39:39.465: D/HwActivityManagerService(1180): handleANRFilterFIFO,uid = 10264cmd = 1
11-24 10:39:39.475: W/JPush(30784): [AndroidUtil] You should make main activity extends InstrumentedActivity (JPush), otherwise you will not see user click and user active time start on report in Portal. 
11-24 10:39:39.485: I/System.out(30784): [cat, /sys/class/net/wlan0/address]
11-24 10:39:39.485: I/System.out(30784): null
11-24 10:39:39.485: I/System.out(30784): null
11-24 10:39:39.485: I/System.out(30784): Calling by::className:cn.jpush.android.util.a  MethodName:g
11-24 10:39:39.515: D/ICU(30814): No timezone override file found: /data/misc/zoneinfo/current/icu/icu_tzdata.dat
11-24 10:39:39.515: I/HwCust(30784): Constructor found for class android.app.HwCustAlarmManagerImpl
11-24 10:39:39.515: D/HwCust(30784): Create obj success use class android.app.HwCustAlarmManagerImpl
11-24 10:39:39.525: D/rest_phone_manager(30784): 
11-24 10:39:39.525: D/rest_phone_manager(30784):  Thread: main
11-24 10:39:39.525: D/rest_phone_manager(30784): 
11-24 10:39:39.525: D/rest_phone_manager(30784):  Injector.inject  (Injector.java:58)
11-24 10:39:39.525: D/rest_phone_manager(30784):     Method.invoke  (Method.java:-2)
11-24 10:39:39.525: D/rest_phone_manager(30784):        InjectorImpl.inject  (InjectorImpl.java:259)
11-24 10:39:39.525: D/rest_phone_manager(30784):           LogUtils.d  (LogUtils.java:23)
11-24 10:39:39.525: D/rest_phone_manager(30784):              Logger.d  (Logger.java:89)
11-24 10:39:39.525: D/rest_phone_manager(30784): 
11-24 10:39:39.525: D/rest_phone_manager(30784):  class com.zmsoft.rest.commonview.service.CustomerTipService  QuickModule 
11-24 10:39:39.525: D/rest_phone_manager(30784): 
11-24 10:39:39.525: D/rest_phone_manager(30784): 
11-24 10:39:39.525: D/rest_phone_manager(30784):  Thread: main
11-24 10:39:39.525: D/rest_phone_manager(30784): 
11-24 10:39:39.525: D/rest_phone_manager(30784):  Injector.inject  (Injector.java:58)
11-24 10:39:39.525: D/rest_phone_manager(30784):     Method.invoke  (Method.java:-2)
11-24 10:39:39.535: D/rest_phone_manager(30784):        InjectorImpl.inject  (InjectorImpl.java:259)
11-24 10:39:39.535: D/rest_phone_manager(30784):           LogUtils.d  (LogUtils.java:23)
11-24 10:39:39.535: D/rest_phone_manager(30784):              Logger.d  (Logger.java:89)
11-24 10:39:39.535: D/rest_phone_manager(30784): 
11-24 10:39:39.535: D/rest_phone_manager(30784):  class zmsoft.share.service.errservice.ErrNetWorkService  QuickModule 
11-24 10:39:39.535: D/rest_phone_manager(30784): 
11-24 10:39:39.535: I/HWSERVICES(30814): hwnative_get_component_register:libdrmbitmap,JNI
11-24 10:39:39.545: I/(30814): power log dlsym ok
11-24 10:39:39.555: I/Radio-JNI(30814): register_android_hardware_Radio DONE
11-24 10:39:39.565: I/android_hardware_fm.cpp(30814): register_android_hardware_fm_fmradio
11-24 10:39:39.565: I/android_hardware_fm.cpp(30814): ========64bit long size = 8
11-24 10:39:39.565: I/android_hardware_fm.cpp(30814): FM: get chip type = Qualcomm
11-24 10:39:39.565: E/android_hardware_fm.cpp(30814): FM get module error!
11-24 10:39:39.565: E/android_hardware_fm.cpp(30814): HAL init fails
11-24 10:39:39.565: I/android_hardware_fm.cpp(30814): register_android_hardware_fm_fmradio, ret is 0
11-24 10:39:39.585: D/AndroidRuntime(30814): Calling main entry com.android.commands.pm.Pm
11-24 10:39:39.595: I/PgedBinderListener(3101): kstate callback type:8 value1=30784 value2=KILLED
11-24 10:39:39.595: I/ActivityManager(1180): Force stopping zmsoft.rest.supply appid=10264 user=0: clear data
11-24 10:39:39.595: I/ActivityManager(1180): Killing 30784:zmsoft.rest.supply/u0a264 (adj 5): stop zmsoft.rest.supplyclear data
11-24 10:39:39.775: D/WifiHW(1180): wifi_send_command: cmd:'IFNAME=wlan0 SIGNAL_POLL'
11-24 10:39:39.775: D/wpa_supplicant(24057): wlan0: Control interface command 'SIGNAL_POLL'
11-24 10:39:39.775: E/wpa_supplicant(24057): RSSI=-61;LINKSPEED=65;NOISE=9999;FREQUENCY=2437;
11-24 10:39:39.775: D/wpa_supplicant(24057): CTRL-DEBUG: global_ctrl_sock-sendto: sock=16 sndbuf=212992 outq=0 send_len=48
11-24 10:39:39.775: E/WifiConfigStore(1180): updateConfiguration freq=2437 BSSID=00:06:f4:c7:1f:41 RSSI=-60 "3.2dfire"WPA_PSK
11-24 10:39:39.785: D/ThermalStateManager(3101): Thermal type: 0 cur_temperature:31
11-24 10:39:39.785: D/WifiService(1180): Client connection lost with reason: 4
11-24 10:39:39.785: W/ActivityManager(1180): Scheduling restart of crashed service zmsoft.rest.supply/com.zmsoft.rest.commonview.service.CustomerTipService in 1000ms
11-24 10:39:39.785: W/ActivityManager(1180): Scheduling restart of crashed service zmsoft.rest.supply/cn.jpush.android.service.PushService in 11000ms
11-24 10:39:39.785: W/ActivityManager(1180): Scheduling restart of crashed service zmsoft.rest.supply/zmsoft.share.service.errservice.ErrNetWorkService in 21000ms
11-24 10:39:39.795: I/ActivityManager(1180):   Force stopping service ServiceRecord{931a1fd u0 zmsoft.rest.supply/com.zmsoft.rest.commonview.service.CustomerTipService}
11-24 10:39:39.795: I/ActivityManager(1180):   Force stopping service ServiceRecord{294ce54 u0 zmsoft.rest.supply/cn.jpush.android.service.PushService}
11-24 10:39:39.795: I/ActivityManager(1180):   Force stopping service ServiceRecord{2b3ef2 u0 zmsoft.rest.supply/zmsoft.share.service.errservice.ErrNetWorkService}
11-24 10:39:39.805: E/HsmCoreServiceImpl(1180): onTransact in code is: 102
11-24 10:39:39.805: I/MediaProcessHandler(1180): processOp opType: 1, uid: 10264, pid: 30784
11-24 10:39:39.805: W/MediaProcessHandler(1180): remove target not exist, maybe the UI process: uid: 10264, pid: 30784
11-24 10:39:39.805: D/HwGpsPowerTracker(1180): LocalReceiver receives:android.intent.action.PACKAGE_RESTARTED
11-24 10:39:39.805: I/IntelligentScene(2057): mPackageReceiver, action= android.intent.action.PACKAGE_DATA_CLEARED
11-24 10:39:39.805: I/IntelligentScene(2057): packageName = zmsoft.rest.supply
11-24 10:39:39.805: D/HwGpsPowerTracker(1180): LocalReceiver receives:android.intent.action.PACKAGE_DATA_CLEARED
11-24 10:39:39.805: I/HwLauncher(4440): Model  onReceive intent=Intent { act=android.intent.action.PACKAGE_DATA_CLEARED dat=package:zmsoft.rest.supply flg=0x10 (has extras) }
11-24 10:39:39.805: I/HwLauncher(4440): Model  onReceive user=UserHandle{0}
11-24 10:39:39.805: I/HwLauncher(4440): Model  ACTION_PACKAGE_DATA_CLEARED pkg = zmsoft.rest.supply, op = 0
11-24 10:39:39.805: I/HwLauncher(4440): SimpleLauncherModedeleteBadgeItemFromDBByPkg packageName=zmsoft.rest.supply
11-24 10:39:39.805: D/HwLauncher(4440): Launcher.LauncherProvider  launcher-restore delete - delete:content://com.huawei.android.launcher.settings/badge
11-24 10:39:39.805: W/ActivityManager(1180): Spurious death for ProcessRecord{88dbb8d 0:zmsoft.rest.supply/u0a264}, curProc for 30784: null
11-24 10:39:39.805: I/HwCoreAppHelperService(1180): LocalReceiver receives:android.intent.action.PACKAGE_RESTARTED
11-24 10:39:39.805: I/HwCoreAppHelperService(1180): LocalReceiver receives:android.intent.action.PACKAGE_DATA_CLEARED
11-24 10:39:39.815: I/HwLauncher(4440): LauncherDownloadModel onReceive intent=Intent { act=android.intent.action.PACKAGE_DATA_CLEARED dat=package:zmsoft.rest.supply flg=0x10 (has extras) }
11-24 10:39:39.815: I/HwLauncher(4440): Launcher.LauncherProvider  only HwLauncher can use LauncherProvider's delete method to delete badge table item
11-24 10:39:39.815: W/HwLauncher(4440): SimpleLauncherModeNobody to tell about the new app.  Launcher is probably loading.
11-24 10:39:39.815: D/Documents(30121): Update found 8 roots in 2ms
11-24 10:39:39.815: D/HwIntelligent3_HwBirthdayEventReceiver(21794): HwBirthdayEventReceiver onReceive ,intent:Intent { act=android.intent.action.PACKAGE_DATA_CLEARED dat=package:zmsoft.rest.supply flg=0x10 cmp=com.huawei.intelligent/.thirdpart.contactservice.HwBirthdayEventReceiver (has extras) }
11-24 10:39:39.825: I/HwSystemManager(19605): ComBroadcastReceiver:ComBroadcastReceiver action = android.intent.action.PACKAGE_DATA_CLEARED
11-24 10:39:39.835: I/HwIntelligent3_BirthdayIntentService(21794): BirthdayIntentService package cleared
11-24 10:39:39.845: D/HwIntelligent3_BirthdayIntentService(21794): eventAction :class com.huawei.intelligent.main.receiver.BirthdayContactsEventAction
11-24 10:39:39.865: I/art(30814): System.exit called, status: 0
11-24 10:39:39.865: I/AndroidRuntime(30814): VM exiting with result code 0.
11-24 10:39:39.875: W/HwSystemManager(19605): HwAppPermissions:caculateValueWithGroup for pkg:zmsoft.rest.supply, group:android.permission-group.STORAGE but get no hsm permission object.
11-24 10:39:39.895: I/HwSystemManager(19605): HsmPackageManager:get all installed packages, flag:0, size:168
11-24 10:39:39.895: E/HwSystemManager(19605): PermissionDBAdapter:appcationsList size:168
11-24 10:39:40.495: I/appproc(30843): CLASSPATH=/system/framework/android.test.runner.jar:/system/framework/uiautomator.jar::/data/local/tmp/AppiumBootstrap.jar
11-24 10:39:40.495: I/appproc(30843): Command=app_process /system/bin com.android.commands.uiautomator.Launcher runtest -c io.appium.android.bootstrap.Bootstrap -e pkg zmsoft.rest.supply -e disableAndroidWatchers false -e acceptSslCerts false -e jars :/data/local/tmp/AppiumBootstrap.jar 
11-24 10:39:40.495: D/AndroidRuntime(30843): >>>>>> START com.android.internal.os.RuntimeInit uid 2000 <<<<<<
11-24 10:39:40.505: D/AndroidRuntime(30843): CheckJNI is OFF
11-24 10:39:40.505: I/AndroidRuntime(30843): readDownloadBoosterConfig: 'false'
11-24 10:39:40.545: D/ICU(30843): No timezone override file found: /data/local/tmp/misc/zoneinfo/current/icu/icu_tzdata.dat
11-24 10:39:40.565: W/System(30843): ClassLoader referenced unknown path: 
11-24 10:39:40.585: I/HWSERVICES(30843): hwnative_get_component_register:libdrmbitmap,JNI
11-24 10:39:40.595: I/(30843): power log dlsym ok
11-24 10:39:40.595: I/Radio-JNI(30843): register_android_hardware_Radio DONE
11-24 10:39:40.605: I/android_hardware_fm.cpp(30843): register_android_hardware_fm_fmradio
11-24 10:39:40.605: I/android_hardware_fm.cpp(30843): ========64bit long size = 8
11-24 10:39:40.605: I/android_hardware_fm.cpp(30843): FM: get chip type = Qualcomm
11-24 10:39:40.605: E/android_hardware_fm.cpp(30843): FM get module error!
11-24 10:39:40.605: E/android_hardware_fm.cpp(30843): HAL init fails
11-24 10:39:40.605: I/android_hardware_fm.cpp(30843): register_android_hardware_fm_fmradio, ret is 0
11-24 10:39:40.635: D/AndroidRuntime(30843): Calling main entry com.android.commands.uiautomator.Launcher
11-24 10:39:40.725: I/UiWatchers(30843): Registed GUI Exception watchers
11-24 10:39:40.725: I/System(30843): core_booster, getBoosterConfig = false
11-24 10:39:41.155: D/VM_BMS(476): wake_lock acquired
11-24 10:39:41.155: D/VM_BMS(476): New BMS data - Size=56
11-24 10:39:41.155: D/VM_BMS(476): Start process_bms_data
11-24 10:39:41.155: D/VM_BMS(476): For batt_temp=265 fcc_mah=3103
11-24 10:39:41.155: D/VM_BMS(476): For ocv=3993162 batt_temp=265 soc=71
11-24 10:39:41.155: D/VM_BMS(476): fifo_count=5 acc_count=0
11-24 10:39:41.155: D/VM_BMS(476): INIT: ocv=3993162 last_ocv=3993162 batt_temp=265 soc=71
11-24 10:39:41.155: D/VM_BMS(476): For soc=71 batt_temp=265 slope=9800
11-24 10:39:41.155: D/VM_BMS(476): For soc=71 batt_temp=265 rbatt_sf=112
11-24 10:39:41.155: D/VM_BMS(476): rbatt_mohm_default=141, rbatt_mohm=157, sf=112 batt_temp=265
11-24 10:39:41.155: D/VM_BMS(476): For ocv=3993489 batt_temp=265 soc=71
11-24 10:39:41.155: D/VM_BMS(476): FIFO=0 fifo_avg=4.058817 rbatt=0.157000 slope=0.980000 ibatt=-0.417140 ocv=3.993490 soc=71 fcc_ah=3.103000 sample_count=128 sample_interval=70 seq_num=12586
11-24 10:39:41.155: D/VM_BMS(476): For soc=71 batt_temp=265 slope=9800
11-24 10:39:41.155: D/VM_BMS(476): For soc=71 batt_temp=265 rbatt_sf=112
11-24 10:39:41.155: D/VM_BMS(476): rbatt_mohm_default=141, rbatt_mohm=157, sf=112 batt_temp=265
11-24 10:39:41.155: D/VM_BMS(476): For ocv=3993766 batt_temp=265 soc=71
11-24 10:39:41.155: D/VM_BMS(476): FIFO=1 fifo_avg=4.049103 rbatt=0.157000 slope=0.980000 ibatt=-0.353343 ocv=3.993767 soc=71 fcc_ah=3.103000 sample_count=128 sample_interval=70 seq_num=12586
11-24 10:39:41.155: D/VM_BMS(476): For soc=71 batt_temp=265 slope=9800
11-24 10:39:41.155: D/VM_BMS(476): For soc=71 batt_temp=265 rbatt_sf=112
11-24 10:39:41.155: D/VM_BMS(476): rbatt_mohm_default=141, rbatt_mohm=157, sf=112 batt_temp=265
11-24 10:39:41.155: D/VM_BMS(476): For ocv=3993973 batt_temp=265 soc=71
11-24 10:39:41.155: D/VM_BMS(476): FIFO=2 fifo_avg=4.035267 rbatt=0.157000 slope=0.980000 ibatt=-0.263676 ocv=3.993973 soc=71 fcc_ah=3.103000 sample_count=128 sample_interval=70 seq_num=12586
11-24 10:39:41.155: D/VM_BMS(476): For soc=71 batt_temp=265 slope=9800
11-24 10:39:41.155: D/VM_BMS(476): For soc=71 batt_temp=265 rbatt_sf=112
11-24 10:39:41.155: D/VM_BMS(476): rbatt_mohm_default=141, rbatt_mohm=157, sf=112 batt_temp=265
11-24 10:39:41.155: D/VM_BMS(476): For ocv=3994197 batt_temp=265 soc=71
11-24 10:39:41.155: D/VM_BMS(476): FIFO=3 fifo_avg=4.038798 rbatt=0.157000 slope=0.980000 ibatt=-0.284796 ocv=3.994197 soc=71 fcc_ah=3.103000 sample_count=128 sample_interval=70 seq_num=12586
11-24 10:39:41.155: D/VM_BMS(476): For soc=71 batt_temp=265 slope=9800
11-24 10:39:41.155: D/VM_BMS(476): For soc=71 batt_temp=265 rbatt_sf=112
11-24 10:39:41.155: D/VM_BMS(476): rbatt_mohm_default=141, rbatt_mohm=157, sf=112 batt_temp=265
11-24 10:39:41.155: D/VM_BMS(476): For ocv=3994297 batt_temp=265 soc=71
11-24 10:39:41.155: D/VM_BMS(476): FIFO=4 fifo_avg=4.014366 rbatt=0.157000 slope=0.980000 ibatt=-0.128146 ocv=3.994298 soc=71 fcc_ah=3.103000 sample_count=128 sample_interval=70 seq_num=12586
11-24 10:39:41.155: I/VM_BMS(476): power_supply_update: ocv_uv=3994297 ibatt=-128145 soc=71 seq_num=12586
11-24 10:39:41.155: D/VM_BMS(476): End process_bms_data
11-24 10:39:41.155: D/VM_BMS(476): wake_lock released
11-24 10:39:41.175: W/ResourceType(4440): No known package when getting name for resource number 0x9b000000
11-24 10:39:41.175: W/ResourceType(4440): No known package when getting name for resource number 0x9b010100
11-24 10:39:41.175: W/ResourceType(4440): No known package when getting name for resource number 0x9b020200
11-24 10:39:41.175: W/ResourceType(4440): No known package when getting name for resource number 0x9b030300
11-24 10:39:41.175: W/ResourceType(4440): No known package when getting name for resource number 0x9c030100
11-24 10:39:41.175: W/ResourceType(4440): No known package when getting name for resource number 0x9c030200
11-24 10:39:41.175: W/ResourceType(4440): No known package when getting name for resource number 0x9c030300
11-24 10:39:41.175: W/ResourceType(4440): No known package when getting name for resource number 0x9c030001
11-24 10:39:41.175: W/ResourceType(4440): No known package when getting name for resource number 0x9c030101
11-24 10:39:41.175: W/ResourceType(4440): No known package when getting name for resource number 0x9c030201
11-24 10:39:41.175: W/ResourceType(4440): No known package when getting name for resource number 0x9c020000
11-24 10:39:41.175: W/ResourceType(4440): No known package when getting name for resource number 0x9c020100
11-24 10:39:41.175: W/ResourceType(4440): No known package when getting name for resource number 0x9c020200
11-24 10:39:41.175: W/ResourceType(4440): No known package when getting name for resource number 0x9c020300
11-24 10:39:41.175: W/ResourceType(4440): No known package when getting name for resource number 0x9c020001
11-24 10:39:41.175: W/ResourceType(4440): No known package when getting name for resource number 0x9c020101
11-24 10:39:41.175: W/ResourceType(4440): No known package when getting name for resource number 0x9c020201
11-24 10:39:41.175: W/ResourceType(4440): No known package when getting name for resource number 0x9c020301
11-24 10:39:41.175: W/ResourceType(4440): No known package when getting name for resource number 0x9c020002
11-24 10:39:41.175: W/ResourceType(4440): No known package when getting name for resource number 0x9c020102
11-24 10:39:41.175: W/ResourceType(4440): No known package when getting name for resource number 0x9c020302
11-24 10:39:41.175: W/ResourceType(4440): No known package when getting name for resource number 0x9c020003
11-24 10:39:41.175: W/ResourceType(4440): No known package when getting name for resource number 0x9c020103
11-24 10:39:41.175: W/ResourceType(4440): No known package when getting name for resource number 0x9c020203
11-24 10:39:41.175: W/ResourceType(4440): No known package when getting name for resource number 0x9c020303
11-24 10:39:41.175: W/ResourceType(4440): No known package when getting name for resource number 0x9c020004
11-24 10:39:41.175: W/ResourceType(4440): No known package when getting name for resource number 0x9c020104
11-24 10:39:41.175: W/ResourceType(4440): No known package when getting name for resource number 0x9c020204
11-24 10:39:41.175: W/ResourceType(4440): No known package when getting name for resource number 0x9c020304
11-24 10:39:41.195: W/ResourceType(4440): No known package when getting name for resource number 0x9b000000
11-24 10:39:41.195: W/ResourceType(4440): No known package when getting name for resource number 0x9b010100
11-24 10:39:41.195: W/ResourceType(4440): No known package when getting name for resource number 0x9b020200
11-24 10:39:41.195: W/ResourceType(4440): No known package when getting name for resource number 0x9b030300
11-24 10:39:41.195: W/ResourceType(4440): No known package when getting name for resource number 0x9c030100
11-24 10:39:41.195: W/ResourceType(4440): No known package when getting name for resource number 0x9c030200
11-24 10:39:41.195: W/ResourceType(4440): No known package when getting name for resource number 0x9c030300
11-24 10:39:41.195: W/ResourceType(4440): No known package when getting name for resource number 0x9c030001
11-24 10:39:41.195: W/ResourceType(4440): No known package when getting name for resource number 0x9c030101
11-24 10:39:41.195: W/ResourceType(4440): No known package when getting name for resource number 0x9c030201
11-24 10:39:41.195: W/ResourceType(4440): No known package when getting name for resource number 0x9c020000
11-24 10:39:41.195: W/ResourceType(4440): No known package when getting name for resource number 0x9c020100
11-24 10:39:41.195: W/ResourceType(4440): No known package when getting name for resource number 0x9c020200
11-24 10:39:41.195: W/ResourceType(4440): No known package when getting name for resource number 0x9c020300
11-24 10:39:41.195: W/ResourceType(4440): No known package when getting name for resource number 0x9c020001
11-24 10:39:41.195: W/ResourceType(4440): No known package when getting name for resource number 0x9c020101
11-24 10:39:41.195: W/ResourceType(4440): No known package when getting name for resource number 0x9c020201
11-24 10:39:41.195: W/ResourceType(4440): No known package when getting name for resource number 0x9c020301
11-24 10:39:41.195: W/ResourceType(4440): No known package when getting name for resource number 0x9c020002
11-24 10:39:41.195: W/ResourceType(4440): No known package when getting name for resource number 0x9c020102
11-24 10:39:41.195: W/ResourceType(4440): No known package when getting name for resource number 0x9c020302
11-24 10:39:41.195: W/ResourceType(4440): No known package when getting name for resource number 0x9c020003
11-24 10:39:41.195: W/ResourceType(4440): No known package when getting name for resource number 0x9c020103
11-24 10:39:41.205: W/ResourceType(4440): No known package when getting name for resource number 0x9c020203
11-24 10:39:41.205: W/ResourceType(4440): No known package when getting name for resource number 0x9c020303
11-24 10:39:41.205: W/ResourceType(4440): No known package when getting name for resource number 0x9c020004
11-24 10:39:41.205: W/ResourceType(4440): No known package when getting name for resource number 0x9c020104
11-24 10:39:41.205: W/ResourceType(4440): No known package when getting name for resource number 0x9c020204
11-24 10:39:41.205: W/ResourceType(4440): No known package when getting name for resource number 0x9c020304
11-24 10:39:41.205: W/ResourceType(4440): No known package when getting name for resource number 0x9b000000
11-24 10:39:41.215: W/ResourceType(4440): No known package when getting name for resource number 0x9b010100
11-24 10:39:41.215: W/ResourceType(4440): No known package when getting name for resource number 0x9b020200
11-24 10:39:41.215: W/ResourceType(4440): No known package when getting name for resource number 0x9b030300
11-24 10:39:41.215: W/ResourceType(4440): No known package when getting name for resource number 0x9c030100
11-24 10:39:41.215: W/ResourceType(4440): No known package when getting name for resource number 0x9c030200
11-24 10:39:41.215: W/ResourceType(4440): No known package when getting name for resource number 0x9c030300
11-24 10:39:41.215: W/ResourceType(4440): No known package when getting name for resource number 0x9c030001
11-24 10:39:41.215: W/ResourceType(4440): No known package when getting name for resource number 0x9c030101
11-24 10:39:41.215: W/ResourceType(4440): No known package when getting name for resource number 0x9c030201
11-24 10:39:41.215: W/ResourceType(4440): No known package when getting name for resource number 0x9c020000
11-24 10:39:41.215: W/ResourceType(4440): No known package when getting name for resource number 0x9c020100
11-24 10:39:41.215: W/ResourceType(4440): No known package when getting name for resource number 0x9c020200
11-24 10:39:41.215: W/ResourceType(4440): No known package when getting name for resource number 0x9c020300
11-24 10:39:41.215: W/ResourceType(4440): No known package when getting name for resource number 0x9c020001
11-24 10:39:41.215: W/ResourceType(4440): No known package when getting name for resource number 0x9c020101
11-24 10:39:41.215: W/ResourceType(4440): No known package when getting name for resource number 0x9c020201
11-24 10:39:41.215: W/ResourceType(4440): No known package when getting name for resource number 0x9c020301
11-24 10:39:41.215: W/ResourceType(4440): No known package when getting name for resource number 0x9c020002
11-24 10:39:41.215: W/ResourceType(4440): No known package when getting name for resource number 0x9c020102
11-24 10:39:41.215: W/ResourceType(4440): No known package when getting name for resource number 0x9c020302
11-24 10:39:41.215: W/ResourceType(4440): No known package when getting name for resource number 0x9c020003
11-24 10:39:41.215: W/ResourceType(4440): No known package when getting name for resource number 0x9c020103
11-24 10:39:41.215: W/ResourceType(4440): No known package when getting name for resource number 0x9c020203
11-24 10:39:41.215: W/ResourceType(4440): No known package when getting name for resource number 0x9c020303
11-24 10:39:41.215: W/ResourceType(4440): No known package when getting name for resource number 0x9c020004
11-24 10:39:41.215: W/ResourceType(4440): No known package when getting name for resource number 0x9c020104
11-24 10:39:41.215: W/ResourceType(4440): No known package when getting name for resource number 0x9c020204
11-24 10:39:41.215: W/ResourceType(4440): No known package when getting name for resource number 0x9c020304
11-24 10:39:41.225: W/ResourceType(4440): No known package when getting name for resource number 0x9b000000
11-24 10:39:41.225: W/ResourceType(4440): No known package when getting name for resource number 0x9b010100
11-24 10:39:41.225: W/ResourceType(4440): No known package when getting name for resource number 0x9b020200
11-24 10:39:41.225: W/ResourceType(4440): No known package when getting name for resource number 0x9b030300
11-24 10:39:41.225: W/ResourceType(4440): No known package when getting name for resource number 0x9c030100
11-24 10:39:41.225: W/ResourceType(4440): No known package when getting name for resource number 0x9c030200
11-24 10:39:41.225: W/ResourceType(4440): No known package when getting name for resource number 0x9c030300
11-24 10:39:41.225: W/ResourceType(4440): No known package when getting name for resource number 0x9c030001
11-24 10:39:41.225: W/ResourceType(4440): No known package when getting name for resource number 0x9c030101
11-24 10:39:41.225: W/ResourceType(4440): No known package when getting name for resource number 0x9c030201
11-24 10:39:41.235: W/ResourceType(4440): No known package when getting name for resource number 0x9c020000
11-24 10:39:41.235: W/ResourceType(4440): No known package when getting name for resource number 0x9c020100
11-24 10:39:41.235: W/ResourceType(4440): No known package when getting name for resource number 0x9c020200
11-24 10:39:41.235: W/ResourceType(4440): No known package when getting name for resource number 0x9c020300
11-24 10:39:41.235: W/ResourceType(4440): No known package when getting name for resource number 0x9c020001
11-24 10:39:41.235: W/ResourceType(4440): No known package when getting name for resource number 0x9c020101
11-24 10:39:41.235: W/ResourceType(4440): No known package when getting name for resource number 0x9c020201
11-24 10:39:41.235: W/ResourceType(4440): No known package when getting name for resource number 0x9c020301
11-24 10:39:41.235: W/ResourceType(4440): No known package when getting name for resource number 0x9c020002
11-24 10:39:41.235: W/ResourceType(4440): No known package when getting name for resource number 0x9c020102
11-24 10:39:41.235: W/ResourceType(4440): No known package when getting name for resource number 0x9c020302
11-24 10:39:41.235: W/ResourceType(4440): No known package when getting name for resource number 0x9c020003
11-24 10:39:41.235: W/ResourceType(4440): No known package when getting name for resource number 0x9c020103
11-24 10:39:41.235: W/ResourceType(4440): No known package when getting name for resource number 0x9c020203
11-24 10:39:41.235: W/ResourceType(4440): No known package when getting name for resource number 0x9c020303
11-24 10:39:41.235: W/ResourceType(4440): No known package when getting name for resource number 0x9c020004
11-24 10:39:41.235: W/ResourceType(4440): No known package when getting name for resource number 0x9c020104
11-24 10:39:41.235: W/ResourceType(4440): No known package when getting name for resource number 0x9c020204
11-24 10:39:41.235: W/ResourceType(4440): No known package when getting name for resource number 0x9c020304
11-24 10:39:41.245: W/ResourceType(4440): No known package when getting name for resource number 0x9b000000
11-24 10:39:41.245: W/ResourceType(4440): No known package when getting name for resource number 0x9b010100
11-24 10:39:41.245: W/ResourceType(4440): No known package when getting name for resource number 0x9b020200
11-24 10:39:41.245: W/ResourceType(4440): No known package when getting name for resource number 0x9b030300
11-24 10:39:41.245: W/ResourceType(4440): No known package when getting name for resource number 0x9c030100
11-24 10:39:41.245: W/ResourceType(4440): No known package when getting name for resource number 0x9c030200
11-24 10:39:41.245: W/ResourceType(4440): No known package when getting name for resource number 0x9c030300
11-24 10:39:41.245: W/ResourceType(4440): No known package when getting name for resource number 0x9c030001
11-24 10:39:41.245: W/ResourceType(4440): No known package when getting name for resource number 0x9c030101
11-24 10:39:41.245: W/ResourceType(4440): No known package when getting name for resource number 0x9c030201
11-24 10:39:41.245: W/ResourceType(4440): No known package when getting name for resource number 0x9c020000
11-24 10:39:41.245: W/ResourceType(4440): No known package when getting name for resource number 0x9c020100
11-24 10:39:41.245: W/ResourceType(4440): No known package when getting name for resource number 0x9c020200
11-24 10:39:41.245: W/ResourceType(4440): No known package when getting name for resource number 0x9c020300
11-24 10:39:41.245: W/ResourceType(4440): No known package when getting name for resource number 0x9c020001
11-24 10:39:41.245: W/ResourceType(4440): No known package when getting name for resource number 0x9c020101
11-24 10:39:41.245: W/ResourceType(4440): No known package when getting name for resource number 0x9c020201
11-24 10:39:41.245: W/ResourceType(4440): No known package when getting name for resource number 0x9c020301
11-24 10:39:41.255: W/ResourceType(4440): No known package when getting name for resource number 0x9c020002
11-24 10:39:41.255: W/ResourceType(4440): No known package when getting name for resource number 0x9c020102
11-24 10:39:41.255: W/ResourceType(4440): No known package when getting name for resource number 0x9c020302
11-24 10:39:41.255: W/ResourceType(4440): No known package when getting name for resource number 0x9c020003
11-24 10:39:41.255: W/ResourceType(4440): No known package when getting name for resource number 0x9c020103
11-24 10:39:41.255: W/ResourceType(4440): No known package when getting name for resource number 0x9c020203
11-24 10:39:41.255: W/ResourceType(4440): No known package when getting name for resource number 0x9c020303
11-24 10:39:41.255: W/ResourceType(4440): No known package when getting name for resource number 0x9c020004
11-24 10:39:41.255: W/ResourceType(4440): No known package when getting name for resource number 0x9c020104
11-24 10:39:41.255: W/ResourceType(4440): No known package when getting name for resource number 0x9c020204
11-24 10:39:41.255: W/ResourceType(4440): No known package when getting name for resource number 0x9c020304
11-24 10:39:41.265: W/ResourceType(4440): No known package when getting name for resource number 0x9b000000
11-24 10:39:41.265: W/ResourceType(4440): No known package when getting name for resource number 0x9b010100
11-24 10:39:41.265: W/ResourceType(4440): No known package when getting name for resource number 0x9b020200
11-24 10:39:41.265: W/ResourceType(4440): No known package when getting name for resource number 0x9b030300
11-24 10:39:41.265: W/ResourceType(4440): No known package when getting name for resource number 0x9c030100
11-24 10:39:41.265: W/ResourceType(4440): No known package when getting name for resource number 0x9c030200
11-24 10:39:41.265: W/ResourceType(4440): No known package when getting name for resource number 0x9c030300
11-24 10:39:41.265: W/ResourceType(4440): No known package when getting name for resource number 0x9c030001
11-24 10:39:41.265: W/ResourceType(4440): No known package when getting name for resource number 0x9c030101
11-24 10:39:41.265: W/ResourceType(4440): No known package when getting name for resource number 0x9c030201
11-24 10:39:41.265: W/ResourceType(4440): No known package when getting name for resource number 0x9c020000
11-24 10:39:41.265: W/ResourceType(4440): No known package when getting name for resource number 0x9c020100
11-24 10:39:41.265: W/ResourceType(4440): No known package when getting name for resource number 0x9c020200
11-24 10:39:41.265: W/ResourceType(4440): No known package when getting name for resource number 0x9c020300
11-24 10:39:41.265: W/ResourceType(4440): No known package when getting name for resource number 0x9c020001
11-24 10:39:41.265: W/ResourceType(4440): No known package when getting name for resource number 0x9c020101
11-24 10:39:41.265: W/ResourceType(4440): No known package when getting name for resource number 0x9c020201
11-24 10:39:41.265: W/ResourceType(4440): No known package when getting name for resource number 0x9c020301
11-24 10:39:41.265: W/ResourceType(4440): No known package when getting name for resource number 0x9c020002
11-24 10:39:41.265: W/ResourceType(4440): No known package when getting name for resource number 0x9c020102
11-24 10:39:41.265: W/ResourceType(4440): No known package when getting name for resource number 0x9c020302
11-24 10:39:41.265: W/ResourceType(4440): No known package when getting name for resource number 0x9c020003
11-24 10:39:41.265: W/ResourceType(4440): No known package when getting name for resource number 0x9c020103
11-24 10:39:41.265: W/ResourceType(4440): No known package when getting name for resource number 0x9c020203
11-24 10:39:41.265: W/ResourceType(4440): No known package when getting name for resource number 0x9c020303
11-24 10:39:41.265: W/ResourceType(4440): No known package when getting name for resource number 0x9c020004
11-24 10:39:41.265: W/ResourceType(4440): No known package when getting name for resource number 0x9c020104
11-24 10:39:41.275: W/ResourceType(4440): No known package when getting name for resource number 0x9c020204
11-24 10:39:41.275: W/ResourceType(4440): No known package when getting name for resource number 0x9c020304
11-24 10:39:41.275: W/ResourceType(4440): No known package when getting name for resource number 0x9b000000
11-24 10:39:41.285: W/ResourceType(4440): No known package when getting name for resource number 0x9b010100
11-24 10:39:41.285: W/ResourceType(4440): No known package when getting name for resource number 0x9b020200
11-24 10:39:41.285: W/ResourceType(4440): No known package when getting name for resource number 0x9b030300
11-24 10:39:41.285: W/ResourceType(4440): No known package when getting name for resource number 0x9c030100
11-24 10:39:41.285: W/ResourceType(4440): No known package when getting name for resource number 0x9c030200
11-24 10:39:41.285: W/ResourceType(4440): No known package when getting name for resource number 0x9c030300
11-24 10:39:41.285: W/ResourceType(4440): No known package when getting name for resource number 0x9c030001
11-24 10:39:41.285: W/ResourceType(4440): No known package when getting name for resource number 0x9c030101
11-24 10:39:41.285: W/ResourceType(4440): No known package when getting name for resource number 0x9c030201
11-24 10:39:41.285: W/ResourceType(4440): No known package when getting name for resource number 0x9c020000
11-24 10:39:41.285: W/ResourceType(4440): No known package when getting name for resource number 0x9c020100
11-24 10:39:41.285: W/ResourceType(4440): No known package when getting name for resource number 0x9c020200
11-24 10:39:41.285: W/ResourceType(4440): No known package when getting name for resource number 0x9c020300
11-24 10:39:41.285: W/ResourceType(4440): No known package when getting name for resource number 0x9c020001
11-24 10:39:41.285: W/ResourceType(4440): No known package when getting name for resource number 0x9c020101
11-24 10:39:41.285: W/ResourceType(4440): No known package when getting name for resource number 0x9c020201
11-24 10:39:41.285: W/ResourceType(4440): No known package when getting name for resource number 0x9c020301
11-24 10:39:41.285: W/ResourceType(4440): No known package when getting name for resource number 0x9c020002
11-24 10:39:41.285: W/ResourceType(4440): No known package when getting name for resource number 0x9c020102
11-24 10:39:41.285: W/ResourceType(4440): No known package when getting name for resource number 0x9c020302
11-24 10:39:41.285: W/ResourceType(4440): No known package when getting name for resource number 0x9c020003
11-24 10:39:41.285: W/ResourceType(4440): No known package when getting name for resource number 0x9c020103
11-24 10:39:41.285: W/ResourceType(4440): No known package when getting name for resource number 0x9c020203
11-24 10:39:41.285: W/ResourceType(4440): No known package when getting name for resource number 0x9c020303
11-24 10:39:41.285: W/ResourceType(4440): No known package when getting name for resource number 0x9c020004
11-24 10:39:41.285: W/ResourceType(4440): No known package when getting name for resource number 0x9c020104
11-24 10:39:41.285: W/ResourceType(4440): No known package when getting name for resource number 0x9c020204
11-24 10:39:41.285: W/ResourceType(4440): No known package when getting name for resource number 0x9c020304
11-24 10:39:41.295: W/ResourceType(4440): No known package when getting name for resource number 0x9b000000
11-24 10:39:41.295: W/ResourceType(4440): No known package when getting name for resource number 0x9b010100
11-24 10:39:41.295: W/ResourceType(4440): No known package when getting name for resource number 0x9b020200
11-24 10:39:41.295: W/ResourceType(4440): No known package when getting name for resource number 0x9b030300
11-24 10:39:41.295: W/ResourceType(4440): No known package when getting name for resource number 0x9c030100
11-24 10:39:41.295: W/ResourceType(4440): No known package when getting name for resource number 0x9c030200
11-24 10:39:41.295: W/ResourceType(4440): No known package when getting name for resource number 0x9c030300
11-24 10:39:41.295: W/ResourceType(4440): No known package when getting name for resource number 0x9c030001
11-24 10:39:41.295: W/ResourceType(4440): No known package when getting name for resource number 0x9c030101
11-24 10:39:41.295: W/ResourceType(4440): No known package when getting name for resource number 0x9c030201
11-24 10:39:41.295: W/ResourceType(4440): No known package when getting name for resource number 0x9c020000
11-24 10:39:41.295: W/ResourceType(4440): No known package when getting name for resource number 0x9c020100
11-24 10:39:41.295: W/ResourceType(4440): No known package when getting name for resource number 0x9c020200
11-24 10:39:41.295: W/ResourceType(4440): No known package when getting name for resource number 0x9c020300
11-24 10:39:41.295: W/ResourceType(4440): No known package when getting name for resource number 0x9c020001
11-24 10:39:41.295: W/ResourceType(4440): No known package when getting name for resource number 0x9c020101
11-24 10:39:41.295: W/ResourceType(4440): No known package when getting name for resource number 0x9c020201
11-24 10:39:41.295: W/ResourceType(4440): No known package when getting name for resource number 0x9c020301
11-24 10:39:41.295: W/ResourceType(4440): No known package when getting name for resource number 0x9c020002
11-24 10:39:41.295: W/ResourceType(4440): No known package when getting name for resource number 0x9c020102
11-24 10:39:41.295: W/ResourceType(4440): No known package when getting name for resource number 0x9c020302
11-24 10:39:41.295: W/ResourceType(4440): No known package when getting name for resource number 0x9c020003
11-24 10:39:41.305: W/ResourceType(4440): No known package when getting name for resource number 0x9c020103
11-24 10:39:41.305: W/ResourceType(4440): No known package when getting name for resource number 0x9c020203
